Archive member included because of file (symbol)

c:/winavr-20100110/bin/../lib/gcc/avr/4.3.3/avr5\libgcc.a(_exit.o)
                              c:/winavr-20100110/bin/../lib/gcc/avr/4.3.3/../../../../avr/lib/avr5/crtm32.o (exit)
c:/winavr-20100110/bin/../lib/gcc/avr/4.3.3/avr5\libgcc.a(_copy_data.o)
                              ./heap_2.o (__do_copy_data)
c:/winavr-20100110/bin/../lib/gcc/avr/4.3.3/avr5\libgcc.a(_clear_bss.o)
                              ./heap_2.o (__do_clear_bss)
c:/winavr-20100110/bin/../lib/gcc/avr/4.3.3/../../../../avr/lib/avr5\libc.a(memcpy.o)
                              ./queue.o (memcpy)

Allocating common symbols
Common symbol       size              file

xQueueRegistry      0x20              ./queue.o
my_sem              0x2               ./semaphore.o

Memory Configuration

Name             Origin             Length             Attributes
text             0x00000000         0x00020000         xr
data             0x00800060         0x0000ffa0         rw !x
eeprom           0x00810000         0x00010000         rw !x
fuse             0x00820000         0x00000400         rw !x
lock             0x00830000         0x00000400         rw !x
signature        0x00840000         0x00000400         rw !x
*default*        0x00000000         0xffffffff

Linker script and memory map

LOAD c:/winavr-20100110/bin/../lib/gcc/avr/4.3.3/../../../../avr/lib/avr5/crtm32.o
LOAD ./DIO.o
LOAD ./event_groups.o
LOAD ./heap_2.o
LOAD ./list.o
LOAD ./port.o
LOAD ./queue.o
LOAD ./semaphore.o
LOAD ./tasks.o
LOAD c:/winavr-20100110/bin/../lib/gcc/avr/4.3.3/avr5\libgcc.a
LOAD c:/winavr-20100110/bin/../lib/gcc/avr/4.3.3/../../../../avr/lib/avr5\libc.a
LOAD c:/winavr-20100110/bin/../lib/gcc/avr/4.3.3/avr5\libgcc.a

.hash
 *(.hash)

.dynsym
 *(.dynsym)

.dynstr
 *(.dynstr)

.gnu.version
 *(.gnu.version)

.gnu.version_d
 *(.gnu.version_d)

.gnu.version_r
 *(.gnu.version_r)

.rel.init
 *(.rel.init)

.rela.init
 *(.rela.init)

.rel.text
 *(.rel.text)
 *(.rel.text.*)
 *(.rel.gnu.linkonce.t*)

.rela.text
 *(.rela.text)
 *(.rela.text.*)
 *(.rela.gnu.linkonce.t*)

.rel.fini
 *(.rel.fini)

.rela.fini
 *(.rela.fini)

.rel.rodata
 *(.rel.rodata)
 *(.rel.rodata.*)
 *(.rel.gnu.linkonce.r*)

.rela.rodata
 *(.rela.rodata)
 *(.rela.rodata.*)
 *(.rela.gnu.linkonce.r*)

.rel.data
 *(.rel.data)
 *(.rel.data.*)
 *(.rel.gnu.linkonce.d*)

.rela.data
 *(.rela.data)
 *(.rela.data.*)
 *(.rela.gnu.linkonce.d*)

.rel.ctors
 *(.rel.ctors)

.rela.ctors
 *(.rela.ctors)

.rel.dtors
 *(.rel.dtors)

.rela.dtors
 *(.rela.dtors)

.rel.got
 *(.rel.got)

.rela.got
 *(.rela.got)

.rel.bss
 *(.rel.bss)

.rela.bss
 *(.rela.bss)

.rel.plt
 *(.rel.plt)

.rela.plt
 *(.rela.plt)

.text           0x00000000     0x27a6
 *(.vectors)
 .vectors       0x00000000       0x54 c:/winavr-20100110/bin/../lib/gcc/avr/4.3.3/../../../../avr/lib/avr5/crtm32.o
                0x00000000                __vectors
                0x00000000                __vector_default
 *(.vectors)
 *(.progmem.gcc*)
 *(.progmem*)
                0x00000054                . = ALIGN (0x2)
                0x00000054                __trampolines_start = .
 *(.trampolines)
 .trampolines   0x00000054        0x0 linker stubs
 *(.trampolines*)
                0x00000054                __trampolines_end = .
 *(.jumptables)
 *(.jumptables*)
 *(.lowtext)
 *(.lowtext*)
                0x00000054                __ctors_start = .
 *(.ctors)
                0x00000054                __ctors_end = .
                0x00000054                __dtors_start = .
 *(.dtors)
                0x00000054                __dtors_end = .
 SORT(*)(.ctors)
 SORT(*)(.dtors)
 *(.init0)
 .init0         0x00000054        0x0 c:/winavr-20100110/bin/../lib/gcc/avr/4.3.3/../../../../avr/lib/avr5/crtm32.o
                0x00000054                __init
 *(.init0)
 *(.init1)
 *(.init1)
 *(.init2)
 .init2         0x00000054        0xc c:/winavr-20100110/bin/../lib/gcc/avr/4.3.3/../../../../avr/lib/avr5/crtm32.o
 *(.init2)
 *(.init3)
 *(.init3)
 *(.init4)
 .init4         0x00000060       0x16 c:/winavr-20100110/bin/../lib/gcc/avr/4.3.3/avr5\libgcc.a(_copy_data.o)
                0x00000060                __do_copy_data
 .init4         0x00000076       0x10 c:/winavr-20100110/bin/../lib/gcc/avr/4.3.3/avr5\libgcc.a(_clear_bss.o)
                0x00000076                __do_clear_bss
 *(.init4)
 *(.init5)
 *(.init5)
 *(.init6)
 *(.init6)
 *(.init7)
 *(.init7)
 *(.init8)
 *(.init8)
 *(.init9)
 .init9         0x00000086        0x8 c:/winavr-20100110/bin/../lib/gcc/avr/4.3.3/../../../../avr/lib/avr5/crtm32.o
 *(.init9)
 *(.text)
 .text          0x0000008e        0x4 c:/winavr-20100110/bin/../lib/gcc/avr/4.3.3/../../../../avr/lib/avr5/crtm32.o
                0x0000008e                __vector_12
                0x0000008e                __bad_interrupt
                0x0000008e                __vector_6
                0x0000008e                __vector_3
                0x0000008e                __vector_11
                0x0000008e                __vector_13
                0x0000008e                __vector_17
                0x0000008e                __vector_19
                0x0000008e                __vector_5
                0x0000008e                __vector_4
                0x0000008e                __vector_9
                0x0000008e                __vector_2
                0x0000008e                __vector_15
                0x0000008e                __vector_8
                0x0000008e                __vector_14
                0x0000008e                __vector_10
                0x0000008e                __vector_16
                0x0000008e                __vector_18
                0x0000008e                __vector_20
 .text          0x00000092        0x0 ./DIO.o
 .text          0x00000092        0x0 ./event_groups.o
 .text          0x00000092        0x0 ./heap_2.o
 .text          0x00000092        0x0 ./list.o
 .text          0x00000092        0x0 ./port.o
 .text          0x00000092        0x0 ./queue.o
 .text          0x00000092        0x0 ./semaphore.o
 .text          0x00000092        0x0 ./tasks.o
 .text          0x00000092        0x0 c:/winavr-20100110/bin/../lib/gcc/avr/4.3.3/avr5\libgcc.a(_exit.o)
 .text          0x00000092        0x0 c:/winavr-20100110/bin/../lib/gcc/avr/4.3.3/avr5\libgcc.a(_copy_data.o)
 .text          0x00000092        0x0 c:/winavr-20100110/bin/../lib/gcc/avr/4.3.3/avr5\libgcc.a(_clear_bss.o)
 .text          0x00000092        0x0 c:/winavr-20100110/bin/../lib/gcc/avr/4.3.3/../../../../avr/lib/avr5\libc.a(memcpy.o)
                0x00000092                . = ALIGN (0x2)
 *(.text.*)
 .text.DIO_vsetPINDir
                0x00000092       0xe4 ./DIO.o
                0x00000092                DIO_vsetPINDir
 .text.DIO_write
                0x00000176       0xe4 ./DIO.o
                0x00000176                DIO_write
 .text.DIO_u8read
                0x0000025a       0x68 ./DIO.o
                0x0000025a                DIO_u8read
 .text.DIO_toggle
                0x000002c2       0x70 ./DIO.o
                0x000002c2                DIO_toggle
 .text.DIO_write_port
                0x00000332       0x28 ./DIO.o
                0x00000332                DIO_write_port
 .text.dio_write_highnibble
                0x0000035a       0x40 ./DIO.o
                0x0000035a                dio_write_highnibble
 .text.clear_high_nibble
                0x0000039a       0x38 ./DIO.o
                0x0000039a                clear_high_nibble
 .text.xEventGroupClearBits
                0x000003d2       0x20 ./event_groups.o
                0x000003d2                xEventGroupClearBits
 .text.xEventGroupGetBitsFromISR
                0x000003f2        0x8 ./event_groups.o
                0x000003f2                xEventGroupGetBitsFromISR
 .text.vEventGroupClearBitsCallback
                0x000003fa        0x8 ./event_groups.o
                0x000003fa                vEventGroupClearBitsCallback
 .text.vEventGroupDelete
                0x00000402       0x2e ./event_groups.o
                0x00000402                vEventGroupDelete
 .text.xEventGroupSetBits
                0x00000430       0xb0 ./event_groups.o
                0x00000430                xEventGroupSetBits
 .text.vEventGroupSetBitsCallback
                0x000004e0        0x8 ./event_groups.o
                0x000004e0                vEventGroupSetBitsCallback
 .text.xEventGroupWaitBits
                0x000004e8      0x100 ./event_groups.o
                0x000004e8                xEventGroupWaitBits
 .text.xEventGroupSync
                0x000005e8       0xe6 ./event_groups.o
                0x000005e8                xEventGroupSync
 .text.xEventGroupCreate
                0x000006ce       0x26 ./event_groups.o
                0x000006ce                xEventGroupCreate
 .text.xPortGetFreeHeapSize
                0x000006f4        0xa ./heap_2.o
                0x000006f4                xPortGetFreeHeapSize
 .text.vPortInitialiseBlocks
                0x000006fe        0x2 ./heap_2.o
                0x000006fe                vPortInitialiseBlocks
 .text.vPortFree
                0x00000700       0x60 ./heap_2.o
                0x00000700                vPortFree
 .text.pvPortMalloc
                0x00000760      0x146 ./heap_2.o
                0x00000760                pvPortMalloc
 .text.vListInitialise
                0x000008a6       0x20 ./list.o
                0x000008a6                vListInitialise
 .text.vListInitialiseItem
                0x000008c6        0x8 ./list.o
                0x000008c6                vListInitialiseItem
 .text.vListInsertEnd
                0x000008ce       0x3e ./list.o
                0x000008ce                vListInsertEnd
 .text.vListInsert
                0x0000090c       0x64 ./list.o
                0x0000090c                vListInsert
 .text.uxListRemove
                0x00000970       0x54 ./list.o
                0x00000970                uxListRemove
 .text.pxPortInitialiseStack
                0x000009c4       0x90 ./port.o
                0x000009c4                pxPortInitialiseStack
 .text.xPortStartScheduler
                0x00000a54       0x6a ./port.o
                0x00000a54                xPortStartScheduler
 .text.vPortEndScheduler
                0x00000abe        0x2 ./port.o
                0x00000abe                vPortEndScheduler
 .text.vPortYieldFromTick
                0x00000ac0       0xba ./port.o
                0x00000ac0                vPortYieldFromTick
 .text.__vector_7
                0x00000b7a        0x6 ./port.o
                0x00000b7a                __vector_7
 .text.vPortYield
                0x00000b80       0xb2 ./port.o
                0x00000b80                vPortYield
 .text.uxQueueMessagesWaiting
                0x00000c32       0x10 ./queue.o
                0x00000c32                uxQueueMessagesWaiting
 .text.uxQueueSpacesAvailable
                0x00000c42       0x14 ./queue.o
                0x00000c42                uxQueueSpacesAvailable
 .text.uxQueueMessagesWaitingFromISR
                0x00000c56        0x6 ./queue.o
                0x00000c56                uxQueueMessagesWaitingFromISR
 .text.xQueueIsQueueEmptyFromISR
                0x00000c5c       0x10 ./queue.o
                0x00000c5c                xQueueIsQueueEmptyFromISR
 .text.xQueueIsQueueFullFromISR
                0x00000c6c       0x12 ./queue.o
                0x00000c6c                xQueueIsQueueFullFromISR
 .text.vQueueAddToRegistry
                0x00000c7e       0x3a ./queue.o
                0x00000c7e                vQueueAddToRegistry
 .text.pcQueueGetName
                0x00000cb8       0x3a ./queue.o
                0x00000cb8                pcQueueGetName
 .text.vQueueUnregisterQueue
                0x00000cf2       0x3c ./queue.o
                0x00000cf2                vQueueUnregisterQueue
 .text.vQueueDelete
                0x00000d2e       0x1a ./queue.o
                0x00000d2e                vQueueDelete
 .text.prvCopyDataFromQueue
                0x00000d48       0x3c ./queue.o
 .text.xQueuePeekFromISR
                0x00000d84       0x2a ./queue.o
                0x00000d84                xQueuePeekFromISR
 .text.xQueueReceiveFromISR
                0x00000dae       0x5c ./queue.o
                0x00000dae                xQueueReceiveFromISR
 .text.xQueueGiveFromISR
                0x00000e0a       0x46 ./queue.o
                0x00000e0a                xQueueGiveFromISR
 .text.prvUnlockQueue
                0x00000e50       0x84 ./queue.o
 .text.xQueueGenericReceive
                0x00000ed4      0x1a6 ./queue.o
                0x00000ed4                xQueueGenericReceive
 .text.prvCopyDataToQueue
                0x0000107a       0xac ./queue.o
 .text.xQueueGenericSendFromISR
                0x00001126       0x5e ./queue.o
                0x00001126                xQueueGenericSendFromISR
 .text.xQueueGenericSend
                0x00001184      0x156 ./queue.o
                0x00001184                xQueueGenericSend
 .text.xQueueGenericReset
                0x000012da       0x84 ./queue.o
                0x000012da                xQueueGenericReset
 .text.xQueueGenericCreate
                0x0000135e       0x50 ./queue.o
                0x0000135e                xQueueGenericCreate
 .text.xQueueCreateMutex
                0x000013ae       0x34 ./queue.o
                0x000013ae                xQueueCreateMutex
 .text.__vector_1
                0x000013e2       0x54 ./semaphore.o
                0x000013e2                __vector_1
 .text.task1    0x00001436       0x5c ./semaphore.o
                0x00001436                task1
 .text.main     0x00001492       0x46 ./semaphore.o
                0x00001492                main
 .text.uxTaskPriorityGet
                0x000014d8       0x1e ./tasks.o
                0x000014d8                uxTaskPriorityGet
 .text.uxTaskPriorityGetFromISR
                0x000014f6       0x14 ./tasks.o
                0x000014f6                uxTaskPriorityGetFromISR
 .text.vTaskSuspendAll
                0x0000150a        0xc ./tasks.o
                0x0000150a                vTaskSuspendAll
 .text.xTaskGetTickCount
                0x00001516       0x16 ./tasks.o
                0x00001516                xTaskGetTickCount
 .text.xTaskGetTickCountFromISR
                0x0000152c        0xc ./tasks.o
                0x0000152c                xTaskGetTickCountFromISR
 .text.uxTaskGetNumberOfTasks
                0x00001538        0x6 ./tasks.o
                0x00001538                uxTaskGetNumberOfTasks
 .text.pcTaskGetName
                0x0000153e       0x16 ./tasks.o
                0x0000153e                pcTaskGetName
 .text.vTaskSwitchContext
                0x00001554       0x74 ./tasks.o
                0x00001554                vTaskSwitchContext
 .text.vTaskSetTimeOutState
                0x000015c8       0x16 ./tasks.o
                0x000015c8                vTaskSetTimeOutState
 .text.xTaskCheckForTimeOut
                0x000015de       0x6e ./tasks.o
                0x000015de                xTaskCheckForTimeOut
 .text.vTaskMissedYield
                0x0000164c        0x8 ./tasks.o
                0x0000164c                vTaskMissedYield
 .text.xTaskGetCurrentTaskHandle
                0x00001654        0xc ./tasks.o
                0x00001654                xTaskGetCurrentTaskHandle
 .text.uxTaskResetEventItemValue
                0x00001660       0x30 ./tasks.o
                0x00001660                uxTaskResetEventItemValue
 .text.pvTaskIncrementMutexHeldCount
                0x00001690       0x26 ./tasks.o
                0x00001690                pvTaskIncrementMutexHeldCount
 .text.xTaskNotifyStateClear
                0x000016b6       0x2a ./tasks.o
                0x000016b6                xTaskNotifyStateClear
 .text.vTaskNotifyGiveFromISR
                0x000016e0       0xa2 ./tasks.o
                0x000016e0                vTaskNotifyGiveFromISR
 .text.xTaskGenericNotifyFromISR
                0x00001782       0xf8 ./tasks.o
                0x00001782                xTaskGenericNotifyFromISR
 .text.xTaskPriorityDisinherit
                0x0000187a       0x6a ./tasks.o
                0x0000187a                xTaskPriorityDisinherit
 .text.vTaskPriorityInherit
                0x000018e4       0xa4 ./tasks.o
                0x000018e4                vTaskPriorityInherit
 .text.xTaskRemoveFromUnorderedEventList
                0x00001988       0x68 ./tasks.o
                0x00001988                xTaskRemoveFromUnorderedEventList
 .text.xTaskRemoveFromEventList
                0x000019f0       0x80 ./tasks.o
                0x000019f0                xTaskRemoveFromEventList
 .text.xTaskIncrementTick
                0x00001a70      0x164 ./tasks.o
                0x00001a70                xTaskIncrementTick
 .text.xTaskResumeFromISR
                0x00001bd4       0x9c ./tasks.o
                0x00001bd4                xTaskResumeFromISR
 .text.xTaskGenericNotify
                0x00001c70       0xd4 ./tasks.o
                0x00001c70                xTaskGenericNotify
 .text.xTaskResumeAll
                0x00001d44      0x112 ./tasks.o
                0x00001d44                xTaskResumeAll
 .text.vTaskResume
                0x00001e56       0x92 ./tasks.o
                0x00001e56                vTaskResume
 .text.vTaskSuspend
                0x00001ee8       0xce ./tasks.o
                0x00001ee8                vTaskSuspend
 .text.vTaskPrioritySet
                0x00001fb6       0xe2 ./tasks.o
                0x00001fb6                vTaskPrioritySet
 .text.prvAddCurrentTaskToDelayedList
                0x00002098       0xb0 ./tasks.o
 .text.xTaskNotifyWait
                0x00002148      0x10e ./tasks.o
                0x00002148                xTaskNotifyWait
 .text.ulTaskNotifyTake
                0x00002256       0xb0 ./tasks.o
                0x00002256                ulTaskNotifyTake
 .text.vTaskPlaceOnUnorderedEventList
                0x00002306       0x32 ./tasks.o
                0x00002306                vTaskPlaceOnUnorderedEventList
 .text.vTaskDelay
                0x00002338       0x26 ./tasks.o
                0x00002338                vTaskDelay
 .text.vTaskDelayUntil
                0x0000235e       0x5e ./tasks.o
                0x0000235e                vTaskDelayUntil
 .text.vTaskPlaceOnEventList
                0x000023bc       0x24 ./tasks.o
                0x000023bc                vTaskPlaceOnEventList
 .text.vTaskEndScheduler
                0x000023e0        0xc ./tasks.o
                0x000023e0                vTaskEndScheduler
 .text.prvIdleTask
                0x000023ec       0x74 ./tasks.o
 .text.vTaskDelete
                0x00002460       0xdc ./tasks.o
                0x00002460                vTaskDelete
 .text.xTaskCreate
                0x0000253c      0x204 ./tasks.o
                0x0000253c                xTaskCreate
 .text.vTaskStartScheduler
                0x00002740       0x50 ./tasks.o
                0x00002740                vTaskStartScheduler
 .text.libgcc   0x00002790        0x0 c:/winavr-20100110/bin/../lib/gcc/avr/4.3.3/avr5\libgcc.a(_exit.o)
 .text.libgcc   0x00002790        0x0 c:/winavr-20100110/bin/../lib/gcc/avr/4.3.3/avr5\libgcc.a(_copy_data.o)
 .text.libgcc   0x00002790        0x0 c:/winavr-20100110/bin/../lib/gcc/avr/4.3.3/avr5\libgcc.a(_clear_bss.o)
 .text.avr-libc
                0x00002790       0x12 c:/winavr-20100110/bin/../lib/gcc/avr/4.3.3/../../../../avr/lib/avr5\libc.a(memcpy.o)
                0x00002790                memcpy
                0x000027a2                . = ALIGN (0x2)
 *(.fini9)
 .fini9         0x000027a2        0x0 c:/winavr-20100110/bin/../lib/gcc/avr/4.3.3/avr5\libgcc.a(_exit.o)
                0x000027a2                exit
                0x000027a2                _exit
 *(.fini9)
 *(.fini8)
 *(.fini8)
 *(.fini7)
 *(.fini7)
 *(.fini6)
 *(.fini6)
 *(.fini5)
 *(.fini5)
 *(.fini4)
 *(.fini4)
 *(.fini3)
 *(.fini3)
 *(.fini2)
 *(.fini2)
 *(.fini1)
 *(.fini1)
 *(.fini0)
 .fini0         0x000027a2        0x4 c:/winavr-20100110/bin/../lib/gcc/avr/4.3.3/avr5\libgcc.a(_exit.o)
 *(.fini0)
                0x000027a6                _etext = .

.data           0x00800060        0xa load address 0x000027a6
                0x00800060                PROVIDE (__data_start, .)
 *(.data)
 .data          0x00800060        0x0 c:/winavr-20100110/bin/../lib/gcc/avr/4.3.3/../../../../avr/lib/avr5/crtm32.o
 .data          0x00800060        0x0 ./DIO.o
 .data          0x00800060        0x0 ./event_groups.o
 .data          0x00800060        0x0 ./heap_2.o
 .data          0x00800060        0x0 ./list.o
 .data          0x00800060        0x0 ./port.o
 .data          0x00800060        0x0 ./queue.o
 .data          0x00800060        0x2 ./semaphore.o
 .data          0x00800062        0x5 ./tasks.o
 .data          0x00800067        0x0 c:/winavr-20100110/bin/../lib/gcc/avr/4.3.3/avr5\libgcc.a(_exit.o)
 .data          0x00800067        0x0 c:/winavr-20100110/bin/../lib/gcc/avr/4.3.3/avr5\libgcc.a(_copy_data.o)
 .data          0x00800067        0x0 c:/winavr-20100110/bin/../lib/gcc/avr/4.3.3/avr5\libgcc.a(_clear_bss.o)
 .data          0x00800067        0x0 c:/winavr-20100110/bin/../lib/gcc/avr/4.3.3/../../../../avr/lib/avr5\libc.a(memcpy.o)
 *(.data*)
 .data.xFreeBytesRemaining
                0x00800067        0x2 ./heap_2.o
 *(.rodata)
 *(.rodata*)
 *(.gnu.linkonce.d*)
                0x0080006a                . = ALIGN (0x2)
 *fill*         0x00800069        0x1 00
                0x0080006a                _edata = .
                0x0080006a                PROVIDE (__data_end, .)

.bss            0x0080006a      0x3ba
                0x0080006a                PROVIDE (__bss_start, .)
 *(.bss)
 .bss           0x0080006a        0x0 c:/winavr-20100110/bin/../lib/gcc/avr/4.3.3/../../../../avr/lib/avr5/crtm32.o
 .bss           0x0080006a        0x0 ./DIO.o
 .bss           0x0080006a        0x0 ./event_groups.o
 .bss           0x0080006a        0x0 ./heap_2.o
 .bss           0x0080006a        0x0 ./list.o
 .bss           0x0080006a        0x0 ./port.o
 .bss           0x0080006a        0x0 ./queue.o
 .bss           0x0080006a        0x0 ./semaphore.o
 .bss           0x0080006a        0x0 ./tasks.o
 .bss           0x0080006a        0x0 c:/winavr-20100110/bin/../lib/gcc/avr/4.3.3/avr5\libgcc.a(_exit.o)
 .bss           0x0080006a        0x0 c:/winavr-20100110/bin/../lib/gcc/avr/4.3.3/avr5\libgcc.a(_copy_data.o)
 .bss           0x0080006a        0x0 c:/winavr-20100110/bin/../lib/gcc/avr/4.3.3/avr5\libgcc.a(_clear_bss.o)
 .bss           0x0080006a        0x0 c:/winavr-20100110/bin/../lib/gcc/avr/4.3.3/../../../../avr/lib/avr5\libc.a(memcpy.o)
 *(.bss*)
 .bss.xHeapHasBeenInitialised.1634
                0x0080006a        0x1 ./heap_2.o
 .bss.ucHeap    0x0080006b      0x320 ./heap_2.o
 .bss.xStart    0x0080038b        0x4 ./heap_2.o
 .bss.xEnd      0x0080038f        0x4 ./heap_2.o
 .bss.pxCurrentTCB
                0x00800393        0x2 ./tasks.o
                0x00800393                pxCurrentTCB
 .bss.uxSchedulerSuspended
                0x00800395        0x1 ./tasks.o
 .bss.uxTopReadyPriority
                0x00800396        0x1 ./tasks.o
 .bss.xYieldPending
                0x00800397        0x1 ./tasks.o
 .bss.xTickCount
                0x00800398        0x2 ./tasks.o
 .bss.xNextTaskUnblockTime
                0x0080039a        0x2 ./tasks.o
 .bss.xNumOfOverflows
                0x0080039c        0x1 ./tasks.o
 .bss.uxPendedTicks
                0x0080039d        0x1 ./tasks.o
 .bss.uxCurrentNumberOfTasks
                0x0080039e        0x1 ./tasks.o
 .bss.xSchedulerRunning
                0x0080039f        0x1 ./tasks.o
 .bss.xIdleTaskHandle
                0x008003a0        0x2 ./tasks.o
 .bss.uxDeletedTasksWaitingCleanUp
                0x008003a2        0x1 ./tasks.o
 .bss.uxTaskNumber
                0x008003a3        0x1 ./tasks.o
 .bss.pxReadyTasksLists
                0x008003a4       0x2d ./tasks.o
 .bss.xDelayedTaskList1
                0x008003d1        0x9 ./tasks.o
 .bss.xDelayedTaskList2
                0x008003da        0x9 ./tasks.o
 .bss.pxDelayedTaskList
                0x008003e3        0x2 ./tasks.o
 .bss.pxOverflowDelayedTaskList
                0x008003e5        0x2 ./tasks.o
 .bss.xPendingReadyList
                0x008003e7        0x9 ./tasks.o
 .bss.xTasksWaitingTermination
                0x008003f0        0x9 ./tasks.o
 .bss.xSuspendedTaskList
                0x008003f9        0x9 ./tasks.o
 *(COMMON)
 COMMON         0x00800402       0x20 ./queue.o
                0x00800402                xQueueRegistry
 COMMON         0x00800422        0x2 ./semaphore.o
                0x00800422                my_sem
                0x00800424                PROVIDE (__bss_end, .)
                0x000027a6                __data_load_start = LOADADDR (.data)
                0x000027b0                __data_load_end = (__data_load_start + SIZEOF (.data))

.noinit         0x00800424        0x0
                0x00800424                PROVIDE (__noinit_start, .)
 *(.noinit*)
                0x00800424                PROVIDE (__noinit_end, .)
                0x00800424                _end = .
                0x00800424                PROVIDE (__heap_start, .)

.eeprom         0x00810000        0x0
 *(.eeprom*)
                0x00810000                __eeprom_end = .

.fuse
 *(.fuse)
 *(.lfuse)
 *(.hfuse)
 *(.efuse)

.lock
 *(.lock*)

.signature
 *(.signature*)

.stab
 *(.stab)

.stabstr
 *(.stabstr)

.stab.excl
 *(.stab.excl)

.stab.exclstr
 *(.stab.exclstr)

.stab.index
 *(.stab.index)

.stab.indexstr
 *(.stab.indexstr)

.comment
 *(.comment)

.debug
 *(.debug)

.line
 *(.line)

.debug_srcinfo
 *(.debug_srcinfo)

.debug_sfnames
 *(.debug_sfnames)

.debug_aranges
 *(.debug_aranges)

.debug_pubnames
 *(.debug_pubnames)

.debug_info
 *(.debug_info)
 *(.gnu.linkonce.wi.*)

.debug_abbrev
 *(.debug_abbrev)

.debug_line
 *(.debug_line)

.debug_frame
 *(.debug_frame)

.debug_str
 *(.debug_str)

.debug_loc
 *(.debug_loc)

.debug_macinfo
 *(.debug_macinfo)
OUTPUT(RTOS_Semaphore.elf elf32-avr)
LOAD linker stubs
