Archive member included because of file (symbol)

c:/winavr-20100110/bin/../lib/gcc/avr/4.3.3/avr5\libgcc.a(_exit.o)
                              c:/winavr-20100110/bin/../lib/gcc/avr/4.3.3/../../../../avr/lib/avr5/crtm32.o (exit)
c:/winavr-20100110/bin/../lib/gcc/avr/4.3.3/avr5\libgcc.a(_copy_data.o)
                              ./heap_2.o (__do_copy_data)
c:/winavr-20100110/bin/../lib/gcc/avr/4.3.3/avr5\libgcc.a(_clear_bss.o)
                              ./heap_2.o (__do_clear_bss)
c:/winavr-20100110/bin/../lib/gcc/avr/4.3.3/avr5\libgcc.a(_fixunssfsi.o)
                              ./semaphore.o (__fixunssfsi)
c:/winavr-20100110/bin/../lib/gcc/avr/4.3.3/avr5\libgcc.a(_addsub_sf.o)
                              c:/winavr-20100110/bin/../lib/gcc/avr/4.3.3/avr5\libgcc.a(_fixunssfsi.o) (__subsf3)
c:/winavr-20100110/bin/../lib/gcc/avr/4.3.3/avr5\libgcc.a(_mul_sf.o)
                              ./semaphore.o (__mulsf3)
c:/winavr-20100110/bin/../lib/gcc/avr/4.3.3/avr5\libgcc.a(_gt_sf.o)
                              ./semaphore.o (__gtsf2)
c:/winavr-20100110/bin/../lib/gcc/avr/4.3.3/avr5\libgcc.a(_ge_sf.o)
                              c:/winavr-20100110/bin/../lib/gcc/avr/4.3.3/avr5\libgcc.a(_fixunssfsi.o) (__gesf2)
c:/winavr-20100110/bin/../lib/gcc/avr/4.3.3/avr5\libgcc.a(_lt_sf.o)
                              ./semaphore.o (__ltsf2)
c:/winavr-20100110/bin/../lib/gcc/avr/4.3.3/avr5\libgcc.a(_sf_to_si.o)
                              c:/winavr-20100110/bin/../lib/gcc/avr/4.3.3/avr5\libgcc.a(_fixunssfsi.o) (__fixsfsi)
c:/winavr-20100110/bin/../lib/gcc/avr/4.3.3/avr5\libgcc.a(_thenan_sf.o)
                              c:/winavr-20100110/bin/../lib/gcc/avr/4.3.3/avr5\libgcc.a(_addsub_sf.o) (__thenan_sf)
c:/winavr-20100110/bin/../lib/gcc/avr/4.3.3/avr5\libgcc.a(_prologue.o)
                              c:/winavr-20100110/bin/../lib/gcc/avr/4.3.3/avr5\libgcc.a(_addsub_sf.o) (__prologue_saves__)
c:/winavr-20100110/bin/../lib/gcc/avr/4.3.3/avr5\libgcc.a(_epilogue.o)
                              c:/winavr-20100110/bin/../lib/gcc/avr/4.3.3/avr5\libgcc.a(_addsub_sf.o) (__epilogue_restores__)
c:/winavr-20100110/bin/../lib/gcc/avr/4.3.3/avr5\libgcc.a(_pack_sf.o)
                              c:/winavr-20100110/bin/../lib/gcc/avr/4.3.3/avr5\libgcc.a(_addsub_sf.o) (__pack_f)
c:/winavr-20100110/bin/../lib/gcc/avr/4.3.3/avr5\libgcc.a(_unpack_sf.o)
                              c:/winavr-20100110/bin/../lib/gcc/avr/4.3.3/avr5\libgcc.a(_addsub_sf.o) (__unpack_f)
c:/winavr-20100110/bin/../lib/gcc/avr/4.3.3/avr5\libgcc.a(_fpcmp_parts_sf.o)
                              c:/winavr-20100110/bin/../lib/gcc/avr/4.3.3/avr5\libgcc.a(_gt_sf.o) (__fpcmp_parts_f)
c:/winavr-20100110/bin/../lib/gcc/avr/4.3.3/../../../../avr/lib/avr5\libc.a(memcpy.o)
                              ./queue.o (memcpy)

Allocating common symbols
Common symbol       size              file

xQueueRegistry      0x20              ./queue.o
my_sem              0x2               ./semaphore.o

Memory Configuration

Name             Origin             Length             Attributes
text             0x00000000         0x00020000         xr
data             0x00800060         0x0000ffa0         rw !x
eeprom           0x00810000         0x00010000         rw !x
fuse             0x00820000         0x00000400         rw !x
lock             0x00830000         0x00000400         rw !x
signature        0x00840000         0x00000400         rw !x
*default*        0x00000000         0xffffffff

Linker script and memory map

LOAD c:/winavr-20100110/bin/../lib/gcc/avr/4.3.3/../../../../avr/lib/avr5/crtm32.o
LOAD ./DIO.o
LOAD ./event_groups.o
LOAD ./heap_2.o
LOAD ./list.o
LOAD ./port.o
LOAD ./queue.o
LOAD ./semaphore.o
LOAD ./tasks.o
LOAD c:/winavr-20100110/bin/../lib/gcc/avr/4.3.3/avr5\libgcc.a
LOAD c:/winavr-20100110/bin/../lib/gcc/avr/4.3.3/../../../../avr/lib/avr5\libc.a
LOAD c:/winavr-20100110/bin/../lib/gcc/avr/4.3.3/avr5\libgcc.a

.hash
 *(.hash)

.dynsym
 *(.dynsym)

.dynstr
 *(.dynstr)

.gnu.version
 *(.gnu.version)

.gnu.version_d
 *(.gnu.version_d)

.gnu.version_r
 *(.gnu.version_r)

.rel.init
 *(.rel.init)

.rela.init
 *(.rela.init)

.rel.text
 *(.rel.text)
 *(.rel.text.*)
 *(.rel.gnu.linkonce.t*)

.rela.text
 *(.rela.text)
 *(.rela.text.*)
 *(.rela.gnu.linkonce.t*)

.rel.fini
 *(.rel.fini)

.rela.fini
 *(.rela.fini)

.rel.rodata
 *(.rel.rodata)
 *(.rel.rodata.*)
 *(.rel.gnu.linkonce.r*)

.rela.rodata
 *(.rela.rodata)
 *(.rela.rodata.*)
 *(.rela.gnu.linkonce.r*)

.rel.data
 *(.rel.data)
 *(.rel.data.*)
 *(.rel.gnu.linkonce.d*)

.rela.data
 *(.rela.data)
 *(.rela.data.*)
 *(.rela.gnu.linkonce.d*)

.rel.ctors
 *(.rel.ctors)

.rela.ctors
 *(.rela.ctors)

.rel.dtors
 *(.rel.dtors)

.rela.dtors
 *(.rela.dtors)

.rel.got
 *(.rel.got)

.rela.got
 *(.rela.got)

.rel.bss
 *(.rel.bss)

.rela.bss
 *(.rela.bss)

.rel.plt
 *(.rel.plt)

.rela.plt
 *(.rela.plt)

.text           0x00000000     0x55d8
 *(.vectors)
 .vectors       0x00000000       0x54 c:/winavr-20100110/bin/../lib/gcc/avr/4.3.3/../../../../avr/lib/avr5/crtm32.o
                0x00000000                __vectors
                0x00000000                __vector_default
 *(.vectors)
 *(.progmem.gcc*)
 *(.progmem*)
                0x00000054                . = ALIGN (0x2)
                0x00000054                __trampolines_start = .
 *(.trampolines)
 .trampolines   0x00000054        0x0 linker stubs
 *(.trampolines*)
                0x00000054                __trampolines_end = .
 *(.jumptables)
 *(.jumptables*)
 *(.lowtext)
 *(.lowtext*)
                0x00000054                __ctors_start = .
 *(.ctors)
                0x00000054                __ctors_end = .
                0x00000054                __dtors_start = .
 *(.dtors)
                0x00000054                __dtors_end = .
 SORT(*)(.ctors)
 SORT(*)(.dtors)
 *(.init0)
 .init0         0x00000054        0x0 c:/winavr-20100110/bin/../lib/gcc/avr/4.3.3/../../../../avr/lib/avr5/crtm32.o
                0x00000054                __init
 *(.init0)
 *(.init1)
 *(.init1)
 *(.init2)
 .init2         0x00000054        0xc c:/winavr-20100110/bin/../lib/gcc/avr/4.3.3/../../../../avr/lib/avr5/crtm32.o
 *(.init2)
 *(.init3)
 *(.init3)
 *(.init4)
 .init4         0x00000060       0x16 c:/winavr-20100110/bin/../lib/gcc/avr/4.3.3/avr5\libgcc.a(_copy_data.o)
                0x00000060                __do_copy_data
 .init4         0x00000076       0x10 c:/winavr-20100110/bin/../lib/gcc/avr/4.3.3/avr5\libgcc.a(_clear_bss.o)
                0x00000076                __do_clear_bss
 *(.init4)
 *(.init5)
 *(.init5)
 *(.init6)
 *(.init6)
 *(.init7)
 *(.init7)
 *(.init8)
 *(.init8)
 *(.init9)
 .init9         0x00000086        0x8 c:/winavr-20100110/bin/../lib/gcc/avr/4.3.3/../../../../avr/lib/avr5/crtm32.o
 *(.init9)
 *(.text)
 .text          0x0000008e        0x4 c:/winavr-20100110/bin/../lib/gcc/avr/4.3.3/../../../../avr/lib/avr5/crtm32.o
                0x0000008e                __vector_12
                0x0000008e                __bad_interrupt
                0x0000008e                __vector_6
                0x0000008e                __vector_3
                0x0000008e                __vector_11
                0x0000008e                __vector_13
                0x0000008e                __vector_17
                0x0000008e                __vector_19
                0x0000008e                __vector_5
                0x0000008e                __vector_4
                0x0000008e                __vector_9
                0x0000008e                __vector_2
                0x0000008e                __vector_15
                0x0000008e                __vector_8
                0x0000008e                __vector_14
                0x0000008e                __vector_10
                0x0000008e                __vector_16
                0x0000008e                __vector_18
                0x0000008e                __vector_20
 .text          0x00000092        0x0 ./DIO.o
 .text          0x00000092        0x0 ./event_groups.o
 .text          0x00000092        0x0 ./heap_2.o
 .text          0x00000092        0x0 ./list.o
 .text          0x00000092        0x0 ./port.o
 .text          0x00000092        0x0 ./queue.o
 .text          0x00000092        0x0 ./semaphore.o
 .text          0x00000092        0x0 ./tasks.o
 .text          0x00000092        0x0 c:/winavr-20100110/bin/../lib/gcc/avr/4.3.3/avr5\libgcc.a(_exit.o)
 .text          0x00000092        0x0 c:/winavr-20100110/bin/../lib/gcc/avr/4.3.3/avr5\libgcc.a(_copy_data.o)
 .text          0x00000092        0x0 c:/winavr-20100110/bin/../lib/gcc/avr/4.3.3/avr5\libgcc.a(_clear_bss.o)
 .text          0x00000092       0x58 c:/winavr-20100110/bin/../lib/gcc/avr/4.3.3/avr5\libgcc.a(_fixunssfsi.o)
                0x00000092                __fixunssfsi
 .text          0x000000ea      0x354 c:/winavr-20100110/bin/../lib/gcc/avr/4.3.3/avr5\libgcc.a(_addsub_sf.o)
                0x00000382                __subsf3
                0x000003e4                __addsf3
 .text          0x0000043e      0x1f4 c:/winavr-20100110/bin/../lib/gcc/avr/4.3.3/avr5\libgcc.a(_mul_sf.o)
                0x0000043e                __mulsf3
 .text          0x00000632       0x60 c:/winavr-20100110/bin/../lib/gcc/avr/4.3.3/avr5\libgcc.a(_gt_sf.o)
                0x00000632                __gtsf2
 .text          0x00000692       0x60 c:/winavr-20100110/bin/../lib/gcc/avr/4.3.3/avr5\libgcc.a(_ge_sf.o)
                0x00000692                __gesf2
 .text          0x000006f2       0x60 c:/winavr-20100110/bin/../lib/gcc/avr/4.3.3/avr5\libgcc.a(_lt_sf.o)
                0x000006f2                __ltsf2
 .text          0x00000752       0xa8 c:/winavr-20100110/bin/../lib/gcc/avr/4.3.3/avr5\libgcc.a(_sf_to_si.o)
                0x00000752                __fixsfsi
 .text          0x000007fa        0x0 c:/winavr-20100110/bin/../lib/gcc/avr/4.3.3/avr5\libgcc.a(_thenan_sf.o)
 .text          0x000007fa        0x0 c:/winavr-20100110/bin/../lib/gcc/avr/4.3.3/avr5\libgcc.a(_prologue.o)
 .text          0x000007fa        0x0 c:/winavr-20100110/bin/../lib/gcc/avr/4.3.3/avr5\libgcc.a(_epilogue.o)
 .text          0x000007fa      0x1aa c:/winavr-20100110/bin/../lib/gcc/avr/4.3.3/avr5\libgcc.a(_pack_sf.o)
                0x000007fa                __pack_f
 .text          0x000009a4       0xf0 c:/winavr-20100110/bin/../lib/gcc/avr/4.3.3/avr5\libgcc.a(_unpack_sf.o)
                0x000009a4                __unpack_f
 .text          0x00000a94       0xb2 c:/winavr-20100110/bin/../lib/gcc/avr/4.3.3/avr5\libgcc.a(_fpcmp_parts_sf.o)
                0x00000a94                __fpcmp_parts_f
 .text          0x00000b46        0x0 c:/winavr-20100110/bin/../lib/gcc/avr/4.3.3/../../../../avr/lib/avr5\libc.a(memcpy.o)
                0x00000b46                . = ALIGN (0x2)
 *(.text.*)
 .text.DIO_vsetPINDir
                0x00000b46      0x1c8 ./DIO.o
                0x00000b46                DIO_vsetPINDir
 .text.DIO_write
                0x00000d0e      0x1c8 ./DIO.o
                0x00000d0e                DIO_write
 .text.DIO_u8read
                0x00000ed6      0x156 ./DIO.o
                0x00000ed6                DIO_u8read
 .text.DIO_toggle
                0x0000102c       0xfc ./DIO.o
                0x0000102c                DIO_toggle
 .text.DIO_write_port
                0x00001128       0x84 ./DIO.o
                0x00001128                DIO_write_port
 .text.dio_write_highnibble
                0x000011ac       0xb4 ./DIO.o
                0x000011ac                dio_write_highnibble
 .text.clear_high_nibble
                0x00001260       0x98 ./DIO.o
                0x00001260                clear_high_nibble
 .text.xEventGroupCreate
                0x000012f8       0x3e ./event_groups.o
                0x000012f8                xEventGroupCreate
 .text.xEventGroupSync
                0x00001336      0x16e ./event_groups.o
                0x00001336                xEventGroupSync
 .text.xEventGroupWaitBits
                0x000014a4      0x186 ./event_groups.o
                0x000014a4                xEventGroupWaitBits
 .text.xEventGroupClearBits
                0x0000162a       0x6c ./event_groups.o
                0x0000162a                xEventGroupClearBits
 .text.xEventGroupGetBitsFromISR
                0x00001696       0x44 ./event_groups.o
                0x00001696                xEventGroupGetBitsFromISR
 .text.xEventGroupSetBits
                0x000016da      0x164 ./event_groups.o
                0x000016da                xEventGroupSetBits
 .text.vEventGroupDelete
                0x0000183e       0x62 ./event_groups.o
                0x0000183e                vEventGroupDelete
 .text.vEventGroupSetBitsCallback
                0x000018a0       0x3a ./event_groups.o
                0x000018a0                vEventGroupSetBitsCallback
 .text.vEventGroupClearBitsCallback
                0x000018da       0x3a ./event_groups.o
                0x000018da                vEventGroupClearBitsCallback
 .text.prvTestWaitCondition
                0x00001914       0x64 ./event_groups.o
 .text.pvPortMalloc
                0x00001978      0x1d0 ./heap_2.o
                0x00001978                pvPortMalloc
 .text.vPortFree
                0x00001b48       0xda ./heap_2.o
                0x00001b48                vPortFree
 .text.xPortGetFreeHeapSize
                0x00001c22       0x16 ./heap_2.o
                0x00001c22                xPortGetFreeHeapSize
 .text.vPortInitialiseBlocks
                0x00001c38        0xe ./heap_2.o
                0x00001c38                vPortInitialiseBlocks
 .text.prvHeapInit
                0x00001c46       0x6a ./heap_2.o
 .text.vListInitialise
                0x00001cb0       0x54 ./list.o
                0x00001cb0                vListInitialise
 .text.vListInitialiseItem
                0x00001d04       0x20 ./list.o
                0x00001d04                vListInitialiseItem
 .text.vListInsertEnd
                0x00001d24       0x88 ./list.o
                0x00001d24                vListInsertEnd
 .text.vListInsert
                0x00001dac       0xd8 ./list.o
                0x00001dac                vListInsert
 .text.uxListRemove
                0x00001e84       0x98 ./list.o
                0x00001e84                uxListRemove
 .text.pxPortInitialiseStack
                0x00001f1c      0x306 ./port.o
                0x00001f1c                pxPortInitialiseStack
 .text.xPortStartScheduler
                0x00002222       0x6a ./port.o
                0x00002222                xPortStartScheduler
 .text.vPortEndScheduler
                0x0000228c        0xe ./port.o
                0x0000228c                vPortEndScheduler
 .text.vPortYield
                0x0000229a       0xb2 ./port.o
                0x0000229a                vPortYield
 .text.vPortYieldFromTick
                0x0000234c       0xba ./port.o
                0x0000234c                vPortYieldFromTick
 .text.prvSetupTimerInterrupt
                0x00002406       0xb8 ./port.o
 .text.__vector_7
                0x000024be        0x6 ./port.o
                0x000024be                __vector_7
 .text.xQueueGenericReset
                0x000024c4      0x10c ./queue.o
                0x000024c4                xQueueGenericReset
 .text.xQueueGenericCreate
                0x000025d0       0x9a ./queue.o
                0x000025d0                xQueueGenericCreate
 .text.prvInitialiseNewQueue
                0x0000266a       0x76 ./queue.o
 .text.prvInitialiseMutex
                0x000026e0       0x48 ./queue.o
 .text.xQueueCreateMutex
                0x00002728       0x40 ./queue.o
                0x00002728                xQueueCreateMutex
 .text.xQueueGenericSend
                0x00002768      0x158 ./queue.o
                0x00002768                xQueueGenericSend
 .text.xQueueGenericSendFromISR
                0x000028c0       0xb0 ./queue.o
                0x000028c0                xQueueGenericSendFromISR
 .text.xQueueGiveFromISR
                0x00002970       0xa2 ./queue.o
                0x00002970                xQueueGiveFromISR
 .text.xQueueGenericReceive
                0x00002a12      0x1d0 ./queue.o
                0x00002a12                xQueueGenericReceive
 .text.xQueueReceiveFromISR
                0x00002be2       0xae ./queue.o
                0x00002be2                xQueueReceiveFromISR
 .text.xQueuePeekFromISR
                0x00002c90       0x72 ./queue.o
                0x00002c90                xQueuePeekFromISR
 .text.uxQueueMessagesWaiting
                0x00002d02       0x30 ./queue.o
                0x00002d02                uxQueueMessagesWaiting
 .text.uxQueueSpacesAvailable
                0x00002d32       0x4a ./queue.o
                0x00002d32                uxQueueSpacesAvailable
 .text.uxQueueMessagesWaitingFromISR
                0x00002d7c       0x26 ./queue.o
                0x00002d7c                uxQueueMessagesWaitingFromISR
 .text.vQueueDelete
                0x00002da2       0x36 ./queue.o
                0x00002da2                vQueueDelete
 .text.prvCopyDataToQueue
                0x00002dd8      0x170 ./queue.o
 .text.prvCopyDataFromQueue
                0x00002f48       0x8e ./queue.o
 .text.prvUnlockQueue
                0x00002fd6       0xa6 ./queue.o
 .text.prvIsQueueEmpty
                0x0000307c       0x3a ./queue.o
 .text.xQueueIsQueueEmptyFromISR
                0x000030b6       0x30 ./queue.o
                0x000030b6                xQueueIsQueueEmptyFromISR
 .text.prvIsQueueFull
                0x000030e6       0x40 ./queue.o
 .text.xQueueIsQueueFullFromISR
                0x00003126       0x36 ./queue.o
                0x00003126                xQueueIsQueueFullFromISR
 .text.vQueueAddToRegistry
                0x0000315c       0x8e ./queue.o
                0x0000315c                vQueueAddToRegistry
 .text.pcQueueGetName
                0x000031ea       0x7c ./queue.o
                0x000031ea                pcQueueGetName
 .text.vQueueUnregisterQueue
                0x00003266       0x84 ./queue.o
                0x00003266                vQueueUnregisterQueue
 .text.main     0x000032ea       0x60 ./semaphore.o
                0x000032ea                main
 .text.task1    0x0000334a      0x256 ./semaphore.o
                0x0000334a                task1
 .text.__vector_1
                0x000035a0       0x60 ./semaphore.o
                0x000035a0                __vector_1
 .text.xTaskCreate
                0x00003600       0xf0 ./tasks.o
                0x00003600                xTaskCreate
 .text.prvInitialiseNewTask
                0x000036f0      0x176 ./tasks.o
 .text.prvAddNewTaskToReadyList
                0x00003866       0xf0 ./tasks.o
 .text.vTaskDelete
                0x00003956       0xe4 ./tasks.o
                0x00003956                vTaskDelete
 .text.vTaskDelayUntil
                0x00003a3a       0xe4 ./tasks.o
                0x00003a3a                vTaskDelayUntil
 .text.vTaskDelay
                0x00003b1e       0x44 ./tasks.o
                0x00003b1e                vTaskDelay
 .text.uxTaskPriorityGet
                0x00003b62       0x64 ./tasks.o
                0x00003b62                uxTaskPriorityGet
 .text.uxTaskPriorityGetFromISR
                0x00003bc6       0x5c ./tasks.o
                0x00003bc6                uxTaskPriorityGetFromISR
 .text.vTaskPrioritySet
                0x00003c22      0x194 ./tasks.o
                0x00003c22                vTaskPrioritySet
 .text.vTaskSuspend
                0x00003db6       0xd8 ./tasks.o
                0x00003db6                vTaskSuspend
 .text.prvTaskIsTaskSuspended
                0x00003e8e       0x5e ./tasks.o
 .text.vTaskResume
                0x00003eec       0xc8 ./tasks.o
                0x00003eec                vTaskResume
 .text.xTaskResumeFromISR
                0x00003fb4       0xcc ./tasks.o
                0x00003fb4                xTaskResumeFromISR
 .text.vTaskStartScheduler
                0x00004080       0x64 ./tasks.o
                0x00004080                vTaskStartScheduler
 .text.vTaskEndScheduler
                0x000040e4       0x18 ./tasks.o
                0x000040e4                vTaskEndScheduler
 .text.vTaskSuspendAll
                0x000040fc       0x18 ./tasks.o
                0x000040fc                vTaskSuspendAll
 .text.xTaskResumeAll
                0x00004114      0x126 ./tasks.o
                0x00004114                xTaskResumeAll
 .text.xTaskGetTickCount
                0x0000423a       0x2e ./tasks.o
                0x0000423a                xTaskGetTickCount
 .text.xTaskGetTickCountFromISR
                0x00004268       0x2a ./tasks.o
                0x00004268                xTaskGetTickCountFromISR
 .text.uxTaskGetNumberOfTasks
                0x00004292       0x12 ./tasks.o
                0x00004292                uxTaskGetNumberOfTasks
 .text.pcTaskGetName
                0x000042a4       0x50 ./tasks.o
                0x000042a4                pcTaskGetName
 .text.xTaskIncrementTick
                0x000042f4      0x198 ./tasks.o
                0x000042f4                xTaskIncrementTick
 .text.vTaskSwitchContext
                0x0000448c       0xda ./tasks.o
                0x0000448c                vTaskSwitchContext
 .text.vTaskPlaceOnEventList
                0x00004566       0x44 ./tasks.o
                0x00004566                vTaskPlaceOnEventList
 .text.vTaskPlaceOnUnorderedEventList
                0x000045aa       0x60 ./tasks.o
                0x000045aa                vTaskPlaceOnUnorderedEventList
 .text.xTaskRemoveFromEventList
                0x0000460a       0xd6 ./tasks.o
                0x0000460a                xTaskRemoveFromEventList
 .text.xTaskRemoveFromUnorderedEventList
                0x000046e0       0xca ./tasks.o
                0x000046e0                xTaskRemoveFromUnorderedEventList
 .text.vTaskSetTimeOutState
                0x000047aa       0x32 ./tasks.o
                0x000047aa                vTaskSetTimeOutState
 .text.xTaskCheckForTimeOut
                0x000047dc       0xda ./tasks.o
                0x000047dc                xTaskCheckForTimeOut
 .text.vTaskMissedYield
                0x000048b6       0x14 ./tasks.o
                0x000048b6                vTaskMissedYield
 .text.prvIdleTask
                0x000048ca       0x20 ./tasks.o
 .text.prvInitialiseTaskLists
                0x000048ea       0x82 ./tasks.o
 .text.prvCheckTasksWaitingTermination
                0x0000496c       0x7e ./tasks.o
 .text.prvDeleteTCB
                0x000049ea       0x2c ./tasks.o
 .text.prvResetNextTaskUnblockTime
                0x00004a16       0x56 ./tasks.o
 .text.xTaskGetCurrentTaskHandle
                0x00004a6c       0x24 ./tasks.o
                0x00004a6c                xTaskGetCurrentTaskHandle
 .text.vTaskPriorityInherit
                0x00004a90      0x116 ./tasks.o
                0x00004a90                vTaskPriorityInherit
 .text.xTaskPriorityDisinherit
                0x00004ba6       0xe4 ./tasks.o
                0x00004ba6                xTaskPriorityDisinherit
 .text.uxTaskResetEventItemValue
                0x00004c8a       0x4e ./tasks.o
                0x00004c8a                uxTaskResetEventItemValue
 .text.pvTaskIncrementMutexHeldCount
                0x00004cd8       0x30 ./tasks.o
                0x00004cd8                pvTaskIncrementMutexHeldCount
 .text.ulTaskNotifyTake
                0x00004d08       0xee ./tasks.o
                0x00004d08                ulTaskNotifyTake
 .text.xTaskNotifyWait
                0x00004df6      0x138 ./tasks.o
                0x00004df6                xTaskNotifyWait
 .text.xTaskGenericNotify
                0x00004f2e      0x1ba ./tasks.o
                0x00004f2e                xTaskGenericNotify
 .text.xTaskGenericNotifyFromISR
                0x000050e8      0x1f2 ./tasks.o
                0x000050e8                xTaskGenericNotifyFromISR
 .text.vTaskNotifyGiveFromISR
                0x000052da      0x10e ./tasks.o
                0x000052da                vTaskNotifyGiveFromISR
 .text.xTaskNotifyStateClear
                0x000053e8       0x74 ./tasks.o
                0x000053e8                xTaskNotifyStateClear
 .text.prvAddCurrentTaskToDelayedList
                0x0000545c       0xf8 ./tasks.o
 .text.libgcc   0x00005554        0x0 c:/winavr-20100110/bin/../lib/gcc/avr/4.3.3/avr5\libgcc.a(_exit.o)
 .text.libgcc   0x00005554        0x0 c:/winavr-20100110/bin/../lib/gcc/avr/4.3.3/avr5\libgcc.a(_copy_data.o)
 .text.libgcc   0x00005554        0x0 c:/winavr-20100110/bin/../lib/gcc/avr/4.3.3/avr5\libgcc.a(_clear_bss.o)
 .text.libgcc   0x00005554       0x38 c:/winavr-20100110/bin/../lib/gcc/avr/4.3.3/avr5\libgcc.a(_prologue.o)
                0x00005554                __prologue_saves__
 .text.libgcc   0x0000558c       0x36 c:/winavr-20100110/bin/../lib/gcc/avr/4.3.3/avr5\libgcc.a(_epilogue.o)
                0x0000558c                __epilogue_restores__
 .text.avr-libc
                0x000055c2       0x12 c:/winavr-20100110/bin/../lib/gcc/avr/4.3.3/../../../../avr/lib/avr5\libc.a(memcpy.o)
                0x000055c2                memcpy
                0x000055d4                . = ALIGN (0x2)
 *(.fini9)
 .fini9         0x000055d4        0x0 c:/winavr-20100110/bin/../lib/gcc/avr/4.3.3/avr5\libgcc.a(_exit.o)
                0x000055d4                exit
                0x000055d4                _exit
 *(.fini9)
 *(.fini8)
 *(.fini8)
 *(.fini7)
 *(.fini7)
 *(.fini6)
 *(.fini6)
 *(.fini5)
 *(.fini5)
 *(.fini4)
 *(.fini4)
 *(.fini3)
 *(.fini3)
 *(.fini2)
 *(.fini2)
 *(.fini1)
 *(.fini1)
 *(.fini0)
 .fini0         0x000055d4        0x4 c:/winavr-20100110/bin/../lib/gcc/avr/4.3.3/avr5\libgcc.a(_exit.o)
 *(.fini0)
                0x000055d8                _etext = .

.data           0x00800060       0x14 load address 0x000055d8
                0x00800060                PROVIDE (__data_start, .)
 *(.data)
 .data          0x00800060        0x0 c:/winavr-20100110/bin/../lib/gcc/avr/4.3.3/../../../../avr/lib/avr5/crtm32.o
 .data          0x00800060        0x0 ./DIO.o
 .data          0x00800060        0x0 ./event_groups.o
 .data          0x00800060        0x0 ./heap_2.o
 .data          0x00800060        0x0 ./list.o
 .data          0x00800060        0x0 ./port.o
 .data          0x00800060        0x0 ./queue.o
 .data          0x00800060        0x2 ./semaphore.o
 .data          0x00800062        0x5 ./tasks.o
 .data          0x00800067        0x0 c:/winavr-20100110/bin/../lib/gcc/avr/4.3.3/avr5\libgcc.a(_exit.o)
 .data          0x00800067        0x0 c:/winavr-20100110/bin/../lib/gcc/avr/4.3.3/avr5\libgcc.a(_copy_data.o)
 .data          0x00800067        0x0 c:/winavr-20100110/bin/../lib/gcc/avr/4.3.3/avr5\libgcc.a(_clear_bss.o)
 .data          0x00800067        0x0 c:/winavr-20100110/bin/../lib/gcc/avr/4.3.3/avr5\libgcc.a(_fixunssfsi.o)
 .data          0x00800067        0x0 c:/winavr-20100110/bin/../lib/gcc/avr/4.3.3/avr5\libgcc.a(_addsub_sf.o)
 .data          0x00800067        0x0 c:/winavr-20100110/bin/../lib/gcc/avr/4.3.3/avr5\libgcc.a(_mul_sf.o)
 .data          0x00800067        0x0 c:/winavr-20100110/bin/../lib/gcc/avr/4.3.3/avr5\libgcc.a(_gt_sf.o)
 .data          0x00800067        0x0 c:/winavr-20100110/bin/../lib/gcc/avr/4.3.3/avr5\libgcc.a(_ge_sf.o)
 .data          0x00800067        0x0 c:/winavr-20100110/bin/../lib/gcc/avr/4.3.3/avr5\libgcc.a(_lt_sf.o)
 .data          0x00800067        0x0 c:/winavr-20100110/bin/../lib/gcc/avr/4.3.3/avr5\libgcc.a(_sf_to_si.o)
 .data          0x00800067        0x8 c:/winavr-20100110/bin/../lib/gcc/avr/4.3.3/avr5\libgcc.a(_thenan_sf.o)
                0x00800067                __thenan_sf
 .data          0x0080006f        0x0 c:/winavr-20100110/bin/../lib/gcc/avr/4.3.3/avr5\libgcc.a(_prologue.o)
 .data          0x0080006f        0x0 c:/winavr-20100110/bin/../lib/gcc/avr/4.3.3/avr5\libgcc.a(_epilogue.o)
 .data          0x0080006f        0x0 c:/winavr-20100110/bin/../lib/gcc/avr/4.3.3/avr5\libgcc.a(_pack_sf.o)
 .data          0x0080006f        0x0 c:/winavr-20100110/bin/../lib/gcc/avr/4.3.3/avr5\libgcc.a(_unpack_sf.o)
 .data          0x0080006f        0x0 c:/winavr-20100110/bin/../lib/gcc/avr/4.3.3/avr5\libgcc.a(_fpcmp_parts_sf.o)
 .data          0x0080006f        0x0 c:/winavr-20100110/bin/../lib/gcc/avr/4.3.3/../../../../avr/lib/avr5\libc.a(memcpy.o)
 *(.data*)
 .data.xFreeBytesRemaining
                0x0080006f        0x2 ./heap_2.o
 *(.rodata)
 *(.rodata*)
 .rodata.heapSTRUCT_SIZE
                0x00800071        0x2 ./heap_2.o
 *(.gnu.linkonce.d*)
                0x00800074                . = ALIGN (0x2)
 *fill*         0x00800073        0x1 00
                0x00800074                _edata = .
                0x00800074                PROVIDE (__data_end, .)

.bss            0x00800074      0x3ba
                0x00800074                PROVIDE (__bss_start, .)
 *(.bss)
 .bss           0x00800074        0x0 c:/winavr-20100110/bin/../lib/gcc/avr/4.3.3/../../../../avr/lib/avr5/crtm32.o
 .bss           0x00800074        0x0 ./DIO.o
 .bss           0x00800074        0x0 ./event_groups.o
 .bss           0x00800074        0x0 ./heap_2.o
 .bss           0x00800074        0x0 ./list.o
 .bss           0x00800074        0x0 ./port.o
 .bss           0x00800074        0x0 ./queue.o
 .bss           0x00800074        0x0 ./semaphore.o
 .bss           0x00800074        0x0 ./tasks.o
 .bss           0x00800074        0x0 c:/winavr-20100110/bin/../lib/gcc/avr/4.3.3/avr5\libgcc.a(_exit.o)
 .bss           0x00800074        0x0 c:/winavr-20100110/bin/../lib/gcc/avr/4.3.3/avr5\libgcc.a(_copy_data.o)
 .bss           0x00800074        0x0 c:/winavr-20100110/bin/../lib/gcc/avr/4.3.3/avr5\libgcc.a(_clear_bss.o)
 .bss           0x00800074        0x0 c:/winavr-20100110/bin/../lib/gcc/avr/4.3.3/avr5\libgcc.a(_fixunssfsi.o)
 .bss           0x00800074        0x0 c:/winavr-20100110/bin/../lib/gcc/avr/4.3.3/avr5\libgcc.a(_addsub_sf.o)
 .bss           0x00800074        0x0 c:/winavr-20100110/bin/../lib/gcc/avr/4.3.3/avr5\libgcc.a(_mul_sf.o)
 .bss           0x00800074        0x0 c:/winavr-20100110/bin/../lib/gcc/avr/4.3.3/avr5\libgcc.a(_gt_sf.o)
 .bss           0x00800074        0x0 c:/winavr-20100110/bin/../lib/gcc/avr/4.3.3/avr5\libgcc.a(_ge_sf.o)
 .bss           0x00800074        0x0 c:/winavr-20100110/bin/../lib/gcc/avr/4.3.3/avr5\libgcc.a(_lt_sf.o)
 .bss           0x00800074        0x0 c:/winavr-20100110/bin/../lib/gcc/avr/4.3.3/avr5\libgcc.a(_sf_to_si.o)
 .bss           0x00800074        0x0 c:/winavr-20100110/bin/../lib/gcc/avr/4.3.3/avr5\libgcc.a(_thenan_sf.o)
 .bss           0x00800074        0x0 c:/winavr-20100110/bin/../lib/gcc/avr/4.3.3/avr5\libgcc.a(_prologue.o)
 .bss           0x00800074        0x0 c:/winavr-20100110/bin/../lib/gcc/avr/4.3.3/avr5\libgcc.a(_epilogue.o)
 .bss           0x00800074        0x0 c:/winavr-20100110/bin/../lib/gcc/avr/4.3.3/avr5\libgcc.a(_pack_sf.o)
 .bss           0x00800074        0x0 c:/winavr-20100110/bin/../lib/gcc/avr/4.3.3/avr5\libgcc.a(_unpack_sf.o)
 .bss           0x00800074        0x0 c:/winavr-20100110/bin/../lib/gcc/avr/4.3.3/avr5\libgcc.a(_fpcmp_parts_sf.o)
 .bss           0x00800074        0x0 c:/winavr-20100110/bin/../lib/gcc/avr/4.3.3/../../../../avr/lib/avr5\libc.a(memcpy.o)
 *(.bss*)
 .bss.xHeapHasBeenInitialised.1634
                0x00800074        0x1 ./heap_2.o
 .bss.ucHeap    0x00800075      0x320 ./heap_2.o
 .bss.xStart    0x00800395        0x4 ./heap_2.o
 .bss.xEnd      0x00800399        0x4 ./heap_2.o
 .bss.pxCurrentTCB
                0x0080039d        0x2 ./tasks.o
                0x0080039d                pxCurrentTCB
 .bss.uxDeletedTasksWaitingCleanUp
                0x0080039f        0x1 ./tasks.o
 .bss.uxCurrentNumberOfTasks
                0x008003a0        0x1 ./tasks.o
 .bss.xTickCount
                0x008003a1        0x2 ./tasks.o
 .bss.uxTopReadyPriority
                0x008003a3        0x1 ./tasks.o
 .bss.xSchedulerRunning
                0x008003a4        0x1 ./tasks.o
 .bss.uxPendedTicks
                0x008003a5        0x1 ./tasks.o
 .bss.xYieldPending
                0x008003a6        0x1 ./tasks.o
 .bss.xNumOfOverflows
                0x008003a7        0x1 ./tasks.o
 .bss.uxTaskNumber
                0x008003a8        0x1 ./tasks.o
 .bss.xNextTaskUnblockTime
                0x008003a9        0x2 ./tasks.o
 .bss.xIdleTaskHandle
                0x008003ab        0x2 ./tasks.o
 .bss.uxSchedulerSuspended
                0x008003ad        0x1 ./tasks.o
 .bss.pxReadyTasksLists
                0x008003ae       0x2d ./tasks.o
 .bss.xDelayedTaskList1
                0x008003db        0x9 ./tasks.o
 .bss.xDelayedTaskList2
                0x008003e4        0x9 ./tasks.o
 .bss.pxDelayedTaskList
                0x008003ed        0x2 ./tasks.o
 .bss.pxOverflowDelayedTaskList
                0x008003ef        0x2 ./tasks.o
 .bss.xPendingReadyList
                0x008003f1        0x9 ./tasks.o
 .bss.xTasksWaitingTermination
                0x008003fa        0x9 ./tasks.o
 .bss.xSuspendedTaskList
                0x00800403        0x9 ./tasks.o
 *(COMMON)
 COMMON         0x0080040c       0x20 ./queue.o
                0x0080040c                xQueueRegistry
 COMMON         0x0080042c        0x2 ./semaphore.o
                0x0080042c                my_sem
                0x0080042e                PROVIDE (__bss_end, .)
                0x000055d8                __data_load_start = LOADADDR (.data)
                0x000055ec                __data_load_end = (__data_load_start + SIZEOF (.data))

.noinit         0x0080042e        0x0
                0x0080042e                PROVIDE (__noinit_start, .)
 *(.noinit*)
                0x0080042e                PROVIDE (__noinit_end, .)
                0x0080042e                _end = .
                0x0080042e                PROVIDE (__heap_start, .)

.eeprom         0x00810000        0x0
 *(.eeprom*)
                0x00810000                __eeprom_end = .

.fuse
 *(.fuse)
 *(.lfuse)
 *(.hfuse)
 *(.efuse)

.lock
 *(.lock*)

.signature
 *(.signature*)

.stab           0x00000000     0x6e88
 *(.stab)
 .stab          0x00000000      0x714 ./DIO.o
 .stab          0x00000714      0xedc ./event_groups.o
                               0x1044 (size before relaxing)
 .stab          0x000015f0      0x57c ./heap_2.o
                                0x9a8 (size before relaxing)
 .stab          0x00001b6c      0x438 ./list.o
                                0x798 (size before relaxing)
 .stab          0x00001fa4      0x840 ./port.o
                                0xcc0 (size before relaxing)
 .stab          0x000027e4     0x192c ./queue.o
                               0x1d58 (size before relaxing)
 .stab          0x00004110      0x498 ./semaphore.o
                                0x8b8 (size before relaxing)
 .stab          0x000045a8     0x28e0 ./tasks.o
                               0x2d3c (size before relaxing)

.stabstr        0x00000000     0x378f
 *(.stabstr)
 .stabstr       0x00000000     0x378f ./DIO.o

.stab.excl
 *(.stab.excl)

.stab.exclstr
 *(.stab.exclstr)

.stab.index
 *(.stab.index)

.stab.indexstr
 *(.stab.indexstr)

.comment
 *(.comment)

.debug
 *(.debug)

.line
 *(.line)

.debug_srcinfo
 *(.debug_srcinfo)

.debug_sfnames
 *(.debug_sfnames)

.debug_aranges  0x00000000      0x140
 *(.debug_aranges)
 .debug_aranges
                0x00000000       0x20 c:/winavr-20100110/bin/../lib/gcc/avr/4.3.3/avr5\libgcc.a(_fixunssfsi.o)
 .debug_aranges
                0x00000020       0x20 c:/winavr-20100110/bin/../lib/gcc/avr/4.3.3/avr5\libgcc.a(_addsub_sf.o)
 .debug_aranges
                0x00000040       0x20 c:/winavr-20100110/bin/../lib/gcc/avr/4.3.3/avr5\libgcc.a(_mul_sf.o)
 .debug_aranges
                0x00000060       0x20 c:/winavr-20100110/bin/../lib/gcc/avr/4.3.3/avr5\libgcc.a(_gt_sf.o)
 .debug_aranges
                0x00000080       0x20 c:/winavr-20100110/bin/../lib/gcc/avr/4.3.3/avr5\libgcc.a(_ge_sf.o)
 .debug_aranges
                0x000000a0       0x20 c:/winavr-20100110/bin/../lib/gcc/avr/4.3.3/avr5\libgcc.a(_lt_sf.o)
 .debug_aranges
                0x000000c0       0x20 c:/winavr-20100110/bin/../lib/gcc/avr/4.3.3/avr5\libgcc.a(_sf_to_si.o)
 .debug_aranges
                0x000000e0       0x20 c:/winavr-20100110/bin/../lib/gcc/avr/4.3.3/avr5\libgcc.a(_pack_sf.o)
 .debug_aranges
                0x00000100       0x20 c:/winavr-20100110/bin/../lib/gcc/avr/4.3.3/avr5\libgcc.a(_unpack_sf.o)
 .debug_aranges
                0x00000120       0x20 c:/winavr-20100110/bin/../lib/gcc/avr/4.3.3/avr5\libgcc.a(_fpcmp_parts_sf.o)

.debug_pubnames
                0x00000000      0x170
 *(.debug_pubnames)
 .debug_pubnames
                0x00000000       0x23 c:/winavr-20100110/bin/../lib/gcc/avr/4.3.3/avr5\libgcc.a(_fixunssfsi.o)
 .debug_pubnames
                0x00000023       0x2c c:/winavr-20100110/bin/../lib/gcc/avr/4.3.3/avr5\libgcc.a(_addsub_sf.o)
 .debug_pubnames
                0x0000004f       0x1f c:/winavr-20100110/bin/../lib/gcc/avr/4.3.3/avr5\libgcc.a(_mul_sf.o)
 .debug_pubnames
                0x0000006e       0x1e c:/winavr-20100110/bin/../lib/gcc/avr/4.3.3/avr5\libgcc.a(_gt_sf.o)
 .debug_pubnames
                0x0000008c       0x1e c:/winavr-20100110/bin/../lib/gcc/avr/4.3.3/avr5\libgcc.a(_ge_sf.o)
 .debug_pubnames
                0x000000aa       0x1e c:/winavr-20100110/bin/../lib/gcc/avr/4.3.3/avr5\libgcc.a(_lt_sf.o)
 .debug_pubnames
                0x000000c8       0x20 c:/winavr-20100110/bin/../lib/gcc/avr/4.3.3/avr5\libgcc.a(_sf_to_si.o)
 .debug_pubnames
                0x000000e8       0x22 c:/winavr-20100110/bin/../lib/gcc/avr/4.3.3/avr5\libgcc.a(_thenan_sf.o)
 .debug_pubnames
                0x0000010a       0x1f c:/winavr-20100110/bin/../lib/gcc/avr/4.3.3/avr5\libgcc.a(_pack_sf.o)
 .debug_pubnames
                0x00000129       0x21 c:/winavr-20100110/bin/../lib/gcc/avr/4.3.3/avr5\libgcc.a(_unpack_sf.o)
 .debug_pubnames
                0x0000014a       0x26 c:/winavr-20100110/bin/../lib/gcc/avr/4.3.3/avr5\libgcc.a(_fpcmp_parts_sf.o)

.debug_info     0x00000000     0x1c49
 *(.debug_info)
 .debug_info    0x00000000       0xb1 c:/winavr-20100110/bin/../lib/gcc/avr/4.3.3/avr5\libgcc.a(_fixunssfsi.o)
 .debug_info    0x000000b1      0x47a c:/winavr-20100110/bin/../lib/gcc/avr/4.3.3/avr5\libgcc.a(_addsub_sf.o)
 .debug_info    0x0000052b      0x485 c:/winavr-20100110/bin/../lib/gcc/avr/4.3.3/avr5\libgcc.a(_mul_sf.o)
 .debug_info    0x000009b0      0x27f c:/winavr-20100110/bin/../lib/gcc/avr/4.3.3/avr5\libgcc.a(_gt_sf.o)
 .debug_info    0x00000c2f      0x27f c:/winavr-20100110/bin/../lib/gcc/avr/4.3.3/avr5\libgcc.a(_ge_sf.o)
 .debug_info    0x00000eae      0x27f c:/winavr-20100110/bin/../lib/gcc/avr/4.3.3/avr5\libgcc.a(_lt_sf.o)
 .debug_info    0x0000112d      0x2b0 c:/winavr-20100110/bin/../lib/gcc/avr/4.3.3/avr5\libgcc.a(_sf_to_si.o)
 .debug_info    0x000013dd      0x12c c:/winavr-20100110/bin/../lib/gcc/avr/4.3.3/avr5\libgcc.a(_thenan_sf.o)
 .debug_info    0x00001509      0x2df c:/winavr-20100110/bin/../lib/gcc/avr/4.3.3/avr5\libgcc.a(_pack_sf.o)
 .debug_info    0x000017e8      0x251 c:/winavr-20100110/bin/../lib/gcc/avr/4.3.3/avr5\libgcc.a(_unpack_sf.o)
 .debug_info    0x00001a39      0x210 c:/winavr-20100110/bin/../lib/gcc/avr/4.3.3/avr5\libgcc.a(_fpcmp_parts_sf.o)
 *(.gnu.linkonce.wi.*)

.debug_abbrev   0x00000000      0xeeb
 *(.debug_abbrev)
 .debug_abbrev  0x00000000       0x5d c:/winavr-20100110/bin/../lib/gcc/avr/4.3.3/avr5\libgcc.a(_fixunssfsi.o)
 .debug_abbrev  0x0000005d      0x1ea c:/winavr-20100110/bin/../lib/gcc/avr/4.3.3/avr5\libgcc.a(_addsub_sf.o)
 .debug_abbrev  0x00000247      0x21b c:/winavr-20100110/bin/../lib/gcc/avr/4.3.3/avr5\libgcc.a(_mul_sf.o)
 .debug_abbrev  0x00000462      0x15a c:/winavr-20100110/bin/../lib/gcc/avr/4.3.3/avr5\libgcc.a(_gt_sf.o)
 .debug_abbrev  0x000005bc      0x15a c:/winavr-20100110/bin/../lib/gcc/avr/4.3.3/avr5\libgcc.a(_ge_sf.o)
 .debug_abbrev  0x00000716      0x15a c:/winavr-20100110/bin/../lib/gcc/avr/4.3.3/avr5\libgcc.a(_lt_sf.o)
 .debug_abbrev  0x00000870      0x17f c:/winavr-20100110/bin/../lib/gcc/avr/4.3.3/avr5\libgcc.a(_sf_to_si.o)
 .debug_abbrev  0x000009ef       0xad c:/winavr-20100110/bin/../lib/gcc/avr/4.3.3/avr5\libgcc.a(_thenan_sf.o)
 .debug_abbrev  0x00000a9c      0x1c0 c:/winavr-20100110/bin/../lib/gcc/avr/4.3.3/avr5\libgcc.a(_pack_sf.o)
 .debug_abbrev  0x00000c5c      0x154 c:/winavr-20100110/bin/../lib/gcc/avr/4.3.3/avr5\libgcc.a(_unpack_sf.o)
 .debug_abbrev  0x00000db0      0x13b c:/winavr-20100110/bin/../lib/gcc/avr/4.3.3/avr5\libgcc.a(_fpcmp_parts_sf.o)

.debug_line     0x00000000      0xdad
 *(.debug_line)
 .debug_line    0x00000000       0xa7 c:/winavr-20100110/bin/../lib/gcc/avr/4.3.3/avr5\libgcc.a(_fixunssfsi.o)
 .debug_line    0x000000a7      0x2af c:/winavr-20100110/bin/../lib/gcc/avr/4.3.3/avr5\libgcc.a(_addsub_sf.o)
 .debug_line    0x00000356      0x239 c:/winavr-20100110/bin/../lib/gcc/avr/4.3.3/avr5\libgcc.a(_mul_sf.o)
 .debug_line    0x0000058f       0xd3 c:/winavr-20100110/bin/../lib/gcc/avr/4.3.3/avr5\libgcc.a(_gt_sf.o)
 .debug_line    0x00000662       0xd3 c:/winavr-20100110/bin/../lib/gcc/avr/4.3.3/avr5\libgcc.a(_ge_sf.o)
 .debug_line    0x00000735       0xd3 c:/winavr-20100110/bin/../lib/gcc/avr/4.3.3/avr5\libgcc.a(_lt_sf.o)
 .debug_line    0x00000808      0x109 c:/winavr-20100110/bin/../lib/gcc/avr/4.3.3/avr5\libgcc.a(_sf_to_si.o)
 .debug_line    0x00000911       0x90 c:/winavr-20100110/bin/../lib/gcc/avr/4.3.3/avr5\libgcc.a(_thenan_sf.o)
 .debug_line    0x000009a1      0x18a c:/winavr-20100110/bin/../lib/gcc/avr/4.3.3/avr5\libgcc.a(_pack_sf.o)
 .debug_line    0x00000b2b      0x14b c:/winavr-20100110/bin/../lib/gcc/avr/4.3.3/avr5\libgcc.a(_unpack_sf.o)
 .debug_line    0x00000c76      0x137 c:/winavr-20100110/bin/../lib/gcc/avr/4.3.3/avr5\libgcc.a(_fpcmp_parts_sf.o)

.debug_frame    0x00000000      0x160
 *(.debug_frame)
 .debug_frame   0x00000000       0x20 c:/winavr-20100110/bin/../lib/gcc/avr/4.3.3/avr5\libgcc.a(_fixunssfsi.o)
 .debug_frame   0x00000020       0x40 c:/winavr-20100110/bin/../lib/gcc/avr/4.3.3/avr5\libgcc.a(_addsub_sf.o)
 .debug_frame   0x00000060       0x20 c:/winavr-20100110/bin/../lib/gcc/avr/4.3.3/avr5\libgcc.a(_mul_sf.o)
 .debug_frame   0x00000080       0x20 c:/winavr-20100110/bin/../lib/gcc/avr/4.3.3/avr5\libgcc.a(_gt_sf.o)
 .debug_frame   0x000000a0       0x20 c:/winavr-20100110/bin/../lib/gcc/avr/4.3.3/avr5\libgcc.a(_ge_sf.o)
 .debug_frame   0x000000c0       0x20 c:/winavr-20100110/bin/../lib/gcc/avr/4.3.3/avr5\libgcc.a(_lt_sf.o)
 .debug_frame   0x000000e0       0x20 c:/winavr-20100110/bin/../lib/gcc/avr/4.3.3/avr5\libgcc.a(_sf_to_si.o)
 .debug_frame   0x00000100       0x20 c:/winavr-20100110/bin/../lib/gcc/avr/4.3.3/avr5\libgcc.a(_pack_sf.o)
 .debug_frame   0x00000120       0x20 c:/winavr-20100110/bin/../lib/gcc/avr/4.3.3/avr5\libgcc.a(_unpack_sf.o)
 .debug_frame   0x00000140       0x20 c:/winavr-20100110/bin/../lib/gcc/avr/4.3.3/avr5\libgcc.a(_fpcmp_parts_sf.o)

.debug_str      0x00000000      0x28d
 *(.debug_str)
 .debug_str     0x00000000       0xbf c:/winavr-20100110/bin/../lib/gcc/avr/4.3.3/avr5\libgcc.a(_fixunssfsi.o)
                                 0xfe (size before relaxing)
 .debug_str     0x000000bf      0x14d c:/winavr-20100110/bin/../lib/gcc/avr/4.3.3/avr5\libgcc.a(_addsub_sf.o)
                                0x206 (size before relaxing)
 .debug_str     0x0000020c       0x27 c:/winavr-20100110/bin/../lib/gcc/avr/4.3.3/avr5\libgcc.a(_mul_sf.o)
                                0x1bf (size before relaxing)
 .debug_str     0x00000233        0xf c:/winavr-20100110/bin/../lib/gcc/avr/4.3.3/avr5\libgcc.a(_gt_sf.o)
                                0x195 (size before relaxing)
 .debug_str     0x00000242        0x8 c:/winavr-20100110/bin/../lib/gcc/avr/4.3.3/avr5\libgcc.a(_ge_sf.o)
                                0x195 (size before relaxing)
 .debug_str     0x0000024a        0x8 c:/winavr-20100110/bin/../lib/gcc/avr/4.3.3/avr5\libgcc.a(_lt_sf.o)
                                0x195 (size before relaxing)
 .debug_str     0x00000252        0xa c:/winavr-20100110/bin/../lib/gcc/avr/4.3.3/avr5\libgcc.a(_sf_to_si.o)
                                0x19e (size before relaxing)
 .debug_str     0x00000000      0x103 c:/winavr-20100110/bin/../lib/gcc/avr/4.3.3/avr5\libgcc.a(_thenan_sf.o)
 .debug_str     0x0000025c       0x16 c:/winavr-20100110/bin/../lib/gcc/avr/4.3.3/avr5\libgcc.a(_pack_sf.o)
                                0x19d (size before relaxing)
 .debug_str     0x00000272        0xb c:/winavr-20100110/bin/../lib/gcc/avr/4.3.3/avr5\libgcc.a(_unpack_sf.o)
                                0x17f (size before relaxing)
 .debug_str     0x0000027d       0x10 c:/winavr-20100110/bin/../lib/gcc/avr/4.3.3/avr5\libgcc.a(_fpcmp_parts_sf.o)
                                0x163 (size before relaxing)

.debug_loc      0x00000000      0x7ce
 *(.debug_loc)
 .debug_loc     0x00000000       0x34 c:/winavr-20100110/bin/../lib/gcc/avr/4.3.3/avr5\libgcc.a(_fixunssfsi.o)
 .debug_loc     0x00000034      0x32a c:/winavr-20100110/bin/../lib/gcc/avr/4.3.3/avr5\libgcc.a(_addsub_sf.o)
 .debug_loc     0x0000035e      0x104 c:/winavr-20100110/bin/../lib/gcc/avr/4.3.3/avr5\libgcc.a(_mul_sf.o)
 .debug_loc     0x00000462       0x3c c:/winavr-20100110/bin/../lib/gcc/avr/4.3.3/avr5\libgcc.a(_gt_sf.o)
 .debug_loc     0x0000049e       0x3c c:/winavr-20100110/bin/../lib/gcc/avr/4.3.3/avr5\libgcc.a(_ge_sf.o)
 .debug_loc     0x000004da       0x3c c:/winavr-20100110/bin/../lib/gcc/avr/4.3.3/avr5\libgcc.a(_lt_sf.o)
 .debug_loc     0x00000516       0x7e c:/winavr-20100110/bin/../lib/gcc/avr/4.3.3/avr5\libgcc.a(_sf_to_si.o)
 .debug_loc     0x00000594      0x13e c:/winavr-20100110/bin/../lib/gcc/avr/4.3.3/avr5\libgcc.a(_pack_sf.o)
 .debug_loc     0x000006d2       0xac c:/winavr-20100110/bin/../lib/gcc/avr/4.3.3/avr5\libgcc.a(_unpack_sf.o)
 .debug_loc     0x0000077e       0x50 c:/winavr-20100110/bin/../lib/gcc/avr/4.3.3/avr5\libgcc.a(_fpcmp_parts_sf.o)

.debug_macinfo
 *(.debug_macinfo)
OUTPUT(RTOS_Semaphore.elf elf32-avr)
LOAD linker stubs

.debug_ranges   0x00000000       0x50
 .debug_ranges  0x00000000       0x50 c:/winavr-20100110/bin/../lib/gcc/avr/4.3.3/avr5\libgcc.a(_mul_sf.o)
