Archive member included because of file (symbol)

c:/winavr-20100110/bin/../lib/gcc/avr/4.3.3/avr5\libgcc.a(_exit.o)
                              c:/winavr-20100110/bin/../lib/gcc/avr/4.3.3/../../../../avr/lib/avr5/crtm32.o (exit)
c:/winavr-20100110/bin/../lib/gcc/avr/4.3.3/avr5\libgcc.a(_copy_data.o)
                              ./heap_2.o (__do_copy_data)
c:/winavr-20100110/bin/../lib/gcc/avr/4.3.3/avr5\libgcc.a(_clear_bss.o)
                              ./heap_2.o (__do_clear_bss)
c:/winavr-20100110/bin/../lib/gcc/avr/4.3.3/../../../../avr/lib/avr5\libc.a(memcpy.o)
                              ./queue.o (memcpy)

Allocating common symbols
Common symbol       size              file

x                   0x2               ./mutex.o
xQueueRegistry      0x20              ./queue.o
my_mutex            0x2               ./mutex.o
y                   0x2               ./mutex.o

Memory Configuration

Name             Origin             Length             Attributes
text             0x00000000         0x00020000         xr
data             0x00800060         0x0000ffa0         rw !x
eeprom           0x00810000         0x00010000         rw !x
fuse             0x00820000         0x00000400         rw !x
lock             0x00830000         0x00000400         rw !x
signature        0x00840000         0x00000400         rw !x
*default*        0x00000000         0xffffffff

Linker script and memory map

LOAD c:/winavr-20100110/bin/../lib/gcc/avr/4.3.3/../../../../avr/lib/avr5/crtm32.o
LOAD ./DIO.o
LOAD ./event_groups.o
LOAD ./heap_2.o
LOAD ./list.o
LOAD ./mutex.o
LOAD ./port.o
LOAD ./queue.o
LOAD ./tasks.o
LOAD c:/winavr-20100110/bin/../lib/gcc/avr/4.3.3/avr5\libgcc.a
LOAD c:/winavr-20100110/bin/../lib/gcc/avr/4.3.3/../../../../avr/lib/avr5\libc.a
LOAD c:/winavr-20100110/bin/../lib/gcc/avr/4.3.3/avr5\libgcc.a

.hash
 *(.hash)

.dynsym
 *(.dynsym)

.dynstr
 *(.dynstr)

.gnu.version
 *(.gnu.version)

.gnu.version_d
 *(.gnu.version_d)

.gnu.version_r
 *(.gnu.version_r)

.rel.init
 *(.rel.init)

.rela.init
 *(.rela.init)

.rel.text
 *(.rel.text)
 *(.rel.text.*)
 *(.rel.gnu.linkonce.t*)

.rela.text
 *(.rela.text)
 *(.rela.text.*)
 *(.rela.gnu.linkonce.t*)

.rel.fini
 *(.rel.fini)

.rela.fini
 *(.rela.fini)

.rel.rodata
 *(.rel.rodata)
 *(.rel.rodata.*)
 *(.rel.gnu.linkonce.r*)

.rela.rodata
 *(.rela.rodata)
 *(.rela.rodata.*)
 *(.rela.gnu.linkonce.r*)

.rel.data
 *(.rel.data)
 *(.rel.data.*)
 *(.rel.gnu.linkonce.d*)

.rela.data
 *(.rela.data)
 *(.rela.data.*)
 *(.rela.gnu.linkonce.d*)

.rel.ctors
 *(.rel.ctors)

.rela.ctors
 *(.rela.ctors)

.rel.dtors
 *(.rel.dtors)

.rela.dtors
 *(.rela.dtors)

.rel.got
 *(.rel.got)

.rela.got
 *(.rela.got)

.rel.bss
 *(.rel.bss)

.rela.bss
 *(.rela.bss)

.rel.plt
 *(.rel.plt)

.rela.plt
 *(.rela.plt)

.text           0x00000000     0x2762
 *(.vectors)
 .vectors       0x00000000       0x54 c:/winavr-20100110/bin/../lib/gcc/avr/4.3.3/../../../../avr/lib/avr5/crtm32.o
                0x00000000                __vectors
                0x00000000                __vector_default
 *(.vectors)
 *(.progmem.gcc*)
 *(.progmem*)
                0x00000054                . = ALIGN (0x2)
                0x00000054                __trampolines_start = .
 *(.trampolines)
 .trampolines   0x00000054        0x0 linker stubs
 *(.trampolines*)
                0x00000054                __trampolines_end = .
 *(.jumptables)
 *(.jumptables*)
 *(.lowtext)
 *(.lowtext*)
                0x00000054                __ctors_start = .
 *(.ctors)
                0x00000054                __ctors_end = .
                0x00000054                __dtors_start = .
 *(.dtors)
                0x00000054                __dtors_end = .
 SORT(*)(.ctors)
 SORT(*)(.dtors)
 *(.init0)
 .init0         0x00000054        0x0 c:/winavr-20100110/bin/../lib/gcc/avr/4.3.3/../../../../avr/lib/avr5/crtm32.o
                0x00000054                __init
 *(.init0)
 *(.init1)
 *(.init1)
 *(.init2)
 .init2         0x00000054        0xc c:/winavr-20100110/bin/../lib/gcc/avr/4.3.3/../../../../avr/lib/avr5/crtm32.o
 *(.init2)
 *(.init3)
 *(.init3)
 *(.init4)
 .init4         0x00000060       0x16 c:/winavr-20100110/bin/../lib/gcc/avr/4.3.3/avr5\libgcc.a(_copy_data.o)
                0x00000060                __do_copy_data
 .init4         0x00000076       0x10 c:/winavr-20100110/bin/../lib/gcc/avr/4.3.3/avr5\libgcc.a(_clear_bss.o)
                0x00000076                __do_clear_bss
 *(.init4)
 *(.init5)
 *(.init5)
 *(.init6)
 *(.init6)
 *(.init7)
 *(.init7)
 *(.init8)
 *(.init8)
 *(.init9)
 .init9         0x00000086        0x8 c:/winavr-20100110/bin/../lib/gcc/avr/4.3.3/../../../../avr/lib/avr5/crtm32.o
 *(.init9)
 *(.text)
 .text          0x0000008e        0x4 c:/winavr-20100110/bin/../lib/gcc/avr/4.3.3/../../../../avr/lib/avr5/crtm32.o
                0x0000008e                __vector_1
                0x0000008e                __vector_12
                0x0000008e                __bad_interrupt
                0x0000008e                __vector_6
                0x0000008e                __vector_3
                0x0000008e                __vector_11
                0x0000008e                __vector_13
                0x0000008e                __vector_17
                0x0000008e                __vector_19
                0x0000008e                __vector_5
                0x0000008e                __vector_4
                0x0000008e                __vector_9
                0x0000008e                __vector_2
                0x0000008e                __vector_15
                0x0000008e                __vector_8
                0x0000008e                __vector_14
                0x0000008e                __vector_10
                0x0000008e                __vector_16
                0x0000008e                __vector_18
                0x0000008e                __vector_20
 .text          0x00000092        0x0 ./DIO.o
 .text          0x00000092        0x0 ./event_groups.o
 .text          0x00000092        0x0 ./heap_2.o
 .text          0x00000092        0x0 ./list.o
 .text          0x00000092        0x0 ./mutex.o
 .text          0x00000092        0x0 ./port.o
 .text          0x00000092        0x0 ./queue.o
 .text          0x00000092        0x0 ./tasks.o
 .text          0x00000092        0x0 c:/winavr-20100110/bin/../lib/gcc/avr/4.3.3/avr5\libgcc.a(_exit.o)
 .text          0x00000092        0x0 c:/winavr-20100110/bin/../lib/gcc/avr/4.3.3/avr5\libgcc.a(_copy_data.o)
 .text          0x00000092        0x0 c:/winavr-20100110/bin/../lib/gcc/avr/4.3.3/avr5\libgcc.a(_clear_bss.o)
 .text          0x00000092        0x0 c:/winavr-20100110/bin/../lib/gcc/avr/4.3.3/../../../../avr/lib/avr5\libc.a(memcpy.o)
                0x00000092                . = ALIGN (0x2)
 *(.text.*)
 .text.DIO_vsetPINDir
                0x00000092       0xe4 ./DIO.o
                0x00000092                DIO_vsetPINDir
 .text.DIO_write
                0x00000176       0xe4 ./DIO.o
                0x00000176                DIO_write
 .text.DIO_u8read
                0x0000025a       0x68 ./DIO.o
                0x0000025a                DIO_u8read
 .text.DIO_toggle
                0x000002c2       0x70 ./DIO.o
                0x000002c2                DIO_toggle
 .text.DIO_write_port
                0x00000332       0x28 ./DIO.o
                0x00000332                DIO_write_port
 .text.dio_write_highnibble
                0x0000035a       0x40 ./DIO.o
                0x0000035a                dio_write_highnibble
 .text.clear_high_nibble
                0x0000039a       0x38 ./DIO.o
                0x0000039a                clear_high_nibble
 .text.xEventGroupClearBits
                0x000003d2       0x20 ./event_groups.o
                0x000003d2                xEventGroupClearBits
 .text.xEventGroupGetBitsFromISR
                0x000003f2        0x8 ./event_groups.o
                0x000003f2                xEventGroupGetBitsFromISR
 .text.vEventGroupClearBitsCallback
                0x000003fa        0x8 ./event_groups.o
                0x000003fa                vEventGroupClearBitsCallback
 .text.vEventGroupDelete
                0x00000402       0x2e ./event_groups.o
                0x00000402                vEventGroupDelete
 .text.xEventGroupSetBits
                0x00000430       0xb0 ./event_groups.o
                0x00000430                xEventGroupSetBits
 .text.vEventGroupSetBitsCallback
                0x000004e0        0x8 ./event_groups.o
                0x000004e0                vEventGroupSetBitsCallback
 .text.xEventGroupWaitBits
                0x000004e8      0x100 ./event_groups.o
                0x000004e8                xEventGroupWaitBits
 .text.xEventGroupSync
                0x000005e8       0xe6 ./event_groups.o
                0x000005e8                xEventGroupSync
 .text.xEventGroupCreate
                0x000006ce       0x26 ./event_groups.o
                0x000006ce                xEventGroupCreate
 .text.xPortGetFreeHeapSize
                0x000006f4        0xa ./heap_2.o
                0x000006f4                xPortGetFreeHeapSize
 .text.vPortInitialiseBlocks
                0x000006fe        0x2 ./heap_2.o
                0x000006fe                vPortInitialiseBlocks
 .text.vPortFree
                0x00000700       0x60 ./heap_2.o
                0x00000700                vPortFree
 .text.pvPortMalloc
                0x00000760      0x146 ./heap_2.o
                0x00000760                pvPortMalloc
 .text.vListInitialise
                0x000008a6       0x20 ./list.o
                0x000008a6                vListInitialise
 .text.vListInitialiseItem
                0x000008c6        0x8 ./list.o
                0x000008c6                vListInitialiseItem
 .text.vListInsertEnd
                0x000008ce       0x3e ./list.o
                0x000008ce                vListInsertEnd
 .text.vListInsert
                0x0000090c       0x64 ./list.o
                0x0000090c                vListInsert
 .text.uxListRemove
                0x00000970       0x54 ./list.o
                0x00000970                uxListRemove
 .text.task2    0x000009c4       0x14 ./mutex.o
                0x000009c4                task2
 .text.task1    0x000009d8       0x54 ./mutex.o
                0x000009d8                task1
 .text.main     0x00000a2c       0x4a ./mutex.o
                0x00000a2c                main
 .text.pxPortInitialiseStack
                0x00000a76       0x90 ./port.o
                0x00000a76                pxPortInitialiseStack
 .text.xPortStartScheduler
                0x00000b06       0x6a ./port.o
                0x00000b06                xPortStartScheduler
 .text.vPortEndScheduler
                0x00000b70        0x2 ./port.o
                0x00000b70                vPortEndScheduler
 .text.vPortYieldFromTick
                0x00000b72       0xba ./port.o
                0x00000b72                vPortYieldFromTick
 .text.__vector_7
                0x00000c2c        0x6 ./port.o
                0x00000c2c                __vector_7
 .text.vPortYield
                0x00000c32       0xb2 ./port.o
                0x00000c32                vPortYield
 .text.uxQueueMessagesWaiting
                0x00000ce4       0x10 ./queue.o
                0x00000ce4                uxQueueMessagesWaiting
 .text.uxQueueSpacesAvailable
                0x00000cf4       0x14 ./queue.o
                0x00000cf4                uxQueueSpacesAvailable
 .text.uxQueueMessagesWaitingFromISR
                0x00000d08        0x6 ./queue.o
                0x00000d08                uxQueueMessagesWaitingFromISR
 .text.xQueueIsQueueEmptyFromISR
                0x00000d0e       0x10 ./queue.o
                0x00000d0e                xQueueIsQueueEmptyFromISR
 .text.xQueueIsQueueFullFromISR
                0x00000d1e       0x12 ./queue.o
                0x00000d1e                xQueueIsQueueFullFromISR
 .text.vQueueAddToRegistry
                0x00000d30       0x3a ./queue.o
                0x00000d30                vQueueAddToRegistry
 .text.pcQueueGetName
                0x00000d6a       0x3a ./queue.o
                0x00000d6a                pcQueueGetName
 .text.vQueueUnregisterQueue
                0x00000da4       0x3c ./queue.o
                0x00000da4                vQueueUnregisterQueue
 .text.vQueueDelete
                0x00000de0       0x1a ./queue.o
                0x00000de0                vQueueDelete
 .text.prvCopyDataFromQueue
                0x00000dfa       0x3c ./queue.o
 .text.xQueuePeekFromISR
                0x00000e36       0x2a ./queue.o
                0x00000e36                xQueuePeekFromISR
 .text.xQueueReceiveFromISR
                0x00000e60       0x5c ./queue.o
                0x00000e60                xQueueReceiveFromISR
 .text.xQueueGiveFromISR
                0x00000ebc       0x46 ./queue.o
                0x00000ebc                xQueueGiveFromISR
 .text.prvUnlockQueue
                0x00000f02       0x84 ./queue.o
 .text.xQueueGenericReceive
                0x00000f86      0x1a6 ./queue.o
                0x00000f86                xQueueGenericReceive
 .text.prvCopyDataToQueue
                0x0000112c       0xac ./queue.o
 .text.xQueueGenericSendFromISR
                0x000011d8       0x5e ./queue.o
                0x000011d8                xQueueGenericSendFromISR
 .text.xQueueGenericSend
                0x00001236      0x156 ./queue.o
                0x00001236                xQueueGenericSend
 .text.xQueueGenericReset
                0x0000138c       0x84 ./queue.o
                0x0000138c                xQueueGenericReset
 .text.xQueueGenericCreate
                0x00001410       0x50 ./queue.o
                0x00001410                xQueueGenericCreate
 .text.xQueueCreateMutex
                0x00001460       0x34 ./queue.o
                0x00001460                xQueueCreateMutex
 .text.uxTaskPriorityGet
                0x00001494       0x1e ./tasks.o
                0x00001494                uxTaskPriorityGet
 .text.uxTaskPriorityGetFromISR
                0x000014b2       0x14 ./tasks.o
                0x000014b2                uxTaskPriorityGetFromISR
 .text.vTaskSuspendAll
                0x000014c6        0xc ./tasks.o
                0x000014c6                vTaskSuspendAll
 .text.xTaskGetTickCount
                0x000014d2       0x16 ./tasks.o
                0x000014d2                xTaskGetTickCount
 .text.xTaskGetTickCountFromISR
                0x000014e8        0xc ./tasks.o
                0x000014e8                xTaskGetTickCountFromISR
 .text.uxTaskGetNumberOfTasks
                0x000014f4        0x6 ./tasks.o
                0x000014f4                uxTaskGetNumberOfTasks
 .text.pcTaskGetName
                0x000014fa       0x16 ./tasks.o
                0x000014fa                pcTaskGetName
 .text.vTaskSwitchContext
                0x00001510       0x74 ./tasks.o
                0x00001510                vTaskSwitchContext
 .text.vTaskSetTimeOutState
                0x00001584       0x16 ./tasks.o
                0x00001584                vTaskSetTimeOutState
 .text.xTaskCheckForTimeOut
                0x0000159a       0x6e ./tasks.o
                0x0000159a                xTaskCheckForTimeOut
 .text.vTaskMissedYield
                0x00001608        0x8 ./tasks.o
                0x00001608                vTaskMissedYield
 .text.xTaskGetCurrentTaskHandle
                0x00001610        0xc ./tasks.o
                0x00001610                xTaskGetCurrentTaskHandle
 .text.uxTaskResetEventItemValue
                0x0000161c       0x30 ./tasks.o
                0x0000161c                uxTaskResetEventItemValue
 .text.pvTaskIncrementMutexHeldCount
                0x0000164c       0x26 ./tasks.o
                0x0000164c                pvTaskIncrementMutexHeldCount
 .text.xTaskNotifyStateClear
                0x00001672       0x2a ./tasks.o
                0x00001672                xTaskNotifyStateClear
 .text.vTaskNotifyGiveFromISR
                0x0000169c       0xa2 ./tasks.o
                0x0000169c                vTaskNotifyGiveFromISR
 .text.xTaskGenericNotifyFromISR
                0x0000173e       0xf8 ./tasks.o
                0x0000173e                xTaskGenericNotifyFromISR
 .text.xTaskPriorityDisinherit
                0x00001836       0x6a ./tasks.o
                0x00001836                xTaskPriorityDisinherit
 .text.vTaskPriorityInherit
                0x000018a0       0xa4 ./tasks.o
                0x000018a0                vTaskPriorityInherit
 .text.xTaskRemoveFromUnorderedEventList
                0x00001944       0x68 ./tasks.o
                0x00001944                xTaskRemoveFromUnorderedEventList
 .text.xTaskRemoveFromEventList
                0x000019ac       0x80 ./tasks.o
                0x000019ac                xTaskRemoveFromEventList
 .text.xTaskIncrementTick
                0x00001a2c      0x164 ./tasks.o
                0x00001a2c                xTaskIncrementTick
 .text.xTaskResumeFromISR
                0x00001b90       0x9c ./tasks.o
                0x00001b90                xTaskResumeFromISR
 .text.xTaskGenericNotify
                0x00001c2c       0xd4 ./tasks.o
                0x00001c2c                xTaskGenericNotify
 .text.xTaskResumeAll
                0x00001d00      0x112 ./tasks.o
                0x00001d00                xTaskResumeAll
 .text.vTaskResume
                0x00001e12       0x92 ./tasks.o
                0x00001e12                vTaskResume
 .text.vTaskSuspend
                0x00001ea4       0xce ./tasks.o
                0x00001ea4                vTaskSuspend
 .text.vTaskPrioritySet
                0x00001f72       0xe2 ./tasks.o
                0x00001f72                vTaskPrioritySet
 .text.prvAddCurrentTaskToDelayedList
                0x00002054       0xb0 ./tasks.o
 .text.xTaskNotifyWait
                0x00002104      0x10e ./tasks.o
                0x00002104                xTaskNotifyWait
 .text.ulTaskNotifyTake
                0x00002212       0xb0 ./tasks.o
                0x00002212                ulTaskNotifyTake
 .text.vTaskPlaceOnUnorderedEventList
                0x000022c2       0x32 ./tasks.o
                0x000022c2                vTaskPlaceOnUnorderedEventList
 .text.vTaskDelay
                0x000022f4       0x26 ./tasks.o
                0x000022f4                vTaskDelay
 .text.vTaskDelayUntil
                0x0000231a       0x5e ./tasks.o
                0x0000231a                vTaskDelayUntil
 .text.vTaskPlaceOnEventList
                0x00002378       0x24 ./tasks.o
                0x00002378                vTaskPlaceOnEventList
 .text.vTaskEndScheduler
                0x0000239c        0xc ./tasks.o
                0x0000239c                vTaskEndScheduler
 .text.prvIdleTask
                0x000023a8       0x74 ./tasks.o
 .text.vTaskDelete
                0x0000241c       0xdc ./tasks.o
                0x0000241c                vTaskDelete
 .text.xTaskCreate
                0x000024f8      0x204 ./tasks.o
                0x000024f8                xTaskCreate
 .text.vTaskStartScheduler
                0x000026fc       0x50 ./tasks.o
                0x000026fc                vTaskStartScheduler
 .text.libgcc   0x0000274c        0x0 c:/winavr-20100110/bin/../lib/gcc/avr/4.3.3/avr5\libgcc.a(_exit.o)
 .text.libgcc   0x0000274c        0x0 c:/winavr-20100110/bin/../lib/gcc/avr/4.3.3/avr5\libgcc.a(_copy_data.o)
 .text.libgcc   0x0000274c        0x0 c:/winavr-20100110/bin/../lib/gcc/avr/4.3.3/avr5\libgcc.a(_clear_bss.o)
 .text.avr-libc
                0x0000274c       0x12 c:/winavr-20100110/bin/../lib/gcc/avr/4.3.3/../../../../avr/lib/avr5\libc.a(memcpy.o)
                0x0000274c                memcpy
                0x0000275e                . = ALIGN (0x2)
 *(.fini9)
 .fini9         0x0000275e        0x0 c:/winavr-20100110/bin/../lib/gcc/avr/4.3.3/avr5\libgcc.a(_exit.o)
                0x0000275e                exit
                0x0000275e                _exit
 *(.fini9)
 *(.fini8)
 *(.fini8)
 *(.fini7)
 *(.fini7)
 *(.fini6)
 *(.fini6)
 *(.fini5)
 *(.fini5)
 *(.fini4)
 *(.fini4)
 *(.fini3)
 *(.fini3)
 *(.fini2)
 *(.fini2)
 *(.fini1)
 *(.fini1)
 *(.fini0)
 .fini0         0x0000275e        0x4 c:/winavr-20100110/bin/../lib/gcc/avr/4.3.3/avr5\libgcc.a(_exit.o)
 *(.fini0)
                0x00002762                _etext = .

.data           0x00800060        0xc load address 0x00002762
                0x00800060                PROVIDE (__data_start, .)
 *(.data)
 .data          0x00800060        0x0 c:/winavr-20100110/bin/../lib/gcc/avr/4.3.3/../../../../avr/lib/avr5/crtm32.o
 .data          0x00800060        0x0 ./DIO.o
 .data          0x00800060        0x0 ./event_groups.o
 .data          0x00800060        0x0 ./heap_2.o
 .data          0x00800060        0x0 ./list.o
 .data          0x00800060        0x4 ./mutex.o
 .data          0x00800064        0x0 ./port.o
 .data          0x00800064        0x0 ./queue.o
 .data          0x00800064        0x5 ./tasks.o
 .data          0x00800069        0x0 c:/winavr-20100110/bin/../lib/gcc/avr/4.3.3/avr5\libgcc.a(_exit.o)
 .data          0x00800069        0x0 c:/winavr-20100110/bin/../lib/gcc/avr/4.3.3/avr5\libgcc.a(_copy_data.o)
 .data          0x00800069        0x0 c:/winavr-20100110/bin/../lib/gcc/avr/4.3.3/avr5\libgcc.a(_clear_bss.o)
 .data          0x00800069        0x0 c:/winavr-20100110/bin/../lib/gcc/avr/4.3.3/../../../../avr/lib/avr5\libc.a(memcpy.o)
 *(.data*)
 .data.xFreeBytesRemaining
                0x00800069        0x2 ./heap_2.o
 *(.rodata)
 *(.rodata*)
 *(.gnu.linkonce.d*)
                0x0080006c                . = ALIGN (0x2)
 *fill*         0x0080006b        0x1 00
                0x0080006c                _edata = .
                0x0080006c                PROVIDE (__data_end, .)

.bss            0x0080006c      0x3be
                0x0080006c                PROVIDE (__bss_start, .)
 *(.bss)
 .bss           0x0080006c        0x0 c:/winavr-20100110/bin/../lib/gcc/avr/4.3.3/../../../../avr/lib/avr5/crtm32.o
 .bss           0x0080006c        0x0 ./DIO.o
 .bss           0x0080006c        0x0 ./event_groups.o
 .bss           0x0080006c        0x0 ./heap_2.o
 .bss           0x0080006c        0x0 ./list.o
 .bss           0x0080006c        0x0 ./mutex.o
 .bss           0x0080006c        0x0 ./port.o
 .bss           0x0080006c        0x0 ./queue.o
 .bss           0x0080006c        0x0 ./tasks.o
 .bss           0x0080006c        0x0 c:/winavr-20100110/bin/../lib/gcc/avr/4.3.3/avr5\libgcc.a(_exit.o)
 .bss           0x0080006c        0x0 c:/winavr-20100110/bin/../lib/gcc/avr/4.3.3/avr5\libgcc.a(_copy_data.o)
 .bss           0x0080006c        0x0 c:/winavr-20100110/bin/../lib/gcc/avr/4.3.3/avr5\libgcc.a(_clear_bss.o)
 .bss           0x0080006c        0x0 c:/winavr-20100110/bin/../lib/gcc/avr/4.3.3/../../../../avr/lib/avr5\libc.a(memcpy.o)
 *(.bss*)
 .bss.xHeapHasBeenInitialised.1634
                0x0080006c        0x1 ./heap_2.o
 .bss.ucHeap    0x0080006d      0x320 ./heap_2.o
 .bss.xStart    0x0080038d        0x4 ./heap_2.o
 .bss.xEnd      0x00800391        0x4 ./heap_2.o
 .bss.pxCurrentTCB
                0x00800395        0x2 ./tasks.o
                0x00800395                pxCurrentTCB
 .bss.uxSchedulerSuspended
                0x00800397        0x1 ./tasks.o
 .bss.uxTopReadyPriority
                0x00800398        0x1 ./tasks.o
 .bss.xYieldPending
                0x00800399        0x1 ./tasks.o
 .bss.xTickCount
                0x0080039a        0x2 ./tasks.o
 .bss.xNextTaskUnblockTime
                0x0080039c        0x2 ./tasks.o
 .bss.xNumOfOverflows
                0x0080039e        0x1 ./tasks.o
 .bss.uxPendedTicks
                0x0080039f        0x1 ./tasks.o
 .bss.uxCurrentNumberOfTasks
                0x008003a0        0x1 ./tasks.o
 .bss.xSchedulerRunning
                0x008003a1        0x1 ./tasks.o
 .bss.xIdleTaskHandle
                0x008003a2        0x2 ./tasks.o
 .bss.uxDeletedTasksWaitingCleanUp
                0x008003a4        0x1 ./tasks.o
 .bss.uxTaskNumber
                0x008003a5        0x1 ./tasks.o
 .bss.pxReadyTasksLists
                0x008003a6       0x2d ./tasks.o
 .bss.xDelayedTaskList1
                0x008003d3        0x9 ./tasks.o
 .bss.xDelayedTaskList2
                0x008003dc        0x9 ./tasks.o
 .bss.pxDelayedTaskList
                0x008003e5        0x2 ./tasks.o
 .bss.pxOverflowDelayedTaskList
                0x008003e7        0x2 ./tasks.o
 .bss.xPendingReadyList
                0x008003e9        0x9 ./tasks.o
 .bss.xTasksWaitingTermination
                0x008003f2        0x9 ./tasks.o
 .bss.xSuspendedTaskList
                0x008003fb        0x9 ./tasks.o
 *(COMMON)
 COMMON         0x00800404        0x6 ./mutex.o
                0x00800404                x
                0x00800406                my_mutex
                0x00800408                y
 COMMON         0x0080040a       0x20 ./queue.o
                0x0080040a                xQueueRegistry
                0x0080042a                PROVIDE (__bss_end, .)
                0x00002762                __data_load_start = LOADADDR (.data)
                0x0000276e                __data_load_end = (__data_load_start + SIZEOF (.data))

.noinit         0x0080042a        0x0
                0x0080042a                PROVIDE (__noinit_start, .)
 *(.noinit*)
                0x0080042a                PROVIDE (__noinit_end, .)
                0x0080042a                _end = .
                0x0080042a                PROVIDE (__heap_start, .)

.eeprom         0x00810000        0x0
 *(.eeprom*)
                0x00810000                __eeprom_end = .

.fuse
 *(.fuse)
 *(.lfuse)
 *(.hfuse)
 *(.efuse)

.lock
 *(.lock*)

.signature
 *(.signature*)

.stab
 *(.stab)

.stabstr
 *(.stabstr)

.stab.excl
 *(.stab.excl)

.stab.exclstr
 *(.stab.exclstr)

.stab.index
 *(.stab.index)

.stab.indexstr
 *(.stab.indexstr)

.comment
 *(.comment)

.debug
 *(.debug)

.line
 *(.line)

.debug_srcinfo
 *(.debug_srcinfo)

.debug_sfnames
 *(.debug_sfnames)

.debug_aranges
 *(.debug_aranges)

.debug_pubnames
 *(.debug_pubnames)

.debug_info
 *(.debug_info)
 *(.gnu.linkonce.wi.*)

.debug_abbrev
 *(.debug_abbrev)

.debug_line
 *(.debug_line)

.debug_frame
 *(.debug_frame)

.debug_str
 *(.debug_str)

.debug_loc
 *(.debug_loc)

.debug_macinfo
 *(.debug_macinfo)
OUTPUT(RTOS_Mutex.elf elf32-avr)
LOAD linker stubs
