Archive member included because of file (symbol)

c:/winavr-20100110/bin/../lib/gcc/avr/4.3.3/avr5\libgcc.a(_exit.o)
                              c:/winavr-20100110/bin/../lib/gcc/avr/4.3.3/../../../../avr/lib/avr5/crtm32.o (exit)
c:/winavr-20100110/bin/../lib/gcc/avr/4.3.3/avr5\libgcc.a(_copy_data.o)
                              ./heap_2.o (__do_copy_data)
c:/winavr-20100110/bin/../lib/gcc/avr/4.3.3/avr5\libgcc.a(_clear_bss.o)
                              ./heap_2.o (__do_clear_bss)
c:/winavr-20100110/bin/../lib/gcc/avr/4.3.3/../../../../avr/lib/avr5\libc.a(memcpy.o)
                              ./queue.o (memcpy)

Allocating common symbols
Common symbol       size              file

xQueueRegistry      0x20              ./queue.o
z                   0x1               ./message Queue.o
my_queue            0x2               ./message Queue.o

Memory Configuration

Name             Origin             Length             Attributes
text             0x00000000         0x00020000         xr
data             0x00800060         0x0000ffa0         rw !x
eeprom           0x00810000         0x00010000         rw !x
fuse             0x00820000         0x00000400         rw !x
lock             0x00830000         0x00000400         rw !x
signature        0x00840000         0x00000400         rw !x
*default*        0x00000000         0xffffffff

Linker script and memory map

LOAD c:/winavr-20100110/bin/../lib/gcc/avr/4.3.3/../../../../avr/lib/avr5/crtm32.o
LOAD ./DIO.o
LOAD ./LCD.o
LOAD ./event_groups.o
LOAD ./heap_2.o
LOAD ./keypad_driver.o
LOAD ./list.o
LOAD ./message Queue.o
LOAD ./port.o
LOAD ./queue.o
LOAD ./tasks.o
LOAD c:/winavr-20100110/bin/../lib/gcc/avr/4.3.3/avr5\libgcc.a
LOAD c:/winavr-20100110/bin/../lib/gcc/avr/4.3.3/../../../../avr/lib/avr5\libc.a
LOAD c:/winavr-20100110/bin/../lib/gcc/avr/4.3.3/avr5\libgcc.a

.hash
 *(.hash)

.dynsym
 *(.dynsym)

.dynstr
 *(.dynstr)

.gnu.version
 *(.gnu.version)

.gnu.version_d
 *(.gnu.version_d)

.gnu.version_r
 *(.gnu.version_r)

.rel.init
 *(.rel.init)

.rela.init
 *(.rela.init)

.rel.text
 *(.rel.text)
 *(.rel.text.*)
 *(.rel.gnu.linkonce.t*)

.rela.text
 *(.rela.text)
 *(.rela.text.*)
 *(.rela.gnu.linkonce.t*)

.rel.fini
 *(.rel.fini)

.rela.fini
 *(.rela.fini)

.rel.rodata
 *(.rel.rodata)
 *(.rel.rodata.*)
 *(.rel.gnu.linkonce.r*)

.rela.rodata
 *(.rela.rodata)
 *(.rela.rodata.*)
 *(.rela.gnu.linkonce.r*)

.rel.data
 *(.rel.data)
 *(.rel.data.*)
 *(.rel.gnu.linkonce.d*)

.rela.data
 *(.rela.data)
 *(.rela.data.*)
 *(.rela.gnu.linkonce.d*)

.rel.ctors
 *(.rel.ctors)

.rela.ctors
 *(.rela.ctors)

.rel.dtors
 *(.rel.dtors)

.rela.dtors
 *(.rela.dtors)

.rel.got
 *(.rel.got)

.rela.got
 *(.rela.got)

.rel.bss
 *(.rel.bss)

.rela.bss
 *(.rela.bss)

.rel.plt
 *(.rel.plt)

.rela.plt
 *(.rela.plt)

.text           0x00000000     0x2bb0
 *(.vectors)
 .vectors       0x00000000       0x54 c:/winavr-20100110/bin/../lib/gcc/avr/4.3.3/../../../../avr/lib/avr5/crtm32.o
                0x00000000                __vectors
                0x00000000                __vector_default
 *(.vectors)
 *(.progmem.gcc*)
 *(.progmem*)
                0x00000054                . = ALIGN (0x2)
                0x00000054                __trampolines_start = .
 *(.trampolines)
 .trampolines   0x00000054        0x0 linker stubs
 *(.trampolines*)
                0x00000054                __trampolines_end = .
 *(.jumptables)
 *(.jumptables*)
 *(.lowtext)
 *(.lowtext*)
                0x00000054                __ctors_start = .
 *(.ctors)
                0x00000054                __ctors_end = .
                0x00000054                __dtors_start = .
 *(.dtors)
                0x00000054                __dtors_end = .
 SORT(*)(.ctors)
 SORT(*)(.dtors)
 *(.init0)
 .init0         0x00000054        0x0 c:/winavr-20100110/bin/../lib/gcc/avr/4.3.3/../../../../avr/lib/avr5/crtm32.o
                0x00000054                __init
 *(.init0)
 *(.init1)
 *(.init1)
 *(.init2)
 .init2         0x00000054        0xc c:/winavr-20100110/bin/../lib/gcc/avr/4.3.3/../../../../avr/lib/avr5/crtm32.o
 *(.init2)
 *(.init3)
 *(.init3)
 *(.init4)
 .init4         0x00000060       0x16 c:/winavr-20100110/bin/../lib/gcc/avr/4.3.3/avr5\libgcc.a(_copy_data.o)
                0x00000060                __do_copy_data
 .init4         0x00000076       0x10 c:/winavr-20100110/bin/../lib/gcc/avr/4.3.3/avr5\libgcc.a(_clear_bss.o)
                0x00000076                __do_clear_bss
 *(.init4)
 *(.init5)
 *(.init5)
 *(.init6)
 *(.init6)
 *(.init7)
 *(.init7)
 *(.init8)
 *(.init8)
 *(.init9)
 .init9         0x00000086        0x8 c:/winavr-20100110/bin/../lib/gcc/avr/4.3.3/../../../../avr/lib/avr5/crtm32.o
 *(.init9)
 *(.text)
 .text          0x0000008e        0x4 c:/winavr-20100110/bin/../lib/gcc/avr/4.3.3/../../../../avr/lib/avr5/crtm32.o
                0x0000008e                __vector_1
                0x0000008e                __vector_12
                0x0000008e                __bad_interrupt
                0x0000008e                __vector_6
                0x0000008e                __vector_3
                0x0000008e                __vector_11
                0x0000008e                __vector_13
                0x0000008e                __vector_17
                0x0000008e                __vector_19
                0x0000008e                __vector_5
                0x0000008e                __vector_4
                0x0000008e                __vector_9
                0x0000008e                __vector_2
                0x0000008e                __vector_15
                0x0000008e                __vector_8
                0x0000008e                __vector_14
                0x0000008e                __vector_10
                0x0000008e                __vector_16
                0x0000008e                __vector_18
                0x0000008e                __vector_20
 .text          0x00000092        0x0 ./DIO.o
 .text          0x00000092        0x0 ./LCD.o
 .text          0x00000092        0x0 ./event_groups.o
 .text          0x00000092        0x0 ./heap_2.o
 .text          0x00000092        0x0 ./keypad_driver.o
 .text          0x00000092        0x0 ./list.o
 .text          0x00000092        0x0 ./message Queue.o
 .text          0x00000092        0x0 ./port.o
 .text          0x00000092        0x0 ./queue.o
 .text          0x00000092        0x0 ./tasks.o
 .text          0x00000092        0x0 c:/winavr-20100110/bin/../lib/gcc/avr/4.3.3/avr5\libgcc.a(_exit.o)
 .text          0x00000092        0x0 c:/winavr-20100110/bin/../lib/gcc/avr/4.3.3/avr5\libgcc.a(_copy_data.o)
 .text          0x00000092        0x0 c:/winavr-20100110/bin/../lib/gcc/avr/4.3.3/avr5\libgcc.a(_clear_bss.o)
 .text          0x00000092        0x0 c:/winavr-20100110/bin/../lib/gcc/avr/4.3.3/../../../../avr/lib/avr5\libc.a(memcpy.o)
                0x00000092                . = ALIGN (0x2)
 *(.text.*)
 .text.DIO_vsetPINDir
                0x00000092       0xe4 ./DIO.o
                0x00000092                DIO_vsetPINDir
 .text.DIO_write
                0x00000176       0xe4 ./DIO.o
                0x00000176                DIO_write
 .text.DIO_u8read
                0x0000025a       0x6a ./DIO.o
                0x0000025a                DIO_u8read
 .text.DIO_toggle
                0x000002c4       0x70 ./DIO.o
                0x000002c4                DIO_toggle
 .text.DIO_set_port_direction
                0x00000334       0x28 ./DIO.o
                0x00000334                DIO_set_port_direction
 .text.DIO_write_port
                0x0000035c       0x28 ./DIO.o
                0x0000035c                DIO_write_port
 .text.DIO_read_port
                0x00000384       0x2a ./DIO.o
                0x00000384                DIO_read_port
 .text.DIO_vconnectpullup
                0x000003ae       0xe4 ./DIO.o
                0x000003ae                DIO_vconnectpullup
 .text.write_low_nibble
                0x00000492       0x4c ./DIO.o
                0x00000492                write_low_nibble
 .text.write_high_nibble
                0x000004de       0x4e ./DIO.o
                0x000004de                write_high_nibble
 .text.send_falling_edge
                0x0000052c       0x2e ./LCD.o
 .text.LCD_vSend_char
                0x0000055a       0x20 ./LCD.o
                0x0000055a                LCD_vSend_char
 .text.LCD_vSend_string
                0x0000057a       0x1a ./LCD.o
                0x0000057a                LCD_vSend_string
 .text.LCD_vSend_cmd
                0x00000594       0x20 ./LCD.o
                0x00000594                LCD_vSend_cmd
 .text.LCD_movecursor
                0x000005b4       0x34 ./LCD.o
                0x000005b4                LCD_movecursor
 .text.LCD_clearscreen
                0x000005e8       0x10 ./LCD.o
                0x000005e8                LCD_clearscreen
 .text.LCD_vInit
                0x000005f8       0xca ./LCD.o
                0x000005f8                LCD_vInit
 .text.xEventGroupClearBits
                0x000006c2       0x20 ./event_groups.o
                0x000006c2                xEventGroupClearBits
 .text.xEventGroupGetBitsFromISR
                0x000006e2        0x8 ./event_groups.o
                0x000006e2                xEventGroupGetBitsFromISR
 .text.vEventGroupClearBitsCallback
                0x000006ea        0x8 ./event_groups.o
                0x000006ea                vEventGroupClearBitsCallback
 .text.vEventGroupDelete
                0x000006f2       0x2e ./event_groups.o
                0x000006f2                vEventGroupDelete
 .text.xEventGroupSetBits
                0x00000720       0xb0 ./event_groups.o
                0x00000720                xEventGroupSetBits
 .text.vEventGroupSetBitsCallback
                0x000007d0        0x8 ./event_groups.o
                0x000007d0                vEventGroupSetBitsCallback
 .text.xEventGroupWaitBits
                0x000007d8      0x100 ./event_groups.o
                0x000007d8                xEventGroupWaitBits
 .text.xEventGroupSync
                0x000008d8       0xe6 ./event_groups.o
                0x000008d8                xEventGroupSync
 .text.xEventGroupCreate
                0x000009be       0x26 ./event_groups.o
                0x000009be                xEventGroupCreate
 .text.xPortGetFreeHeapSize
                0x000009e4        0xa ./heap_2.o
                0x000009e4                xPortGetFreeHeapSize
 .text.vPortInitialiseBlocks
                0x000009ee        0x2 ./heap_2.o
                0x000009ee                vPortInitialiseBlocks
 .text.vPortFree
                0x000009f0       0x60 ./heap_2.o
                0x000009f0                vPortFree
 .text.pvPortMalloc
                0x00000a50      0x146 ./heap_2.o
                0x00000a50                pvPortMalloc
 .text.keypad_u8check_press
                0x00000b96       0xaa ./keypad_driver.o
                0x00000b96                keypad_u8check_press
 .text.keypad_vInit
                0x00000c40       0x7a ./keypad_driver.o
                0x00000c40                keypad_vInit
 .text.vListInitialise
                0x00000cba       0x20 ./list.o
                0x00000cba                vListInitialise
 .text.vListInitialiseItem
                0x00000cda        0x8 ./list.o
                0x00000cda                vListInitialiseItem
 .text.vListInsertEnd
                0x00000ce2       0x3e ./list.o
                0x00000ce2                vListInsertEnd
 .text.vListInsert
                0x00000d20       0x64 ./list.o
                0x00000d20                vListInsert
 .text.uxListRemove
                0x00000d84       0x54 ./list.o
                0x00000d84                uxListRemove
 .text.LCD      0x00000dd8       0x30 ./message Queue.o
                0x00000dd8                LCD
 .text.keypad   0x00000e08       0x66 ./message Queue.o
                0x00000e08                keypad
 .text.main     0x00000e6e       0x56 ./message Queue.o
                0x00000e6e                main
 .text.pxPortInitialiseStack
                0x00000ec4       0x90 ./port.o
                0x00000ec4                pxPortInitialiseStack
 .text.xPortStartScheduler
                0x00000f54       0x6a ./port.o
                0x00000f54                xPortStartScheduler
 .text.vPortEndScheduler
                0x00000fbe        0x2 ./port.o
                0x00000fbe                vPortEndScheduler
 .text.vPortYieldFromTick
                0x00000fc0       0xba ./port.o
                0x00000fc0                vPortYieldFromTick
 .text.__vector_7
                0x0000107a        0x6 ./port.o
                0x0000107a                __vector_7
 .text.vPortYield
                0x00001080       0xb2 ./port.o
                0x00001080                vPortYield
 .text.uxQueueMessagesWaiting
                0x00001132       0x10 ./queue.o
                0x00001132                uxQueueMessagesWaiting
 .text.uxQueueSpacesAvailable
                0x00001142       0x14 ./queue.o
                0x00001142                uxQueueSpacesAvailable
 .text.uxQueueMessagesWaitingFromISR
                0x00001156        0x6 ./queue.o
                0x00001156                uxQueueMessagesWaitingFromISR
 .text.xQueueIsQueueEmptyFromISR
                0x0000115c       0x10 ./queue.o
                0x0000115c                xQueueIsQueueEmptyFromISR
 .text.xQueueIsQueueFullFromISR
                0x0000116c       0x12 ./queue.o
                0x0000116c                xQueueIsQueueFullFromISR
 .text.vQueueAddToRegistry
                0x0000117e       0x3a ./queue.o
                0x0000117e                vQueueAddToRegistry
 .text.pcQueueGetName
                0x000011b8       0x3a ./queue.o
                0x000011b8                pcQueueGetName
 .text.vQueueUnregisterQueue
                0x000011f2       0x3c ./queue.o
                0x000011f2                vQueueUnregisterQueue
 .text.vQueueDelete
                0x0000122e       0x1a ./queue.o
                0x0000122e                vQueueDelete
 .text.prvCopyDataFromQueue
                0x00001248       0x3c ./queue.o
 .text.xQueuePeekFromISR
                0x00001284       0x2a ./queue.o
                0x00001284                xQueuePeekFromISR
 .text.xQueueReceiveFromISR
                0x000012ae       0x5c ./queue.o
                0x000012ae                xQueueReceiveFromISR
 .text.xQueueGiveFromISR
                0x0000130a       0x46 ./queue.o
                0x0000130a                xQueueGiveFromISR
 .text.prvUnlockQueue
                0x00001350       0x84 ./queue.o
 .text.xQueueGenericReceive
                0x000013d4      0x1a6 ./queue.o
                0x000013d4                xQueueGenericReceive
 .text.prvCopyDataToQueue
                0x0000157a       0xac ./queue.o
 .text.xQueueGenericSendFromISR
                0x00001626       0x5e ./queue.o
                0x00001626                xQueueGenericSendFromISR
 .text.xQueueGenericSend
                0x00001684      0x156 ./queue.o
                0x00001684                xQueueGenericSend
 .text.xQueueGenericReset
                0x000017da       0x84 ./queue.o
                0x000017da                xQueueGenericReset
 .text.xQueueGenericCreate
                0x0000185e       0x50 ./queue.o
                0x0000185e                xQueueGenericCreate
 .text.xQueueCreateMutex
                0x000018ae       0x34 ./queue.o
                0x000018ae                xQueueCreateMutex
 .text.uxTaskPriorityGet
                0x000018e2       0x1e ./tasks.o
                0x000018e2                uxTaskPriorityGet
 .text.uxTaskPriorityGetFromISR
                0x00001900       0x14 ./tasks.o
                0x00001900                uxTaskPriorityGetFromISR
 .text.vTaskSuspendAll
                0x00001914        0xc ./tasks.o
                0x00001914                vTaskSuspendAll
 .text.xTaskGetTickCount
                0x00001920       0x16 ./tasks.o
                0x00001920                xTaskGetTickCount
 .text.xTaskGetTickCountFromISR
                0x00001936        0xc ./tasks.o
                0x00001936                xTaskGetTickCountFromISR
 .text.uxTaskGetNumberOfTasks
                0x00001942        0x6 ./tasks.o
                0x00001942                uxTaskGetNumberOfTasks
 .text.pcTaskGetName
                0x00001948       0x16 ./tasks.o
                0x00001948                pcTaskGetName
 .text.vTaskSwitchContext
                0x0000195e       0x74 ./tasks.o
                0x0000195e                vTaskSwitchContext
 .text.vTaskSetTimeOutState
                0x000019d2       0x16 ./tasks.o
                0x000019d2                vTaskSetTimeOutState
 .text.xTaskCheckForTimeOut
                0x000019e8       0x6e ./tasks.o
                0x000019e8                xTaskCheckForTimeOut
 .text.vTaskMissedYield
                0x00001a56        0x8 ./tasks.o
                0x00001a56                vTaskMissedYield
 .text.xTaskGetCurrentTaskHandle
                0x00001a5e        0xc ./tasks.o
                0x00001a5e                xTaskGetCurrentTaskHandle
 .text.uxTaskResetEventItemValue
                0x00001a6a       0x30 ./tasks.o
                0x00001a6a                uxTaskResetEventItemValue
 .text.pvTaskIncrementMutexHeldCount
                0x00001a9a       0x26 ./tasks.o
                0x00001a9a                pvTaskIncrementMutexHeldCount
 .text.xTaskNotifyStateClear
                0x00001ac0       0x2a ./tasks.o
                0x00001ac0                xTaskNotifyStateClear
 .text.vTaskNotifyGiveFromISR
                0x00001aea       0xa2 ./tasks.o
                0x00001aea                vTaskNotifyGiveFromISR
 .text.xTaskGenericNotifyFromISR
                0x00001b8c       0xf8 ./tasks.o
                0x00001b8c                xTaskGenericNotifyFromISR
 .text.xTaskPriorityDisinherit
                0x00001c84       0x6a ./tasks.o
                0x00001c84                xTaskPriorityDisinherit
 .text.vTaskPriorityInherit
                0x00001cee       0xa4 ./tasks.o
                0x00001cee                vTaskPriorityInherit
 .text.xTaskRemoveFromUnorderedEventList
                0x00001d92       0x68 ./tasks.o
                0x00001d92                xTaskRemoveFromUnorderedEventList
 .text.xTaskRemoveFromEventList
                0x00001dfa       0x80 ./tasks.o
                0x00001dfa                xTaskRemoveFromEventList
 .text.xTaskIncrementTick
                0x00001e7a      0x164 ./tasks.o
                0x00001e7a                xTaskIncrementTick
 .text.xTaskResumeFromISR
                0x00001fde       0x9c ./tasks.o
                0x00001fde                xTaskResumeFromISR
 .text.xTaskGenericNotify
                0x0000207a       0xd4 ./tasks.o
                0x0000207a                xTaskGenericNotify
 .text.xTaskResumeAll
                0x0000214e      0x112 ./tasks.o
                0x0000214e                xTaskResumeAll
 .text.vTaskResume
                0x00002260       0x92 ./tasks.o
                0x00002260                vTaskResume
 .text.vTaskSuspend
                0x000022f2       0xce ./tasks.o
                0x000022f2                vTaskSuspend
 .text.vTaskPrioritySet
                0x000023c0       0xe2 ./tasks.o
                0x000023c0                vTaskPrioritySet
 .text.prvAddCurrentTaskToDelayedList
                0x000024a2       0xb0 ./tasks.o
 .text.xTaskNotifyWait
                0x00002552      0x10e ./tasks.o
                0x00002552                xTaskNotifyWait
 .text.ulTaskNotifyTake
                0x00002660       0xb0 ./tasks.o
                0x00002660                ulTaskNotifyTake
 .text.vTaskPlaceOnUnorderedEventList
                0x00002710       0x32 ./tasks.o
                0x00002710                vTaskPlaceOnUnorderedEventList
 .text.vTaskDelay
                0x00002742       0x26 ./tasks.o
                0x00002742                vTaskDelay
 .text.vTaskDelayUntil
                0x00002768       0x5e ./tasks.o
                0x00002768                vTaskDelayUntil
 .text.vTaskPlaceOnEventList
                0x000027c6       0x24 ./tasks.o
                0x000027c6                vTaskPlaceOnEventList
 .text.vTaskEndScheduler
                0x000027ea        0xc ./tasks.o
                0x000027ea                vTaskEndScheduler
 .text.prvIdleTask
                0x000027f6       0x74 ./tasks.o
 .text.vTaskDelete
                0x0000286a       0xdc ./tasks.o
                0x0000286a                vTaskDelete
 .text.xTaskCreate
                0x00002946      0x204 ./tasks.o
                0x00002946                xTaskCreate
 .text.vTaskStartScheduler
                0x00002b4a       0x50 ./tasks.o
                0x00002b4a                vTaskStartScheduler
 .text.libgcc   0x00002b9a        0x0 c:/winavr-20100110/bin/../lib/gcc/avr/4.3.3/avr5\libgcc.a(_exit.o)
 .text.libgcc   0x00002b9a        0x0 c:/winavr-20100110/bin/../lib/gcc/avr/4.3.3/avr5\libgcc.a(_copy_data.o)
 .text.libgcc   0x00002b9a        0x0 c:/winavr-20100110/bin/../lib/gcc/avr/4.3.3/avr5\libgcc.a(_clear_bss.o)
 .text.avr-libc
                0x00002b9a       0x12 c:/winavr-20100110/bin/../lib/gcc/avr/4.3.3/../../../../avr/lib/avr5\libc.a(memcpy.o)
                0x00002b9a                memcpy
                0x00002bac                . = ALIGN (0x2)
 *(.fini9)
 .fini9         0x00002bac        0x0 c:/winavr-20100110/bin/../lib/gcc/avr/4.3.3/avr5\libgcc.a(_exit.o)
                0x00002bac                exit
                0x00002bac                _exit
 *(.fini9)
 *(.fini8)
 *(.fini8)
 *(.fini7)
 *(.fini7)
 *(.fini6)
 *(.fini6)
 *(.fini5)
 *(.fini5)
 *(.fini4)
 *(.fini4)
 *(.fini3)
 *(.fini3)
 *(.fini2)
 *(.fini2)
 *(.fini1)
 *(.fini1)
 *(.fini0)
 .fini0         0x00002bac        0x4 c:/winavr-20100110/bin/../lib/gcc/avr/4.3.3/avr5\libgcc.a(_exit.o)
 *(.fini0)
                0x00002bb0                _etext = .

.data           0x00800060       0x1c load address 0x00002bb0
                0x00800060                PROVIDE (__data_start, .)
 *(.data)
 .data          0x00800060        0x0 c:/winavr-20100110/bin/../lib/gcc/avr/4.3.3/../../../../avr/lib/avr5/crtm32.o
 .data          0x00800060        0x0 ./DIO.o
 .data          0x00800060        0x0 ./LCD.o
 .data          0x00800060        0x0 ./event_groups.o
 .data          0x00800060        0x0 ./heap_2.o
 .data          0x00800060        0x0 ./keypad_driver.o
 .data          0x00800060        0x0 ./list.o
 .data          0x00800060        0x4 ./message Queue.o
 .data          0x00800064        0x0 ./port.o
 .data          0x00800064        0x0 ./queue.o
 .data          0x00800064        0x5 ./tasks.o
 .data          0x00800069        0x0 c:/winavr-20100110/bin/../lib/gcc/avr/4.3.3/avr5\libgcc.a(_exit.o)
 .data          0x00800069        0x0 c:/winavr-20100110/bin/../lib/gcc/avr/4.3.3/avr5\libgcc.a(_copy_data.o)
 .data          0x00800069        0x0 c:/winavr-20100110/bin/../lib/gcc/avr/4.3.3/avr5\libgcc.a(_clear_bss.o)
 .data          0x00800069        0x0 c:/winavr-20100110/bin/../lib/gcc/avr/4.3.3/../../../../avr/lib/avr5\libc.a(memcpy.o)
 *(.data*)
 .data.xFreeBytesRemaining
                0x00800069        0x2 ./heap_2.o
 *(.rodata)
 *(.rodata*)
 .rodata.C.0.1227
                0x0080006b       0x10 ./keypad_driver.o
 *(.gnu.linkonce.d*)
                0x0080007c                . = ALIGN (0x2)
 *fill*         0x0080007b        0x1 00
                0x0080007c                _edata = .
                0x0080007c                PROVIDE (__data_end, .)

.bss            0x0080007c      0x3bb
                0x0080007c                PROVIDE (__bss_start, .)
 *(.bss)
 .bss           0x0080007c        0x0 c:/winavr-20100110/bin/../lib/gcc/avr/4.3.3/../../../../avr/lib/avr5/crtm32.o
 .bss           0x0080007c        0x0 ./DIO.o
 .bss           0x0080007c        0x0 ./LCD.o
 .bss           0x0080007c        0x0 ./event_groups.o
 .bss           0x0080007c        0x0 ./heap_2.o
 .bss           0x0080007c        0x0 ./keypad_driver.o
 .bss           0x0080007c        0x0 ./list.o
 .bss           0x0080007c        0x0 ./message Queue.o
 .bss           0x0080007c        0x0 ./port.o
 .bss           0x0080007c        0x0 ./queue.o
 .bss           0x0080007c        0x0 ./tasks.o
 .bss           0x0080007c        0x0 c:/winavr-20100110/bin/../lib/gcc/avr/4.3.3/avr5\libgcc.a(_exit.o)
 .bss           0x0080007c        0x0 c:/winavr-20100110/bin/../lib/gcc/avr/4.3.3/avr5\libgcc.a(_copy_data.o)
 .bss           0x0080007c        0x0 c:/winavr-20100110/bin/../lib/gcc/avr/4.3.3/avr5\libgcc.a(_clear_bss.o)
 .bss           0x0080007c        0x0 c:/winavr-20100110/bin/../lib/gcc/avr/4.3.3/../../../../avr/lib/avr5\libc.a(memcpy.o)
 *(.bss*)
 .bss.xHeapHasBeenInitialised.1634
                0x0080007c        0x1 ./heap_2.o
 .bss.ucHeap    0x0080007d      0x320 ./heap_2.o
 .bss.xStart    0x0080039d        0x4 ./heap_2.o
 .bss.xEnd      0x008003a1        0x4 ./heap_2.o
 .bss.pxCurrentTCB
                0x008003a5        0x2 ./tasks.o
                0x008003a5                pxCurrentTCB
 .bss.uxSchedulerSuspended
                0x008003a7        0x1 ./tasks.o
 .bss.uxTopReadyPriority
                0x008003a8        0x1 ./tasks.o
 .bss.xYieldPending
                0x008003a9        0x1 ./tasks.o
 .bss.xTickCount
                0x008003aa        0x2 ./tasks.o
 .bss.xNextTaskUnblockTime
                0x008003ac        0x2 ./tasks.o
 .bss.xNumOfOverflows
                0x008003ae        0x1 ./tasks.o
 .bss.uxPendedTicks
                0x008003af        0x1 ./tasks.o
 .bss.uxCurrentNumberOfTasks
                0x008003b0        0x1 ./tasks.o
 .bss.xSchedulerRunning
                0x008003b1        0x1 ./tasks.o
 .bss.xIdleTaskHandle
                0x008003b2        0x2 ./tasks.o
 .bss.uxDeletedTasksWaitingCleanUp
                0x008003b4        0x1 ./tasks.o
 .bss.uxTaskNumber
                0x008003b5        0x1 ./tasks.o
 .bss.pxReadyTasksLists
                0x008003b6       0x2d ./tasks.o
 .bss.xDelayedTaskList1
                0x008003e3        0x9 ./tasks.o
 .bss.xDelayedTaskList2
                0x008003ec        0x9 ./tasks.o
 .bss.pxDelayedTaskList
                0x008003f5        0x2 ./tasks.o
 .bss.pxOverflowDelayedTaskList
                0x008003f7        0x2 ./tasks.o
 .bss.xPendingReadyList
                0x008003f9        0x9 ./tasks.o
 .bss.xTasksWaitingTermination
                0x00800402        0x9 ./tasks.o
 .bss.xSuspendedTaskList
                0x0080040b        0x9 ./tasks.o
 *(COMMON)
 COMMON         0x00800414        0x3 ./message Queue.o
                0x00800414                z
                0x00800415                my_queue
 COMMON         0x00800417       0x20 ./queue.o
                0x00800417                xQueueRegistry
                0x00800437                PROVIDE (__bss_end, .)
                0x00002bb0                __data_load_start = LOADADDR (.data)
                0x00002bcc                __data_load_end = (__data_load_start + SIZEOF (.data))

.noinit         0x00800437        0x0
                0x00800437                PROVIDE (__noinit_start, .)
 *(.noinit*)
                0x00800437                PROVIDE (__noinit_end, .)
                0x00800437                _end = .
                0x00800437                PROVIDE (__heap_start, .)

.eeprom         0x00810000        0x0
 *(.eeprom*)
                0x00810000                __eeprom_end = .

.fuse
 *(.fuse)
 *(.lfuse)
 *(.hfuse)
 *(.efuse)

.lock
 *(.lock*)

.signature
 *(.signature*)

.stab
 *(.stab)

.stabstr
 *(.stabstr)

.stab.excl
 *(.stab.excl)

.stab.exclstr
 *(.stab.exclstr)

.stab.index
 *(.stab.index)

.stab.indexstr
 *(.stab.indexstr)

.comment
 *(.comment)

.debug
 *(.debug)

.line
 *(.line)

.debug_srcinfo
 *(.debug_srcinfo)

.debug_sfnames
 *(.debug_sfnames)

.debug_aranges
 *(.debug_aranges)

.debug_pubnames
 *(.debug_pubnames)

.debug_info
 *(.debug_info)
 *(.gnu.linkonce.wi.*)

.debug_abbrev
 *(.debug_abbrev)

.debug_line
 *(.debug_line)

.debug_frame
 *(.debug_frame)

.debug_str
 *(.debug_str)

.debug_loc
 *(.debug_loc)

.debug_macinfo
 *(.debug_macinfo)
OUTPUT(RTOS_Message_Queue.elf elf32-avr)
LOAD linker stubs
