Archive member included because of file (symbol)

c:/winavr-20100110/bin/../lib/gcc/avr/4.3.3/avr5\libgcc.a(_exit.o)
                              c:/winavr-20100110/bin/../lib/gcc/avr/4.3.3/../../../../avr/lib/avr5/crtm32.o (exit)
c:/winavr-20100110/bin/../lib/gcc/avr/4.3.3/avr5\libgcc.a(_copy_data.o)
                              ./event group.o (__do_copy_data)
c:/winavr-20100110/bin/../lib/gcc/avr/4.3.3/avr5\libgcc.a(_clear_bss.o)
                              ./event group.o (__do_clear_bss)
c:/winavr-20100110/bin/../lib/gcc/avr/4.3.3/../../../../avr/lib/avr5\libc.a(memcpy.o)
                              ./queue.o (memcpy)

Allocating common symbols
Common symbol       size              file

xQueueRegistry      0x20              ./queue.o

Memory Configuration

Name             Origin             Length             Attributes
text             0x00000000         0x00020000         xr
data             0x00800060         0x0000ffa0         rw !x
eeprom           0x00810000         0x00010000         rw !x
fuse             0x00820000         0x00000400         rw !x
lock             0x00830000         0x00000400         rw !x
signature        0x00840000         0x00000400         rw !x
*default*        0x00000000         0xffffffff

Linker script and memory map

LOAD c:/winavr-20100110/bin/../lib/gcc/avr/4.3.3/../../../../avr/lib/avr5/crtm32.o
LOAD ./event group.o
LOAD ./event_groups.o
LOAD ./heap_2.o
LOAD ./list.o
LOAD ./port.o
LOAD ./queue.o
LOAD ./tasks.o
LOAD c:/winavr-20100110/bin/../lib/gcc/avr/4.3.3/avr5\libgcc.a
LOAD c:/winavr-20100110/bin/../lib/gcc/avr/4.3.3/../../../../avr/lib/avr5\libc.a
LOAD c:/winavr-20100110/bin/../lib/gcc/avr/4.3.3/avr5\libgcc.a

.hash
 *(.hash)

.dynsym
 *(.dynsym)

.dynstr
 *(.dynstr)

.gnu.version
 *(.gnu.version)

.gnu.version_d
 *(.gnu.version_d)

.gnu.version_r
 *(.gnu.version_r)

.rel.init
 *(.rel.init)

.rela.init
 *(.rela.init)

.rel.text
 *(.rel.text)
 *(.rel.text.*)
 *(.rel.gnu.linkonce.t*)

.rela.text
 *(.rela.text)
 *(.rela.text.*)
 *(.rela.gnu.linkonce.t*)

.rel.fini
 *(.rel.fini)

.rela.fini
 *(.rela.fini)

.rel.rodata
 *(.rel.rodata)
 *(.rel.rodata.*)
 *(.rel.gnu.linkonce.r*)

.rela.rodata
 *(.rela.rodata)
 *(.rela.rodata.*)
 *(.rela.gnu.linkonce.r*)

.rel.data
 *(.rel.data)
 *(.rel.data.*)
 *(.rel.gnu.linkonce.d*)

.rela.data
 *(.rela.data)
 *(.rela.data.*)
 *(.rela.gnu.linkonce.d*)

.rel.ctors
 *(.rel.ctors)

.rela.ctors
 *(.rela.ctors)

.rel.dtors
 *(.rel.dtors)

.rela.dtors
 *(.rela.dtors)

.rel.got
 *(.rel.got)

.rela.got
 *(.rela.got)

.rel.bss
 *(.rel.bss)

.rela.bss
 *(.rela.bss)

.rel.plt
 *(.rel.plt)

.rela.plt
 *(.rela.plt)

.text           0x00000000     0x2482
 *(.vectors)
 .vectors       0x00000000       0x54 c:/winavr-20100110/bin/../lib/gcc/avr/4.3.3/../../../../avr/lib/avr5/crtm32.o
                0x00000000                __vectors
                0x00000000                __vector_default
 *(.vectors)
 *(.progmem.gcc*)
 *(.progmem*)
                0x00000054                . = ALIGN (0x2)
                0x00000054                __trampolines_start = .
 *(.trampolines)
 .trampolines   0x00000054        0x0 linker stubs
 *(.trampolines*)
                0x00000054                __trampolines_end = .
 *(.jumptables)
 *(.jumptables*)
 *(.lowtext)
 *(.lowtext*)
                0x00000054                __ctors_start = .
 *(.ctors)
                0x00000054                __ctors_end = .
                0x00000054                __dtors_start = .
 *(.dtors)
                0x00000054                __dtors_end = .
 SORT(*)(.ctors)
 SORT(*)(.dtors)
 *(.init0)
 .init0         0x00000054        0x0 c:/winavr-20100110/bin/../lib/gcc/avr/4.3.3/../../../../avr/lib/avr5/crtm32.o
                0x00000054                __init
 *(.init0)
 *(.init1)
 *(.init1)
 *(.init2)
 .init2         0x00000054        0xc c:/winavr-20100110/bin/../lib/gcc/avr/4.3.3/../../../../avr/lib/avr5/crtm32.o
 *(.init2)
 *(.init3)
 *(.init3)
 *(.init4)
 .init4         0x00000060       0x16 c:/winavr-20100110/bin/../lib/gcc/avr/4.3.3/avr5\libgcc.a(_copy_data.o)
                0x00000060                __do_copy_data
 .init4         0x00000076       0x10 c:/winavr-20100110/bin/../lib/gcc/avr/4.3.3/avr5\libgcc.a(_clear_bss.o)
                0x00000076                __do_clear_bss
 *(.init4)
 *(.init5)
 *(.init5)
 *(.init6)
 *(.init6)
 *(.init7)
 *(.init7)
 *(.init8)
 *(.init8)
 *(.init9)
 .init9         0x00000086        0x8 c:/winavr-20100110/bin/../lib/gcc/avr/4.3.3/../../../../avr/lib/avr5/crtm32.o
 *(.init9)
 *(.text)
 .text          0x0000008e        0x4 c:/winavr-20100110/bin/../lib/gcc/avr/4.3.3/../../../../avr/lib/avr5/crtm32.o
                0x0000008e                __vector_1
                0x0000008e                __vector_12
                0x0000008e                __bad_interrupt
                0x0000008e                __vector_6
                0x0000008e                __vector_3
                0x0000008e                __vector_11
                0x0000008e                __vector_13
                0x0000008e                __vector_17
                0x0000008e                __vector_19
                0x0000008e                __vector_5
                0x0000008e                __vector_4
                0x0000008e                __vector_9
                0x0000008e                __vector_2
                0x0000008e                __vector_15
                0x0000008e                __vector_8
                0x0000008e                __vector_14
                0x0000008e                __vector_10
                0x0000008e                __vector_16
                0x0000008e                __vector_18
                0x0000008e                __vector_20
 .text          0x00000092        0x0 ./event group.o
 .text          0x00000092        0x0 ./event_groups.o
 .text          0x00000092        0x0 ./heap_2.o
 .text          0x00000092        0x0 ./list.o
 .text          0x00000092        0x0 ./port.o
 .text          0x00000092        0x0 ./queue.o
 .text          0x00000092        0x0 ./tasks.o
 .text          0x00000092        0x0 c:/winavr-20100110/bin/../lib/gcc/avr/4.3.3/avr5\libgcc.a(_exit.o)
 .text          0x00000092        0x0 c:/winavr-20100110/bin/../lib/gcc/avr/4.3.3/avr5\libgcc.a(_copy_data.o)
 .text          0x00000092        0x0 c:/winavr-20100110/bin/../lib/gcc/avr/4.3.3/avr5\libgcc.a(_clear_bss.o)
 .text          0x00000092        0x0 c:/winavr-20100110/bin/../lib/gcc/avr/4.3.3/../../../../avr/lib/avr5\libc.a(memcpy.o)
                0x00000092                . = ALIGN (0x2)
 *(.text.*)
 .text.Task2    0x00000092       0x52 ./event group.o
                0x00000092                Task2
 .text.SetBit1  0x000000e4       0x1a ./event group.o
                0x000000e4                SetBit1
 .text.SetBit0  0x000000fe       0x1a ./event group.o
                0x000000fe                SetBit0
 .text.main     0x00000118       0x5e ./event group.o
                0x00000118                main
 .text.xEventGroupClearBits
                0x00000176       0x20 ./event_groups.o
                0x00000176                xEventGroupClearBits
 .text.xEventGroupGetBitsFromISR
                0x00000196        0x8 ./event_groups.o
                0x00000196                xEventGroupGetBitsFromISR
 .text.vEventGroupClearBitsCallback
                0x0000019e        0x8 ./event_groups.o
                0x0000019e                vEventGroupClearBitsCallback
 .text.vEventGroupDelete
                0x000001a6       0x2e ./event_groups.o
                0x000001a6                vEventGroupDelete
 .text.xEventGroupSetBits
                0x000001d4       0xb0 ./event_groups.o
                0x000001d4                xEventGroupSetBits
 .text.vEventGroupSetBitsCallback
                0x00000284        0x8 ./event_groups.o
                0x00000284                vEventGroupSetBitsCallback
 .text.xEventGroupWaitBits
                0x0000028c      0x100 ./event_groups.o
                0x0000028c                xEventGroupWaitBits
 .text.xEventGroupSync
                0x0000038c       0xe6 ./event_groups.o
                0x0000038c                xEventGroupSync
 .text.xEventGroupCreate
                0x00000472       0x26 ./event_groups.o
                0x00000472                xEventGroupCreate
 .text.xPortGetFreeHeapSize
                0x00000498        0xa ./heap_2.o
                0x00000498                xPortGetFreeHeapSize
 .text.vPortInitialiseBlocks
                0x000004a2        0x2 ./heap_2.o
                0x000004a2                vPortInitialiseBlocks
 .text.vPortFree
                0x000004a4       0x60 ./heap_2.o
                0x000004a4                vPortFree
 .text.pvPortMalloc
                0x00000504      0x146 ./heap_2.o
                0x00000504                pvPortMalloc
 .text.vListInitialise
                0x0000064a       0x20 ./list.o
                0x0000064a                vListInitialise
 .text.vListInitialiseItem
                0x0000066a        0x8 ./list.o
                0x0000066a                vListInitialiseItem
 .text.vListInsertEnd
                0x00000672       0x3e ./list.o
                0x00000672                vListInsertEnd
 .text.vListInsert
                0x000006b0       0x64 ./list.o
                0x000006b0                vListInsert
 .text.uxListRemove
                0x00000714       0x54 ./list.o
                0x00000714                uxListRemove
 .text.pxPortInitialiseStack
                0x00000768       0x90 ./port.o
                0x00000768                pxPortInitialiseStack
 .text.xPortStartScheduler
                0x000007f8       0x6a ./port.o
                0x000007f8                xPortStartScheduler
 .text.vPortEndScheduler
                0x00000862        0x2 ./port.o
                0x00000862                vPortEndScheduler
 .text.vPortYieldFromTick
                0x00000864       0xba ./port.o
                0x00000864                vPortYieldFromTick
 .text.__vector_7
                0x0000091e        0x6 ./port.o
                0x0000091e                __vector_7
 .text.vPortYield
                0x00000924       0xb2 ./port.o
                0x00000924                vPortYield
 .text.uxQueueMessagesWaiting
                0x000009d6       0x10 ./queue.o
                0x000009d6                uxQueueMessagesWaiting
 .text.uxQueueSpacesAvailable
                0x000009e6       0x14 ./queue.o
                0x000009e6                uxQueueSpacesAvailable
 .text.uxQueueMessagesWaitingFromISR
                0x000009fa        0x6 ./queue.o
                0x000009fa                uxQueueMessagesWaitingFromISR
 .text.xQueueIsQueueEmptyFromISR
                0x00000a00       0x10 ./queue.o
                0x00000a00                xQueueIsQueueEmptyFromISR
 .text.xQueueIsQueueFullFromISR
                0x00000a10       0x12 ./queue.o
                0x00000a10                xQueueIsQueueFullFromISR
 .text.vQueueAddToRegistry
                0x00000a22       0x3a ./queue.o
                0x00000a22                vQueueAddToRegistry
 .text.pcQueueGetName
                0x00000a5c       0x3a ./queue.o
                0x00000a5c                pcQueueGetName
 .text.vQueueUnregisterQueue
                0x00000a96       0x3c ./queue.o
                0x00000a96                vQueueUnregisterQueue
 .text.vQueueDelete
                0x00000ad2       0x1a ./queue.o
                0x00000ad2                vQueueDelete
 .text.prvCopyDataFromQueue
                0x00000aec       0x3c ./queue.o
 .text.xQueuePeekFromISR
                0x00000b28       0x2a ./queue.o
                0x00000b28                xQueuePeekFromISR
 .text.xQueueReceiveFromISR
                0x00000b52       0x5c ./queue.o
                0x00000b52                xQueueReceiveFromISR
 .text.xQueueGiveFromISR
                0x00000bae       0x46 ./queue.o
                0x00000bae                xQueueGiveFromISR
 .text.prvUnlockQueue
                0x00000bf4       0x84 ./queue.o
 .text.xQueueGenericReceive
                0x00000c78      0x1a6 ./queue.o
                0x00000c78                xQueueGenericReceive
 .text.prvCopyDataToQueue
                0x00000e1e       0xac ./queue.o
 .text.xQueueGenericSendFromISR
                0x00000eca       0x5e ./queue.o
                0x00000eca                xQueueGenericSendFromISR
 .text.xQueueGenericSend
                0x00000f28      0x156 ./queue.o
                0x00000f28                xQueueGenericSend
 .text.xQueueGenericReset
                0x0000107e       0x84 ./queue.o
                0x0000107e                xQueueGenericReset
 .text.xQueueGenericCreate
                0x00001102       0x50 ./queue.o
                0x00001102                xQueueGenericCreate
 .text.xQueueCreateMutex
                0x00001152       0x34 ./queue.o
                0x00001152                xQueueCreateMutex
 .text.uxTaskPriorityGet
                0x00001186       0x1e ./tasks.o
                0x00001186                uxTaskPriorityGet
 .text.uxTaskPriorityGetFromISR
                0x000011a4       0x14 ./tasks.o
                0x000011a4                uxTaskPriorityGetFromISR
 .text.vTaskSuspendAll
                0x000011b8        0xc ./tasks.o
                0x000011b8                vTaskSuspendAll
 .text.xTaskGetTickCount
                0x000011c4       0x16 ./tasks.o
                0x000011c4                xTaskGetTickCount
 .text.xTaskGetTickCountFromISR
                0x000011da        0xc ./tasks.o
                0x000011da                xTaskGetTickCountFromISR
 .text.uxTaskGetNumberOfTasks
                0x000011e6        0x6 ./tasks.o
                0x000011e6                uxTaskGetNumberOfTasks
 .text.pcTaskGetName
                0x000011ec       0x16 ./tasks.o
                0x000011ec                pcTaskGetName
 .text.vTaskSwitchContext
                0x00001202       0x74 ./tasks.o
                0x00001202                vTaskSwitchContext
 .text.vTaskSetTimeOutState
                0x00001276       0x16 ./tasks.o
                0x00001276                vTaskSetTimeOutState
 .text.xTaskCheckForTimeOut
                0x0000128c       0x6e ./tasks.o
                0x0000128c                xTaskCheckForTimeOut
 .text.vTaskMissedYield
                0x000012fa        0x8 ./tasks.o
                0x000012fa                vTaskMissedYield
 .text.xTaskGetCurrentTaskHandle
                0x00001302        0xc ./tasks.o
                0x00001302                xTaskGetCurrentTaskHandle
 .text.uxTaskResetEventItemValue
                0x0000130e       0x30 ./tasks.o
                0x0000130e                uxTaskResetEventItemValue
 .text.pvTaskIncrementMutexHeldCount
                0x0000133e       0x26 ./tasks.o
                0x0000133e                pvTaskIncrementMutexHeldCount
 .text.xTaskNotifyStateClear
                0x00001364       0x2a ./tasks.o
                0x00001364                xTaskNotifyStateClear
 .text.vTaskNotifyGiveFromISR
                0x0000138e       0xa2 ./tasks.o
                0x0000138e                vTaskNotifyGiveFromISR
 .text.xTaskGenericNotifyFromISR
                0x00001430       0xf8 ./tasks.o
                0x00001430                xTaskGenericNotifyFromISR
 .text.xTaskPriorityDisinherit
                0x00001528       0x6a ./tasks.o
                0x00001528                xTaskPriorityDisinherit
 .text.vTaskPriorityInherit
                0x00001592       0xa4 ./tasks.o
                0x00001592                vTaskPriorityInherit
 .text.xTaskRemoveFromUnorderedEventList
                0x00001636       0x68 ./tasks.o
                0x00001636                xTaskRemoveFromUnorderedEventList
 .text.xTaskRemoveFromEventList
                0x0000169e       0x80 ./tasks.o
                0x0000169e                xTaskRemoveFromEventList
 .text.xTaskIncrementTick
                0x0000171e      0x192 ./tasks.o
                0x0000171e                xTaskIncrementTick
 .text.xTaskResumeFromISR
                0x000018b0       0x9c ./tasks.o
                0x000018b0                xTaskResumeFromISR
 .text.xTaskGenericNotify
                0x0000194c       0xd4 ./tasks.o
                0x0000194c                xTaskGenericNotify
 .text.xTaskResumeAll
                0x00001a20      0x112 ./tasks.o
                0x00001a20                xTaskResumeAll
 .text.vTaskResume
                0x00001b32       0x92 ./tasks.o
                0x00001b32                vTaskResume
 .text.vTaskSuspend
                0x00001bc4       0xce ./tasks.o
                0x00001bc4                vTaskSuspend
 .text.vTaskPrioritySet
                0x00001c92       0xe2 ./tasks.o
                0x00001c92                vTaskPrioritySet
 .text.prvAddCurrentTaskToDelayedList
                0x00001d74       0xb0 ./tasks.o
 .text.xTaskNotifyWait
                0x00001e24      0x10e ./tasks.o
                0x00001e24                xTaskNotifyWait
 .text.ulTaskNotifyTake
                0x00001f32       0xb0 ./tasks.o
                0x00001f32                ulTaskNotifyTake
 .text.vTaskPlaceOnUnorderedEventList
                0x00001fe2       0x32 ./tasks.o
                0x00001fe2                vTaskPlaceOnUnorderedEventList
 .text.vTaskDelay
                0x00002014       0x26 ./tasks.o
                0x00002014                vTaskDelay
 .text.vTaskDelayUntil
                0x0000203a       0x5e ./tasks.o
                0x0000203a                vTaskDelayUntil
 .text.vTaskPlaceOnEventList
                0x00002098       0x24 ./tasks.o
                0x00002098                vTaskPlaceOnEventList
 .text.vTaskEndScheduler
                0x000020bc        0xc ./tasks.o
                0x000020bc                vTaskEndScheduler
 .text.prvIdleTask
                0x000020c8       0x74 ./tasks.o
 .text.vTaskDelete
                0x0000213c       0xdc ./tasks.o
                0x0000213c                vTaskDelete
 .text.xTaskCreate
                0x00002218      0x204 ./tasks.o
                0x00002218                xTaskCreate
 .text.vTaskStartScheduler
                0x0000241c       0x50 ./tasks.o
                0x0000241c                vTaskStartScheduler
 .text.libgcc   0x0000246c        0x0 c:/winavr-20100110/bin/../lib/gcc/avr/4.3.3/avr5\libgcc.a(_exit.o)
 .text.libgcc   0x0000246c        0x0 c:/winavr-20100110/bin/../lib/gcc/avr/4.3.3/avr5\libgcc.a(_copy_data.o)
 .text.libgcc   0x0000246c        0x0 c:/winavr-20100110/bin/../lib/gcc/avr/4.3.3/avr5\libgcc.a(_clear_bss.o)
 .text.avr-libc
                0x0000246c       0x12 c:/winavr-20100110/bin/../lib/gcc/avr/4.3.3/../../../../avr/lib/avr5\libc.a(memcpy.o)
                0x0000246c                memcpy
                0x0000247e                . = ALIGN (0x2)
 *(.fini9)
 .fini9         0x0000247e        0x0 c:/winavr-20100110/bin/../lib/gcc/avr/4.3.3/avr5\libgcc.a(_exit.o)
                0x0000247e                exit
                0x0000247e                _exit
 *(.fini9)
 *(.fini8)
 *(.fini8)
 *(.fini7)
 *(.fini7)
 *(.fini6)
 *(.fini6)
 *(.fini5)
 *(.fini5)
 *(.fini4)
 *(.fini4)
 *(.fini3)
 *(.fini3)
 *(.fini2)
 *(.fini2)
 *(.fini1)
 *(.fini1)
 *(.fini0)
 .fini0         0x0000247e        0x4 c:/winavr-20100110/bin/../lib/gcc/avr/4.3.3/avr5\libgcc.a(_exit.o)
 *(.fini0)
                0x00002482                _etext = .

.data           0x00800060       0x18 load address 0x00002482
                0x00800060                PROVIDE (__data_start, .)
 *(.data)
 .data          0x00800060        0x0 c:/winavr-20100110/bin/../lib/gcc/avr/4.3.3/../../../../avr/lib/avr5/crtm32.o
 .data          0x00800060       0x11 ./event group.o
 .data          0x00800071        0x0 ./event_groups.o
 .data          0x00800071        0x0 ./heap_2.o
 .data          0x00800071        0x0 ./list.o
 .data          0x00800071        0x0 ./port.o
 .data          0x00800071        0x0 ./queue.o
 .data          0x00800071        0x5 ./tasks.o
 .data          0x00800076        0x0 c:/winavr-20100110/bin/../lib/gcc/avr/4.3.3/avr5\libgcc.a(_exit.o)
 .data          0x00800076        0x0 c:/winavr-20100110/bin/../lib/gcc/avr/4.3.3/avr5\libgcc.a(_copy_data.o)
 .data          0x00800076        0x0 c:/winavr-20100110/bin/../lib/gcc/avr/4.3.3/avr5\libgcc.a(_clear_bss.o)
 .data          0x00800076        0x0 c:/winavr-20100110/bin/../lib/gcc/avr/4.3.3/../../../../avr/lib/avr5\libc.a(memcpy.o)
 *(.data*)
 .data.xFreeBytesRemaining
                0x00800076        0x2 ./heap_2.o
 *(.rodata)
 *(.rodata*)
 *(.gnu.linkonce.d*)
                0x00800078                . = ALIGN (0x2)
                0x00800078                _edata = .
                0x00800078                PROVIDE (__data_end, .)

.bss            0x00800078      0x41e
                0x00800078                PROVIDE (__bss_start, .)
 *(.bss)
 .bss           0x00800078        0x0 c:/winavr-20100110/bin/../lib/gcc/avr/4.3.3/../../../../avr/lib/avr5/crtm32.o
 .bss           0x00800078        0x0 ./event group.o
 .bss           0x00800078        0x0 ./event_groups.o
 .bss           0x00800078        0x0 ./heap_2.o
 .bss           0x00800078        0x0 ./list.o
 .bss           0x00800078        0x0 ./port.o
 .bss           0x00800078        0x0 ./queue.o
 .bss           0x00800078        0x0 ./tasks.o
 .bss           0x00800078        0x0 c:/winavr-20100110/bin/../lib/gcc/avr/4.3.3/avr5\libgcc.a(_exit.o)
 .bss           0x00800078        0x0 c:/winavr-20100110/bin/../lib/gcc/avr/4.3.3/avr5\libgcc.a(_copy_data.o)
 .bss           0x00800078        0x0 c:/winavr-20100110/bin/../lib/gcc/avr/4.3.3/avr5\libgcc.a(_clear_bss.o)
 .bss           0x00800078        0x0 c:/winavr-20100110/bin/../lib/gcc/avr/4.3.3/../../../../avr/lib/avr5\libc.a(memcpy.o)
 *(.bss*)
 .bss.myEventGroup
                0x00800078        0x2 ./event group.o
                0x00800078                myEventGroup
 .bss.xHeapHasBeenInitialised.1634
                0x0080007a        0x1 ./heap_2.o
 .bss.ucHeap    0x0080007b      0x384 ./heap_2.o
 .bss.xStart    0x008003ff        0x4 ./heap_2.o
 .bss.xEnd      0x00800403        0x4 ./heap_2.o
 .bss.pxCurrentTCB
                0x00800407        0x2 ./tasks.o
                0x00800407                pxCurrentTCB
 .bss.uxSchedulerSuspended
                0x00800409        0x1 ./tasks.o
 .bss.uxTopReadyPriority
                0x0080040a        0x1 ./tasks.o
 .bss.xYieldPending
                0x0080040b        0x1 ./tasks.o
 .bss.xTickCount
                0x0080040c        0x2 ./tasks.o
 .bss.xNextTaskUnblockTime
                0x0080040e        0x2 ./tasks.o
 .bss.xNumOfOverflows
                0x00800410        0x1 ./tasks.o
 .bss.uxPendedTicks
                0x00800411        0x1 ./tasks.o
 .bss.uxCurrentNumberOfTasks
                0x00800412        0x1 ./tasks.o
 .bss.xSchedulerRunning
                0x00800413        0x1 ./tasks.o
 .bss.xIdleTaskHandle
                0x00800414        0x2 ./tasks.o
 .bss.uxDeletedTasksWaitingCleanUp
                0x00800416        0x1 ./tasks.o
 .bss.uxTaskNumber
                0x00800417        0x1 ./tasks.o
 .bss.pxReadyTasksLists
                0x00800418       0x2d ./tasks.o
 .bss.xDelayedTaskList1
                0x00800445        0x9 ./tasks.o
 .bss.xDelayedTaskList2
                0x0080044e        0x9 ./tasks.o
 .bss.pxDelayedTaskList
                0x00800457        0x2 ./tasks.o
 .bss.pxOverflowDelayedTaskList
                0x00800459        0x2 ./tasks.o
 .bss.xPendingReadyList
                0x0080045b        0x9 ./tasks.o
 .bss.xTasksWaitingTermination
                0x00800464        0x9 ./tasks.o
 .bss.xSuspendedTaskList
                0x0080046d        0x9 ./tasks.o
 *(COMMON)
 COMMON         0x00800476       0x20 ./queue.o
                0x00800476                xQueueRegistry
                0x00800496                PROVIDE (__bss_end, .)
                0x00002482                __data_load_start = LOADADDR (.data)
                0x0000249a                __data_load_end = (__data_load_start + SIZEOF (.data))

.noinit         0x00800496        0x0
                0x00800496                PROVIDE (__noinit_start, .)
 *(.noinit*)
                0x00800496                PROVIDE (__noinit_end, .)
                0x00800496                _end = .
                0x00800496                PROVIDE (__heap_start, .)

.eeprom         0x00810000        0x0
 *(.eeprom*)
                0x00810000                __eeprom_end = .

.fuse
 *(.fuse)
 *(.lfuse)
 *(.hfuse)
 *(.efuse)

.lock
 *(.lock*)

.signature
 *(.signature*)

.stab
 *(.stab)

.stabstr
 *(.stabstr)

.stab.excl
 *(.stab.excl)

.stab.exclstr
 *(.stab.exclstr)

.stab.index
 *(.stab.index)

.stab.indexstr
 *(.stab.indexstr)

.comment
 *(.comment)

.debug
 *(.debug)

.line
 *(.line)

.debug_srcinfo
 *(.debug_srcinfo)

.debug_sfnames
 *(.debug_sfnames)

.debug_aranges
 *(.debug_aranges)

.debug_pubnames
 *(.debug_pubnames)

.debug_info
 *(.debug_info)
 *(.gnu.linkonce.wi.*)

.debug_abbrev
 *(.debug_abbrev)

.debug_line
 *(.debug_line)

.debug_frame
 *(.debug_frame)

.debug_str
 *(.debug_str)

.debug_loc
 *(.debug_loc)

.debug_macinfo
 *(.debug_macinfo)
OUTPUT(RTOS_Event_Group.elf elf32-avr)
LOAD linker stubs
