Archive member included because of file (symbol)

c:/winavr-20100110/bin/../lib/gcc/avr/4.3.3/avr5\libgcc.a(_exit.o)
                              c:/winavr-20100110/bin/../lib/gcc/avr/4.3.3/../../../../avr/lib/avr5/crtm32.o (exit)
c:/winavr-20100110/bin/../lib/gcc/avr/4.3.3/avr5\libgcc.a(_copy_data.o)
                              ./Mutual  Exclusion 2.o (__do_copy_data)
c:/winavr-20100110/bin/../lib/gcc/avr/4.3.3/avr5\libgcc.a(_clear_bss.o)
                              ./Mutual  Exclusion 2.o (__do_clear_bss)
c:/winavr-20100110/bin/../lib/gcc/avr/4.3.3/../../../../avr/lib/avr5\libc.a(memcpy.o)
                              ./queue.o (memcpy)

Allocating common symbols
Common symbol       size              file

x                   0x2               ./Mutual  Exclusion 2.o
xQueueRegistry      0x20              ./queue.o
y                   0x2               ./Mutual  Exclusion 2.o

Memory Configuration

Name             Origin             Length             Attributes
text             0x00000000         0x00020000         xr
data             0x00800060         0x0000ffa0         rw !x
eeprom           0x00810000         0x00010000         rw !x
fuse             0x00820000         0x00000400         rw !x
lock             0x00830000         0x00000400         rw !x
signature        0x00840000         0x00000400         rw !x
*default*        0x00000000         0xffffffff

Linker script and memory map

LOAD c:/winavr-20100110/bin/../lib/gcc/avr/4.3.3/../../../../avr/lib/avr5/crtm32.o
LOAD ./DIO.o
LOAD ./Mutual  Exclusion 2.o
LOAD ./event_groups.o
LOAD ./heap_2.o
LOAD ./list.o
LOAD ./port.o
LOAD ./queue.o
LOAD ./tasks.o
LOAD c:/winavr-20100110/bin/../lib/gcc/avr/4.3.3/avr5\libgcc.a
LOAD c:/winavr-20100110/bin/../lib/gcc/avr/4.3.3/../../../../avr/lib/avr5\libc.a
LOAD c:/winavr-20100110/bin/../lib/gcc/avr/4.3.3/avr5\libgcc.a

.hash
 *(.hash)

.dynsym
 *(.dynsym)

.dynstr
 *(.dynstr)

.gnu.version
 *(.gnu.version)

.gnu.version_d
 *(.gnu.version_d)

.gnu.version_r
 *(.gnu.version_r)

.rel.init
 *(.rel.init)

.rela.init
 *(.rela.init)

.rel.text
 *(.rel.text)
 *(.rel.text.*)
 *(.rel.gnu.linkonce.t*)

.rela.text
 *(.rela.text)
 *(.rela.text.*)
 *(.rela.gnu.linkonce.t*)

.rel.fini
 *(.rel.fini)

.rela.fini
 *(.rela.fini)

.rel.rodata
 *(.rel.rodata)
 *(.rel.rodata.*)
 *(.rel.gnu.linkonce.r*)

.rela.rodata
 *(.rela.rodata)
 *(.rela.rodata.*)
 *(.rela.gnu.linkonce.r*)

.rel.data
 *(.rel.data)
 *(.rel.data.*)
 *(.rel.gnu.linkonce.d*)

.rela.data
 *(.rela.data)
 *(.rela.data.*)
 *(.rela.gnu.linkonce.d*)

.rel.ctors
 *(.rel.ctors)

.rela.ctors
 *(.rela.ctors)

.rel.dtors
 *(.rel.dtors)

.rela.dtors
 *(.rela.dtors)

.rel.got
 *(.rel.got)

.rela.got
 *(.rela.got)

.rel.bss
 *(.rel.bss)

.rela.bss
 *(.rela.bss)

.rel.plt
 *(.rel.plt)

.rela.plt
 *(.rela.plt)

.text           0x00000000     0x2758
 *(.vectors)
 .vectors       0x00000000       0x54 c:/winavr-20100110/bin/../lib/gcc/avr/4.3.3/../../../../avr/lib/avr5/crtm32.o
                0x00000000                __vectors
                0x00000000                __vector_default
 *(.vectors)
 *(.progmem.gcc*)
 *(.progmem*)
                0x00000054                . = ALIGN (0x2)
                0x00000054                __trampolines_start = .
 *(.trampolines)
 .trampolines   0x00000054        0x0 linker stubs
 *(.trampolines*)
                0x00000054                __trampolines_end = .
 *(.jumptables)
 *(.jumptables*)
 *(.lowtext)
 *(.lowtext*)
                0x00000054                __ctors_start = .
 *(.ctors)
                0x00000054                __ctors_end = .
                0x00000054                __dtors_start = .
 *(.dtors)
                0x00000054                __dtors_end = .
 SORT(*)(.ctors)
 SORT(*)(.dtors)
 *(.init0)
 .init0         0x00000054        0x0 c:/winavr-20100110/bin/../lib/gcc/avr/4.3.3/../../../../avr/lib/avr5/crtm32.o
                0x00000054                __init
 *(.init0)
 *(.init1)
 *(.init1)
 *(.init2)
 .init2         0x00000054        0xc c:/winavr-20100110/bin/../lib/gcc/avr/4.3.3/../../../../avr/lib/avr5/crtm32.o
 *(.init2)
 *(.init3)
 *(.init3)
 *(.init4)
 .init4         0x00000060       0x16 c:/winavr-20100110/bin/../lib/gcc/avr/4.3.3/avr5\libgcc.a(_copy_data.o)
                0x00000060                __do_copy_data
 .init4         0x00000076       0x10 c:/winavr-20100110/bin/../lib/gcc/avr/4.3.3/avr5\libgcc.a(_clear_bss.o)
                0x00000076                __do_clear_bss
 *(.init4)
 *(.init5)
 *(.init5)
 *(.init6)
 *(.init6)
 *(.init7)
 *(.init7)
 *(.init8)
 *(.init8)
 *(.init9)
 .init9         0x00000086        0x8 c:/winavr-20100110/bin/../lib/gcc/avr/4.3.3/../../../../avr/lib/avr5/crtm32.o
 *(.init9)
 *(.text)
 .text          0x0000008e        0x4 c:/winavr-20100110/bin/../lib/gcc/avr/4.3.3/../../../../avr/lib/avr5/crtm32.o
                0x0000008e                __vector_1
                0x0000008e                __vector_12
                0x0000008e                __bad_interrupt
                0x0000008e                __vector_6
                0x0000008e                __vector_3
                0x0000008e                __vector_11
                0x0000008e                __vector_13
                0x0000008e                __vector_17
                0x0000008e                __vector_19
                0x0000008e                __vector_5
                0x0000008e                __vector_4
                0x0000008e                __vector_9
                0x0000008e                __vector_2
                0x0000008e                __vector_15
                0x0000008e                __vector_8
                0x0000008e                __vector_14
                0x0000008e                __vector_10
                0x0000008e                __vector_16
                0x0000008e                __vector_18
                0x0000008e                __vector_20
 .text          0x00000092        0x0 ./DIO.o
 .text          0x00000092        0x0 ./Mutual  Exclusion 2.o
 .text          0x00000092        0x0 ./event_groups.o
 .text          0x00000092        0x0 ./heap_2.o
 .text          0x00000092        0x0 ./list.o
 .text          0x00000092        0x0 ./port.o
 .text          0x00000092        0x0 ./queue.o
 .text          0x00000092        0x0 ./tasks.o
 .text          0x00000092        0x0 c:/winavr-20100110/bin/../lib/gcc/avr/4.3.3/avr5\libgcc.a(_exit.o)
 .text          0x00000092        0x0 c:/winavr-20100110/bin/../lib/gcc/avr/4.3.3/avr5\libgcc.a(_copy_data.o)
 .text          0x00000092        0x0 c:/winavr-20100110/bin/../lib/gcc/avr/4.3.3/avr5\libgcc.a(_clear_bss.o)
 .text          0x00000092        0x0 c:/winavr-20100110/bin/../lib/gcc/avr/4.3.3/../../../../avr/lib/avr5\libc.a(memcpy.o)
                0x00000092                . = ALIGN (0x2)
 *(.text.*)
 .text.DIO_vsetPINDir
                0x00000092       0xe4 ./DIO.o
                0x00000092                DIO_vsetPINDir
 .text.DIO_write
                0x00000176       0xe4 ./DIO.o
                0x00000176                DIO_write
 .text.DIO_u8read
                0x0000025a       0x68 ./DIO.o
                0x0000025a                DIO_u8read
 .text.DIO_toggle
                0x000002c2       0x70 ./DIO.o
                0x000002c2                DIO_toggle
 .text.DIO_write_port
                0x00000332       0x28 ./DIO.o
                0x00000332                DIO_write_port
 .text.dio_write_highnibble
                0x0000035a       0x40 ./DIO.o
                0x0000035a                dio_write_highnibble
 .text.clear_high_nibble
                0x0000039a       0x38 ./DIO.o
                0x0000039a                clear_high_nibble
 .text.task2    0x000003d2       0x44 ./Mutual  Exclusion 2.o
                0x000003d2                task2
 .text.task1    0x00000416       0x28 ./Mutual  Exclusion 2.o
                0x00000416                task1
 .text.main     0x0000043e       0x3c ./Mutual  Exclusion 2.o
                0x0000043e                main
 .text.xEventGroupClearBits
                0x0000047a       0x20 ./event_groups.o
                0x0000047a                xEventGroupClearBits
 .text.xEventGroupGetBitsFromISR
                0x0000049a        0x8 ./event_groups.o
                0x0000049a                xEventGroupGetBitsFromISR
 .text.vEventGroupClearBitsCallback
                0x000004a2        0x8 ./event_groups.o
                0x000004a2                vEventGroupClearBitsCallback
 .text.vEventGroupDelete
                0x000004aa       0x2e ./event_groups.o
                0x000004aa                vEventGroupDelete
 .text.xEventGroupSetBits
                0x000004d8       0xb0 ./event_groups.o
                0x000004d8                xEventGroupSetBits
 .text.vEventGroupSetBitsCallback
                0x00000588        0x8 ./event_groups.o
                0x00000588                vEventGroupSetBitsCallback
 .text.xEventGroupWaitBits
                0x00000590      0x100 ./event_groups.o
                0x00000590                xEventGroupWaitBits
 .text.xEventGroupSync
                0x00000690       0xe6 ./event_groups.o
                0x00000690                xEventGroupSync
 .text.xEventGroupCreate
                0x00000776       0x26 ./event_groups.o
                0x00000776                xEventGroupCreate
 .text.xPortGetFreeHeapSize
                0x0000079c        0xa ./heap_2.o
                0x0000079c                xPortGetFreeHeapSize
 .text.vPortInitialiseBlocks
                0x000007a6        0x2 ./heap_2.o
                0x000007a6                vPortInitialiseBlocks
 .text.vPortFree
                0x000007a8       0x60 ./heap_2.o
                0x000007a8                vPortFree
 .text.pvPortMalloc
                0x00000808      0x146 ./heap_2.o
                0x00000808                pvPortMalloc
 .text.vListInitialise
                0x0000094e       0x20 ./list.o
                0x0000094e                vListInitialise
 .text.vListInitialiseItem
                0x0000096e        0x8 ./list.o
                0x0000096e                vListInitialiseItem
 .text.vListInsertEnd
                0x00000976       0x3e ./list.o
                0x00000976                vListInsertEnd
 .text.vListInsert
                0x000009b4       0x64 ./list.o
                0x000009b4                vListInsert
 .text.uxListRemove
                0x00000a18       0x54 ./list.o
                0x00000a18                uxListRemove
 .text.pxPortInitialiseStack
                0x00000a6c       0x90 ./port.o
                0x00000a6c                pxPortInitialiseStack
 .text.xPortStartScheduler
                0x00000afc       0x6a ./port.o
                0x00000afc                xPortStartScheduler
 .text.vPortEndScheduler
                0x00000b66        0x2 ./port.o
                0x00000b66                vPortEndScheduler
 .text.vPortYieldFromTick
                0x00000b68       0xba ./port.o
                0x00000b68                vPortYieldFromTick
 .text.__vector_7
                0x00000c22        0x6 ./port.o
                0x00000c22                __vector_7
 .text.vPortYield
                0x00000c28       0xb2 ./port.o
                0x00000c28                vPortYield
 .text.uxQueueMessagesWaiting
                0x00000cda       0x10 ./queue.o
                0x00000cda                uxQueueMessagesWaiting
 .text.uxQueueSpacesAvailable
                0x00000cea       0x14 ./queue.o
                0x00000cea                uxQueueSpacesAvailable
 .text.uxQueueMessagesWaitingFromISR
                0x00000cfe        0x6 ./queue.o
                0x00000cfe                uxQueueMessagesWaitingFromISR
 .text.xQueueIsQueueEmptyFromISR
                0x00000d04       0x10 ./queue.o
                0x00000d04                xQueueIsQueueEmptyFromISR
 .text.xQueueIsQueueFullFromISR
                0x00000d14       0x12 ./queue.o
                0x00000d14                xQueueIsQueueFullFromISR
 .text.vQueueAddToRegistry
                0x00000d26       0x3a ./queue.o
                0x00000d26                vQueueAddToRegistry
 .text.pcQueueGetName
                0x00000d60       0x3a ./queue.o
                0x00000d60                pcQueueGetName
 .text.vQueueUnregisterQueue
                0x00000d9a       0x3c ./queue.o
                0x00000d9a                vQueueUnregisterQueue
 .text.vQueueDelete
                0x00000dd6       0x1a ./queue.o
                0x00000dd6                vQueueDelete
 .text.prvCopyDataFromQueue
                0x00000df0       0x3c ./queue.o
 .text.xQueuePeekFromISR
                0x00000e2c       0x2a ./queue.o
                0x00000e2c                xQueuePeekFromISR
 .text.xQueueReceiveFromISR
                0x00000e56       0x5c ./queue.o
                0x00000e56                xQueueReceiveFromISR
 .text.xQueueGiveFromISR
                0x00000eb2       0x46 ./queue.o
                0x00000eb2                xQueueGiveFromISR
 .text.prvUnlockQueue
                0x00000ef8       0x84 ./queue.o
 .text.xQueueGenericReceive
                0x00000f7c      0x1a6 ./queue.o
                0x00000f7c                xQueueGenericReceive
 .text.prvCopyDataToQueue
                0x00001122       0xac ./queue.o
 .text.xQueueGenericSendFromISR
                0x000011ce       0x5e ./queue.o
                0x000011ce                xQueueGenericSendFromISR
 .text.xQueueGenericSend
                0x0000122c      0x156 ./queue.o
                0x0000122c                xQueueGenericSend
 .text.xQueueGenericReset
                0x00001382       0x84 ./queue.o
                0x00001382                xQueueGenericReset
 .text.xQueueGenericCreate
                0x00001406       0x50 ./queue.o
                0x00001406                xQueueGenericCreate
 .text.xQueueCreateMutex
                0x00001456       0x34 ./queue.o
                0x00001456                xQueueCreateMutex
 .text.uxTaskPriorityGet
                0x0000148a       0x1e ./tasks.o
                0x0000148a                uxTaskPriorityGet
 .text.uxTaskPriorityGetFromISR
                0x000014a8       0x14 ./tasks.o
                0x000014a8                uxTaskPriorityGetFromISR
 .text.vTaskSuspendAll
                0x000014bc        0xc ./tasks.o
                0x000014bc                vTaskSuspendAll
 .text.xTaskGetTickCount
                0x000014c8       0x16 ./tasks.o
                0x000014c8                xTaskGetTickCount
 .text.xTaskGetTickCountFromISR
                0x000014de        0xc ./tasks.o
                0x000014de                xTaskGetTickCountFromISR
 .text.uxTaskGetNumberOfTasks
                0x000014ea        0x6 ./tasks.o
                0x000014ea                uxTaskGetNumberOfTasks
 .text.pcTaskGetName
                0x000014f0       0x16 ./tasks.o
                0x000014f0                pcTaskGetName
 .text.vTaskSwitchContext
                0x00001506       0x74 ./tasks.o
                0x00001506                vTaskSwitchContext
 .text.vTaskSetTimeOutState
                0x0000157a       0x16 ./tasks.o
                0x0000157a                vTaskSetTimeOutState
 .text.xTaskCheckForTimeOut
                0x00001590       0x6e ./tasks.o
                0x00001590                xTaskCheckForTimeOut
 .text.vTaskMissedYield
                0x000015fe        0x8 ./tasks.o
                0x000015fe                vTaskMissedYield
 .text.xTaskGetCurrentTaskHandle
                0x00001606        0xc ./tasks.o
                0x00001606                xTaskGetCurrentTaskHandle
 .text.uxTaskResetEventItemValue
                0x00001612       0x30 ./tasks.o
                0x00001612                uxTaskResetEventItemValue
 .text.pvTaskIncrementMutexHeldCount
                0x00001642       0x26 ./tasks.o
                0x00001642                pvTaskIncrementMutexHeldCount
 .text.xTaskNotifyStateClear
                0x00001668       0x2a ./tasks.o
                0x00001668                xTaskNotifyStateClear
 .text.vTaskNotifyGiveFromISR
                0x00001692       0xa2 ./tasks.o
                0x00001692                vTaskNotifyGiveFromISR
 .text.xTaskGenericNotifyFromISR
                0x00001734       0xf8 ./tasks.o
                0x00001734                xTaskGenericNotifyFromISR
 .text.xTaskPriorityDisinherit
                0x0000182c       0x6a ./tasks.o
                0x0000182c                xTaskPriorityDisinherit
 .text.vTaskPriorityInherit
                0x00001896       0xa4 ./tasks.o
                0x00001896                vTaskPriorityInherit
 .text.xTaskRemoveFromUnorderedEventList
                0x0000193a       0x68 ./tasks.o
                0x0000193a                xTaskRemoveFromUnorderedEventList
 .text.xTaskRemoveFromEventList
                0x000019a2       0x80 ./tasks.o
                0x000019a2                xTaskRemoveFromEventList
 .text.xTaskIncrementTick
                0x00001a22      0x164 ./tasks.o
                0x00001a22                xTaskIncrementTick
 .text.xTaskResumeFromISR
                0x00001b86       0x9c ./tasks.o
                0x00001b86                xTaskResumeFromISR
 .text.xTaskGenericNotify
                0x00001c22       0xd4 ./tasks.o
                0x00001c22                xTaskGenericNotify
 .text.xTaskResumeAll
                0x00001cf6      0x112 ./tasks.o
                0x00001cf6                xTaskResumeAll
 .text.vTaskResume
                0x00001e08       0x92 ./tasks.o
                0x00001e08                vTaskResume
 .text.vTaskSuspend
                0x00001e9a       0xce ./tasks.o
                0x00001e9a                vTaskSuspend
 .text.vTaskPrioritySet
                0x00001f68       0xe2 ./tasks.o
                0x00001f68                vTaskPrioritySet
 .text.prvAddCurrentTaskToDelayedList
                0x0000204a       0xb0 ./tasks.o
 .text.xTaskNotifyWait
                0x000020fa      0x10e ./tasks.o
                0x000020fa                xTaskNotifyWait
 .text.ulTaskNotifyTake
                0x00002208       0xb0 ./tasks.o
                0x00002208                ulTaskNotifyTake
 .text.vTaskPlaceOnUnorderedEventList
                0x000022b8       0x32 ./tasks.o
                0x000022b8                vTaskPlaceOnUnorderedEventList
 .text.vTaskDelay
                0x000022ea       0x26 ./tasks.o
                0x000022ea                vTaskDelay
 .text.vTaskDelayUntil
                0x00002310       0x5e ./tasks.o
                0x00002310                vTaskDelayUntil
 .text.vTaskPlaceOnEventList
                0x0000236e       0x24 ./tasks.o
                0x0000236e                vTaskPlaceOnEventList
 .text.vTaskEndScheduler
                0x00002392        0xc ./tasks.o
                0x00002392                vTaskEndScheduler
 .text.prvIdleTask
                0x0000239e       0x74 ./tasks.o
 .text.vTaskDelete
                0x00002412       0xdc ./tasks.o
                0x00002412                vTaskDelete
 .text.xTaskCreate
                0x000024ee      0x204 ./tasks.o
                0x000024ee                xTaskCreate
 .text.vTaskStartScheduler
                0x000026f2       0x50 ./tasks.o
                0x000026f2                vTaskStartScheduler
 .text.libgcc   0x00002742        0x0 c:/winavr-20100110/bin/../lib/gcc/avr/4.3.3/avr5\libgcc.a(_exit.o)
 .text.libgcc   0x00002742        0x0 c:/winavr-20100110/bin/../lib/gcc/avr/4.3.3/avr5\libgcc.a(_copy_data.o)
 .text.libgcc   0x00002742        0x0 c:/winavr-20100110/bin/../lib/gcc/avr/4.3.3/avr5\libgcc.a(_clear_bss.o)
 .text.avr-libc
                0x00002742       0x12 c:/winavr-20100110/bin/../lib/gcc/avr/4.3.3/../../../../avr/lib/avr5\libc.a(memcpy.o)
                0x00002742                memcpy
                0x00002754                . = ALIGN (0x2)
 *(.fini9)
 .fini9         0x00002754        0x0 c:/winavr-20100110/bin/../lib/gcc/avr/4.3.3/avr5\libgcc.a(_exit.o)
                0x00002754                exit
                0x00002754                _exit
 *(.fini9)
 *(.fini8)
 *(.fini8)
 *(.fini7)
 *(.fini7)
 *(.fini6)
 *(.fini6)
 *(.fini5)
 *(.fini5)
 *(.fini4)
 *(.fini4)
 *(.fini3)
 *(.fini3)
 *(.fini2)
 *(.fini2)
 *(.fini1)
 *(.fini1)
 *(.fini0)
 .fini0         0x00002754        0x4 c:/winavr-20100110/bin/../lib/gcc/avr/4.3.3/avr5\libgcc.a(_exit.o)
 *(.fini0)
                0x00002758                _etext = .

.data           0x00800060        0xc load address 0x00002758
                0x00800060                PROVIDE (__data_start, .)
 *(.data)
 .data          0x00800060        0x0 c:/winavr-20100110/bin/../lib/gcc/avr/4.3.3/../../../../avr/lib/avr5/crtm32.o
 .data          0x00800060        0x0 ./DIO.o
 .data          0x00800060        0x4 ./Mutual  Exclusion 2.o
 .data          0x00800064        0x0 ./event_groups.o
 .data          0x00800064        0x0 ./heap_2.o
 .data          0x00800064        0x0 ./list.o
 .data          0x00800064        0x0 ./port.o
 .data          0x00800064        0x0 ./queue.o
 .data          0x00800064        0x5 ./tasks.o
 .data          0x00800069        0x0 c:/winavr-20100110/bin/../lib/gcc/avr/4.3.3/avr5\libgcc.a(_exit.o)
 .data          0x00800069        0x0 c:/winavr-20100110/bin/../lib/gcc/avr/4.3.3/avr5\libgcc.a(_copy_data.o)
 .data          0x00800069        0x0 c:/winavr-20100110/bin/../lib/gcc/avr/4.3.3/avr5\libgcc.a(_clear_bss.o)
 .data          0x00800069        0x0 c:/winavr-20100110/bin/../lib/gcc/avr/4.3.3/../../../../avr/lib/avr5\libc.a(memcpy.o)
 *(.data*)
 .data.xFreeBytesRemaining
                0x00800069        0x2 ./heap_2.o
 *(.rodata)
 *(.rodata*)
 *(.gnu.linkonce.d*)
                0x0080006c                . = ALIGN (0x2)
 *fill*         0x0080006b        0x1 00
                0x0080006c                _edata = .
                0x0080006c                PROVIDE (__data_end, .)

.bss            0x0080006c      0x3bc
                0x0080006c                PROVIDE (__bss_start, .)
 *(.bss)
 .bss           0x0080006c        0x0 c:/winavr-20100110/bin/../lib/gcc/avr/4.3.3/../../../../avr/lib/avr5/crtm32.o
 .bss           0x0080006c        0x0 ./DIO.o
 .bss           0x0080006c        0x0 ./Mutual  Exclusion 2.o
 .bss           0x0080006c        0x0 ./event_groups.o
 .bss           0x0080006c        0x0 ./heap_2.o
 .bss           0x0080006c        0x0 ./list.o
 .bss           0x0080006c        0x0 ./port.o
 .bss           0x0080006c        0x0 ./queue.o
 .bss           0x0080006c        0x0 ./tasks.o
 .bss           0x0080006c        0x0 c:/winavr-20100110/bin/../lib/gcc/avr/4.3.3/avr5\libgcc.a(_exit.o)
 .bss           0x0080006c        0x0 c:/winavr-20100110/bin/../lib/gcc/avr/4.3.3/avr5\libgcc.a(_copy_data.o)
 .bss           0x0080006c        0x0 c:/winavr-20100110/bin/../lib/gcc/avr/4.3.3/avr5\libgcc.a(_clear_bss.o)
 .bss           0x0080006c        0x0 c:/winavr-20100110/bin/../lib/gcc/avr/4.3.3/../../../../avr/lib/avr5\libc.a(memcpy.o)
 *(.bss*)
 .bss.xHeapHasBeenInitialised.1634
                0x0080006c        0x1 ./heap_2.o
 .bss.ucHeap    0x0080006d      0x320 ./heap_2.o
 .bss.xStart    0x0080038d        0x4 ./heap_2.o
 .bss.xEnd      0x00800391        0x4 ./heap_2.o
 .bss.pxCurrentTCB
                0x00800395        0x2 ./tasks.o
                0x00800395                pxCurrentTCB
 .bss.uxSchedulerSuspended
                0x00800397        0x1 ./tasks.o
 .bss.uxTopReadyPriority
                0x00800398        0x1 ./tasks.o
 .bss.xYieldPending
                0x00800399        0x1 ./tasks.o
 .bss.xTickCount
                0x0080039a        0x2 ./tasks.o
 .bss.xNextTaskUnblockTime
                0x0080039c        0x2 ./tasks.o
 .bss.xNumOfOverflows
                0x0080039e        0x1 ./tasks.o
 .bss.uxPendedTicks
                0x0080039f        0x1 ./tasks.o
 .bss.uxCurrentNumberOfTasks
                0x008003a0        0x1 ./tasks.o
 .bss.xSchedulerRunning
                0x008003a1        0x1 ./tasks.o
 .bss.xIdleTaskHandle
                0x008003a2        0x2 ./tasks.o
 .bss.uxDeletedTasksWaitingCleanUp
                0x008003a4        0x1 ./tasks.o
 .bss.uxTaskNumber
                0x008003a5        0x1 ./tasks.o
 .bss.pxReadyTasksLists
                0x008003a6       0x2d ./tasks.o
 .bss.xDelayedTaskList1
                0x008003d3        0x9 ./tasks.o
 .bss.xDelayedTaskList2
                0x008003dc        0x9 ./tasks.o
 .bss.pxDelayedTaskList
                0x008003e5        0x2 ./tasks.o
 .bss.pxOverflowDelayedTaskList
                0x008003e7        0x2 ./tasks.o
 .bss.xPendingReadyList
                0x008003e9        0x9 ./tasks.o
 .bss.xTasksWaitingTermination
                0x008003f2        0x9 ./tasks.o
 .bss.xSuspendedTaskList
                0x008003fb        0x9 ./tasks.o
 *(COMMON)
 COMMON         0x00800404        0x4 ./Mutual  Exclusion 2.o
                0x00800404                x
                0x00800406                y
 COMMON         0x00800408       0x20 ./queue.o
                0x00800408                xQueueRegistry
                0x00800428                PROVIDE (__bss_end, .)
                0x00002758                __data_load_start = LOADADDR (.data)
                0x00002764                __data_load_end = (__data_load_start + SIZEOF (.data))

.noinit         0x00800428        0x0
                0x00800428                PROVIDE (__noinit_start, .)
 *(.noinit*)
                0x00800428                PROVIDE (__noinit_end, .)
                0x00800428                _end = .
                0x00800428                PROVIDE (__heap_start, .)

.eeprom         0x00810000        0x0
 *(.eeprom*)
                0x00810000                __eeprom_end = .

.fuse
 *(.fuse)
 *(.lfuse)
 *(.hfuse)
 *(.efuse)

.lock
 *(.lock*)

.signature
 *(.signature*)

.stab
 *(.stab)

.stabstr
 *(.stabstr)

.stab.excl
 *(.stab.excl)

.stab.exclstr
 *(.stab.exclstr)

.stab.index
 *(.stab.index)

.stab.indexstr
 *(.stab.indexstr)

.comment
 *(.comment)

.debug
 *(.debug)

.line
 *(.line)

.debug_srcinfo
 *(.debug_srcinfo)

.debug_sfnames
 *(.debug_sfnames)

.debug_aranges
 *(.debug_aranges)

.debug_pubnames
 *(.debug_pubnames)

.debug_info
 *(.debug_info)
 *(.gnu.linkonce.wi.*)

.debug_abbrev
 *(.debug_abbrev)

.debug_line
 *(.debug_line)

.debug_frame
 *(.debug_frame)

.debug_str
 *(.debug_str)

.debug_loc
 *(.debug_loc)

.debug_macinfo
 *(.debug_macinfo)
OUTPUT(RTOS_Mutual_Exclusion_2.elf elf32-avr)
LOAD linker stubs
