Archive member included because of file (symbol)

c:/winavr-20100110/bin/../lib/gcc/avr/4.3.3/avr5\libgcc.a(_exit.o)
                              c:/winavr-20100110/bin/../lib/gcc/avr/4.3.3/../../../../avr/lib/avr5/crtm32.o (exit)
c:/winavr-20100110/bin/../lib/gcc/avr/4.3.3/avr5\libgcc.a(_copy_data.o)
                              ./Mutual  Exclusion 2.o (__do_copy_data)
c:/winavr-20100110/bin/../lib/gcc/avr/4.3.3/avr5\libgcc.a(_clear_bss.o)
                              ./Mutual  Exclusion 2.o (__do_clear_bss)
c:/winavr-20100110/bin/../lib/gcc/avr/4.3.3/avr5\libgcc.a(_fixunssfsi.o)
                              ./Mutual  Exclusion 2.o (__fixunssfsi)
c:/winavr-20100110/bin/../lib/gcc/avr/4.3.3/avr5\libgcc.a(_addsub_sf.o)
                              c:/winavr-20100110/bin/../lib/gcc/avr/4.3.3/avr5\libgcc.a(_fixunssfsi.o) (__subsf3)
c:/winavr-20100110/bin/../lib/gcc/avr/4.3.3/avr5\libgcc.a(_mul_sf.o)
                              ./Mutual  Exclusion 2.o (__mulsf3)
c:/winavr-20100110/bin/../lib/gcc/avr/4.3.3/avr5\libgcc.a(_gt_sf.o)
                              ./Mutual  Exclusion 2.o (__gtsf2)
c:/winavr-20100110/bin/../lib/gcc/avr/4.3.3/avr5\libgcc.a(_ge_sf.o)
                              c:/winavr-20100110/bin/../lib/gcc/avr/4.3.3/avr5\libgcc.a(_fixunssfsi.o) (__gesf2)
c:/winavr-20100110/bin/../lib/gcc/avr/4.3.3/avr5\libgcc.a(_lt_sf.o)
                              ./Mutual  Exclusion 2.o (__ltsf2)
c:/winavr-20100110/bin/../lib/gcc/avr/4.3.3/avr5\libgcc.a(_sf_to_si.o)
                              c:/winavr-20100110/bin/../lib/gcc/avr/4.3.3/avr5\libgcc.a(_fixunssfsi.o) (__fixsfsi)
c:/winavr-20100110/bin/../lib/gcc/avr/4.3.3/avr5\libgcc.a(_thenan_sf.o)
                              c:/winavr-20100110/bin/../lib/gcc/avr/4.3.3/avr5\libgcc.a(_addsub_sf.o) (__thenan_sf)
c:/winavr-20100110/bin/../lib/gcc/avr/4.3.3/avr5\libgcc.a(_prologue.o)
                              c:/winavr-20100110/bin/../lib/gcc/avr/4.3.3/avr5\libgcc.a(_addsub_sf.o) (__prologue_saves__)
c:/winavr-20100110/bin/../lib/gcc/avr/4.3.3/avr5\libgcc.a(_epilogue.o)
                              c:/winavr-20100110/bin/../lib/gcc/avr/4.3.3/avr5\libgcc.a(_addsub_sf.o) (__epilogue_restores__)
c:/winavr-20100110/bin/../lib/gcc/avr/4.3.3/avr5\libgcc.a(_pack_sf.o)
                              c:/winavr-20100110/bin/../lib/gcc/avr/4.3.3/avr5\libgcc.a(_addsub_sf.o) (__pack_f)
c:/winavr-20100110/bin/../lib/gcc/avr/4.3.3/avr5\libgcc.a(_unpack_sf.o)
                              c:/winavr-20100110/bin/../lib/gcc/avr/4.3.3/avr5\libgcc.a(_addsub_sf.o) (__unpack_f)
c:/winavr-20100110/bin/../lib/gcc/avr/4.3.3/avr5\libgcc.a(_fpcmp_parts_sf.o)
                              c:/winavr-20100110/bin/../lib/gcc/avr/4.3.3/avr5\libgcc.a(_gt_sf.o) (__fpcmp_parts_f)
c:/winavr-20100110/bin/../lib/gcc/avr/4.3.3/../../../../avr/lib/avr5\libc.a(memcpy.o)
                              ./queue.o (memcpy)

Allocating common symbols
Common symbol       size              file

x                   0x2               ./Mutual  Exclusion 2.o
xQueueRegistry      0x20              ./queue.o
y                   0x2               ./Mutual  Exclusion 2.o

Memory Configuration

Name             Origin             Length             Attributes
text             0x00000000         0x00020000         xr
data             0x00800060         0x0000ffa0         rw !x
eeprom           0x00810000         0x00010000         rw !x
fuse             0x00820000         0x00000400         rw !x
lock             0x00830000         0x00000400         rw !x
signature        0x00840000         0x00000400         rw !x
*default*        0x00000000         0xffffffff

Linker script and memory map

LOAD c:/winavr-20100110/bin/../lib/gcc/avr/4.3.3/../../../../avr/lib/avr5/crtm32.o
LOAD ./DIO.o
LOAD ./Mutual  Exclusion 2.o
LOAD ./event_groups.o
LOAD ./heap_2.o
LOAD ./list.o
LOAD ./port.o
LOAD ./queue.o
LOAD ./tasks.o
LOAD c:/winavr-20100110/bin/../lib/gcc/avr/4.3.3/avr5\libgcc.a
LOAD c:/winavr-20100110/bin/../lib/gcc/avr/4.3.3/../../../../avr/lib/avr5\libc.a
LOAD c:/winavr-20100110/bin/../lib/gcc/avr/4.3.3/avr5\libgcc.a

.hash
 *(.hash)

.dynsym
 *(.dynsym)

.dynstr
 *(.dynstr)

.gnu.version
 *(.gnu.version)

.gnu.version_d
 *(.gnu.version_d)

.gnu.version_r
 *(.gnu.version_r)

.rel.init
 *(.rel.init)

.rela.init
 *(.rela.init)

.rel.text
 *(.rel.text)
 *(.rel.text.*)
 *(.rel.gnu.linkonce.t*)

.rela.text
 *(.rela.text)
 *(.rela.text.*)
 *(.rela.gnu.linkonce.t*)

.rel.fini
 *(.rel.fini)

.rela.fini
 *(.rela.fini)

.rel.rodata
 *(.rel.rodata)
 *(.rel.rodata.*)
 *(.rel.gnu.linkonce.r*)

.rela.rodata
 *(.rela.rodata)
 *(.rela.rodata.*)
 *(.rela.gnu.linkonce.r*)

.rel.data
 *(.rel.data)
 *(.rel.data.*)
 *(.rel.gnu.linkonce.d*)

.rela.data
 *(.rela.data)
 *(.rela.data.*)
 *(.rela.gnu.linkonce.d*)

.rel.ctors
 *(.rel.ctors)

.rela.ctors
 *(.rela.ctors)

.rel.dtors
 *(.rel.dtors)

.rela.dtors
 *(.rela.dtors)

.rel.got
 *(.rel.got)

.rela.got
 *(.rela.got)

.rel.bss
 *(.rel.bss)

.rela.bss
 *(.rela.bss)

.rel.plt
 *(.rel.plt)

.rela.plt
 *(.rela.plt)

.text           0x00000000     0x5484
 *(.vectors)
 .vectors       0x00000000       0x54 c:/winavr-20100110/bin/../lib/gcc/avr/4.3.3/../../../../avr/lib/avr5/crtm32.o
                0x00000000                __vectors
                0x00000000                __vector_default
 *(.vectors)
 *(.progmem.gcc*)
 *(.progmem*)
                0x00000054                . = ALIGN (0x2)
                0x00000054                __trampolines_start = .
 *(.trampolines)
 .trampolines   0x00000054        0x0 linker stubs
 *(.trampolines*)
                0x00000054                __trampolines_end = .
 *(.jumptables)
 *(.jumptables*)
 *(.lowtext)
 *(.lowtext*)
                0x00000054                __ctors_start = .
 *(.ctors)
                0x00000054                __ctors_end = .
                0x00000054                __dtors_start = .
 *(.dtors)
                0x00000054                __dtors_end = .
 SORT(*)(.ctors)
 SORT(*)(.dtors)
 *(.init0)
 .init0         0x00000054        0x0 c:/winavr-20100110/bin/../lib/gcc/avr/4.3.3/../../../../avr/lib/avr5/crtm32.o
                0x00000054                __init
 *(.init0)
 *(.init1)
 *(.init1)
 *(.init2)
 .init2         0x00000054        0xc c:/winavr-20100110/bin/../lib/gcc/avr/4.3.3/../../../../avr/lib/avr5/crtm32.o
 *(.init2)
 *(.init3)
 *(.init3)
 *(.init4)
 .init4         0x00000060       0x16 c:/winavr-20100110/bin/../lib/gcc/avr/4.3.3/avr5\libgcc.a(_copy_data.o)
                0x00000060                __do_copy_data
 .init4         0x00000076       0x10 c:/winavr-20100110/bin/../lib/gcc/avr/4.3.3/avr5\libgcc.a(_clear_bss.o)
                0x00000076                __do_clear_bss
 *(.init4)
 *(.init5)
 *(.init5)
 *(.init6)
 *(.init6)
 *(.init7)
 *(.init7)
 *(.init8)
 *(.init8)
 *(.init9)
 .init9         0x00000086        0x8 c:/winavr-20100110/bin/../lib/gcc/avr/4.3.3/../../../../avr/lib/avr5/crtm32.o
 *(.init9)
 *(.text)
 .text          0x0000008e        0x4 c:/winavr-20100110/bin/../lib/gcc/avr/4.3.3/../../../../avr/lib/avr5/crtm32.o
                0x0000008e                __vector_1
                0x0000008e                __vector_12
                0x0000008e                __bad_interrupt
                0x0000008e                __vector_6
                0x0000008e                __vector_3
                0x0000008e                __vector_11
                0x0000008e                __vector_13
                0x0000008e                __vector_17
                0x0000008e                __vector_19
                0x0000008e                __vector_5
                0x0000008e                __vector_4
                0x0000008e                __vector_9
                0x0000008e                __vector_2
                0x0000008e                __vector_15
                0x0000008e                __vector_8
                0x0000008e                __vector_14
                0x0000008e                __vector_10
                0x0000008e                __vector_16
                0x0000008e                __vector_18
                0x0000008e                __vector_20
 .text          0x00000092        0x0 ./DIO.o
 .text          0x00000092        0x0 ./Mutual  Exclusion 2.o
 .text          0x00000092        0x0 ./event_groups.o
 .text          0x00000092        0x0 ./heap_2.o
 .text          0x00000092        0x0 ./list.o
 .text          0x00000092        0x0 ./port.o
 .text          0x00000092        0x0 ./queue.o
 .text          0x00000092        0x0 ./tasks.o
 .text          0x00000092        0x0 c:/winavr-20100110/bin/../lib/gcc/avr/4.3.3/avr5\libgcc.a(_exit.o)
 .text          0x00000092        0x0 c:/winavr-20100110/bin/../lib/gcc/avr/4.3.3/avr5\libgcc.a(_copy_data.o)
 .text          0x00000092        0x0 c:/winavr-20100110/bin/../lib/gcc/avr/4.3.3/avr5\libgcc.a(_clear_bss.o)
 .text          0x00000092       0x58 c:/winavr-20100110/bin/../lib/gcc/avr/4.3.3/avr5\libgcc.a(_fixunssfsi.o)
                0x00000092                __fixunssfsi
 .text          0x000000ea      0x354 c:/winavr-20100110/bin/../lib/gcc/avr/4.3.3/avr5\libgcc.a(_addsub_sf.o)
                0x00000382                __subsf3
                0x000003e4                __addsf3
 .text          0x0000043e      0x1f4 c:/winavr-20100110/bin/../lib/gcc/avr/4.3.3/avr5\libgcc.a(_mul_sf.o)
                0x0000043e                __mulsf3
 .text          0x00000632       0x60 c:/winavr-20100110/bin/../lib/gcc/avr/4.3.3/avr5\libgcc.a(_gt_sf.o)
                0x00000632                __gtsf2
 .text          0x00000692       0x60 c:/winavr-20100110/bin/../lib/gcc/avr/4.3.3/avr5\libgcc.a(_ge_sf.o)
                0x00000692                __gesf2
 .text          0x000006f2       0x60 c:/winavr-20100110/bin/../lib/gcc/avr/4.3.3/avr5\libgcc.a(_lt_sf.o)
                0x000006f2                __ltsf2
 .text          0x00000752       0xa8 c:/winavr-20100110/bin/../lib/gcc/avr/4.3.3/avr5\libgcc.a(_sf_to_si.o)
                0x00000752                __fixsfsi
 .text          0x000007fa        0x0 c:/winavr-20100110/bin/../lib/gcc/avr/4.3.3/avr5\libgcc.a(_thenan_sf.o)
 .text          0x000007fa        0x0 c:/winavr-20100110/bin/../lib/gcc/avr/4.3.3/avr5\libgcc.a(_prologue.o)
 .text          0x000007fa        0x0 c:/winavr-20100110/bin/../lib/gcc/avr/4.3.3/avr5\libgcc.a(_epilogue.o)
 .text          0x000007fa      0x1aa c:/winavr-20100110/bin/../lib/gcc/avr/4.3.3/avr5\libgcc.a(_pack_sf.o)
                0x000007fa                __pack_f
 .text          0x000009a4       0xf0 c:/winavr-20100110/bin/../lib/gcc/avr/4.3.3/avr5\libgcc.a(_unpack_sf.o)
                0x000009a4                __unpack_f
 .text          0x00000a94       0xb2 c:/winavr-20100110/bin/../lib/gcc/avr/4.3.3/avr5\libgcc.a(_fpcmp_parts_sf.o)
                0x00000a94                __fpcmp_parts_f
 .text          0x00000b46        0x0 c:/winavr-20100110/bin/../lib/gcc/avr/4.3.3/../../../../avr/lib/avr5\libc.a(memcpy.o)
                0x00000b46                . = ALIGN (0x2)
 *(.text.*)
 .text.DIO_vsetPINDir
                0x00000b46      0x1c8 ./DIO.o
                0x00000b46                DIO_vsetPINDir
 .text.DIO_write
                0x00000d0e      0x1c8 ./DIO.o
                0x00000d0e                DIO_write
 .text.DIO_u8read
                0x00000ed6      0x156 ./DIO.o
                0x00000ed6                DIO_u8read
 .text.DIO_toggle
                0x0000102c       0xfc ./DIO.o
                0x0000102c                DIO_toggle
 .text.DIO_write_port
                0x00001128       0x84 ./DIO.o
                0x00001128                DIO_write_port
 .text.dio_write_highnibble
                0x000011ac       0xb4 ./DIO.o
                0x000011ac                dio_write_highnibble
 .text.clear_high_nibble
                0x00001260       0x98 ./DIO.o
                0x00001260                clear_high_nibble
 .text.main     0x000012f8       0x4c ./Mutual  Exclusion 2.o
                0x000012f8                main
 .text.task1    0x00001344       0x4c ./Mutual  Exclusion 2.o
                0x00001344                task1
 .text.task2    0x00001390      0x12a ./Mutual  Exclusion 2.o
                0x00001390                task2
 .text.xEventGroupCreate
                0x000014ba       0x3e ./event_groups.o
                0x000014ba                xEventGroupCreate
 .text.xEventGroupSync
                0x000014f8      0x16e ./event_groups.o
                0x000014f8                xEventGroupSync
 .text.xEventGroupWaitBits
                0x00001666      0x186 ./event_groups.o
                0x00001666                xEventGroupWaitBits
 .text.xEventGroupClearBits
                0x000017ec       0x6c ./event_groups.o
                0x000017ec                xEventGroupClearBits
 .text.xEventGroupGetBitsFromISR
                0x00001858       0x44 ./event_groups.o
                0x00001858                xEventGroupGetBitsFromISR
 .text.xEventGroupSetBits
                0x0000189c      0x164 ./event_groups.o
                0x0000189c                xEventGroupSetBits
 .text.vEventGroupDelete
                0x00001a00       0x62 ./event_groups.o
                0x00001a00                vEventGroupDelete
 .text.vEventGroupSetBitsCallback
                0x00001a62       0x3a ./event_groups.o
                0x00001a62                vEventGroupSetBitsCallback
 .text.vEventGroupClearBitsCallback
                0x00001a9c       0x3a ./event_groups.o
                0x00001a9c                vEventGroupClearBitsCallback
 .text.prvTestWaitCondition
                0x00001ad6       0x64 ./event_groups.o
 .text.pvPortMalloc
                0x00001b3a      0x1d0 ./heap_2.o
                0x00001b3a                pvPortMalloc
 .text.vPortFree
                0x00001d0a       0xda ./heap_2.o
                0x00001d0a                vPortFree
 .text.xPortGetFreeHeapSize
                0x00001de4       0x16 ./heap_2.o
                0x00001de4                xPortGetFreeHeapSize
 .text.vPortInitialiseBlocks
                0x00001dfa        0xe ./heap_2.o
                0x00001dfa                vPortInitialiseBlocks
 .text.prvHeapInit
                0x00001e08       0x6a ./heap_2.o
 .text.vListInitialise
                0x00001e72       0x54 ./list.o
                0x00001e72                vListInitialise
 .text.vListInitialiseItem
                0x00001ec6       0x20 ./list.o
                0x00001ec6                vListInitialiseItem
 .text.vListInsertEnd
                0x00001ee6       0x88 ./list.o
                0x00001ee6                vListInsertEnd
 .text.vListInsert
                0x00001f6e       0xd8 ./list.o
                0x00001f6e                vListInsert
 .text.uxListRemove
                0x00002046       0x98 ./list.o
                0x00002046                uxListRemove
 .text.pxPortInitialiseStack
                0x000020de      0x306 ./port.o
                0x000020de                pxPortInitialiseStack
 .text.xPortStartScheduler
                0x000023e4       0x6a ./port.o
                0x000023e4                xPortStartScheduler
 .text.vPortEndScheduler
                0x0000244e        0xe ./port.o
                0x0000244e                vPortEndScheduler
 .text.vPortYield
                0x0000245c       0xb2 ./port.o
                0x0000245c                vPortYield
 .text.vPortYieldFromTick
                0x0000250e       0xba ./port.o
                0x0000250e                vPortYieldFromTick
 .text.prvSetupTimerInterrupt
                0x000025c8       0xb8 ./port.o
 .text.__vector_7
                0x00002680        0x6 ./port.o
                0x00002680                __vector_7
 .text.xQueueGenericReset
                0x00002686      0x10c ./queue.o
                0x00002686                xQueueGenericReset
 .text.xQueueGenericCreate
                0x00002792       0x9a ./queue.o
                0x00002792                xQueueGenericCreate
 .text.prvInitialiseNewQueue
                0x0000282c       0x76 ./queue.o
 .text.prvInitialiseMutex
                0x000028a2       0x48 ./queue.o
 .text.xQueueCreateMutex
                0x000028ea       0x40 ./queue.o
                0x000028ea                xQueueCreateMutex
 .text.xQueueGenericSend
                0x0000292a      0x158 ./queue.o
                0x0000292a                xQueueGenericSend
 .text.xQueueGenericSendFromISR
                0x00002a82       0xb0 ./queue.o
                0x00002a82                xQueueGenericSendFromISR
 .text.xQueueGiveFromISR
                0x00002b32       0xa2 ./queue.o
                0x00002b32                xQueueGiveFromISR
 .text.xQueueGenericReceive
                0x00002bd4      0x1d0 ./queue.o
                0x00002bd4                xQueueGenericReceive
 .text.xQueueReceiveFromISR
                0x00002da4       0xae ./queue.o
                0x00002da4                xQueueReceiveFromISR
 .text.xQueuePeekFromISR
                0x00002e52       0x72 ./queue.o
                0x00002e52                xQueuePeekFromISR
 .text.uxQueueMessagesWaiting
                0x00002ec4       0x30 ./queue.o
                0x00002ec4                uxQueueMessagesWaiting
 .text.uxQueueSpacesAvailable
                0x00002ef4       0x4a ./queue.o
                0x00002ef4                uxQueueSpacesAvailable
 .text.uxQueueMessagesWaitingFromISR
                0x00002f3e       0x26 ./queue.o
                0x00002f3e                uxQueueMessagesWaitingFromISR
 .text.vQueueDelete
                0x00002f64       0x36 ./queue.o
                0x00002f64                vQueueDelete
 .text.prvCopyDataToQueue
                0x00002f9a      0x170 ./queue.o
 .text.prvCopyDataFromQueue
                0x0000310a       0x8e ./queue.o
 .text.prvUnlockQueue
                0x00003198       0xa6 ./queue.o
 .text.prvIsQueueEmpty
                0x0000323e       0x3a ./queue.o
 .text.xQueueIsQueueEmptyFromISR
                0x00003278       0x30 ./queue.o
                0x00003278                xQueueIsQueueEmptyFromISR
 .text.prvIsQueueFull
                0x000032a8       0x40 ./queue.o
 .text.xQueueIsQueueFullFromISR
                0x000032e8       0x36 ./queue.o
                0x000032e8                xQueueIsQueueFullFromISR
 .text.vQueueAddToRegistry
                0x0000331e       0x8e ./queue.o
                0x0000331e                vQueueAddToRegistry
 .text.pcQueueGetName
                0x000033ac       0x7c ./queue.o
                0x000033ac                pcQueueGetName
 .text.vQueueUnregisterQueue
                0x00003428       0x84 ./queue.o
                0x00003428                vQueueUnregisterQueue
 .text.xTaskCreate
                0x000034ac       0xf0 ./tasks.o
                0x000034ac                xTaskCreate
 .text.prvInitialiseNewTask
                0x0000359c      0x176 ./tasks.o
 .text.prvAddNewTaskToReadyList
                0x00003712       0xf0 ./tasks.o
 .text.vTaskDelete
                0x00003802       0xe4 ./tasks.o
                0x00003802                vTaskDelete
 .text.vTaskDelayUntil
                0x000038e6       0xe4 ./tasks.o
                0x000038e6                vTaskDelayUntil
 .text.vTaskDelay
                0x000039ca       0x44 ./tasks.o
                0x000039ca                vTaskDelay
 .text.uxTaskPriorityGet
                0x00003a0e       0x64 ./tasks.o
                0x00003a0e                uxTaskPriorityGet
 .text.uxTaskPriorityGetFromISR
                0x00003a72       0x5c ./tasks.o
                0x00003a72                uxTaskPriorityGetFromISR
 .text.vTaskPrioritySet
                0x00003ace      0x194 ./tasks.o
                0x00003ace                vTaskPrioritySet
 .text.vTaskSuspend
                0x00003c62       0xd8 ./tasks.o
                0x00003c62                vTaskSuspend
 .text.prvTaskIsTaskSuspended
                0x00003d3a       0x5e ./tasks.o
 .text.vTaskResume
                0x00003d98       0xc8 ./tasks.o
                0x00003d98                vTaskResume
 .text.xTaskResumeFromISR
                0x00003e60       0xcc ./tasks.o
                0x00003e60                xTaskResumeFromISR
 .text.vTaskStartScheduler
                0x00003f2c       0x64 ./tasks.o
                0x00003f2c                vTaskStartScheduler
 .text.vTaskEndScheduler
                0x00003f90       0x18 ./tasks.o
                0x00003f90                vTaskEndScheduler
 .text.vTaskSuspendAll
                0x00003fa8       0x18 ./tasks.o
                0x00003fa8                vTaskSuspendAll
 .text.xTaskResumeAll
                0x00003fc0      0x126 ./tasks.o
                0x00003fc0                xTaskResumeAll
 .text.xTaskGetTickCount
                0x000040e6       0x2e ./tasks.o
                0x000040e6                xTaskGetTickCount
 .text.xTaskGetTickCountFromISR
                0x00004114       0x2a ./tasks.o
                0x00004114                xTaskGetTickCountFromISR
 .text.uxTaskGetNumberOfTasks
                0x0000413e       0x12 ./tasks.o
                0x0000413e                uxTaskGetNumberOfTasks
 .text.pcTaskGetName
                0x00004150       0x50 ./tasks.o
                0x00004150                pcTaskGetName
 .text.xTaskIncrementTick
                0x000041a0      0x198 ./tasks.o
                0x000041a0                xTaskIncrementTick
 .text.vTaskSwitchContext
                0x00004338       0xda ./tasks.o
                0x00004338                vTaskSwitchContext
 .text.vTaskPlaceOnEventList
                0x00004412       0x44 ./tasks.o
                0x00004412                vTaskPlaceOnEventList
 .text.vTaskPlaceOnUnorderedEventList
                0x00004456       0x60 ./tasks.o
                0x00004456                vTaskPlaceOnUnorderedEventList
 .text.xTaskRemoveFromEventList
                0x000044b6       0xd6 ./tasks.o
                0x000044b6                xTaskRemoveFromEventList
 .text.xTaskRemoveFromUnorderedEventList
                0x0000458c       0xca ./tasks.o
                0x0000458c                xTaskRemoveFromUnorderedEventList
 .text.vTaskSetTimeOutState
                0x00004656       0x32 ./tasks.o
                0x00004656                vTaskSetTimeOutState
 .text.xTaskCheckForTimeOut
                0x00004688       0xda ./tasks.o
                0x00004688                xTaskCheckForTimeOut
 .text.vTaskMissedYield
                0x00004762       0x14 ./tasks.o
                0x00004762                vTaskMissedYield
 .text.prvIdleTask
                0x00004776       0x20 ./tasks.o
 .text.prvInitialiseTaskLists
                0x00004796       0x82 ./tasks.o
 .text.prvCheckTasksWaitingTermination
                0x00004818       0x7e ./tasks.o
 .text.prvDeleteTCB
                0x00004896       0x2c ./tasks.o
 .text.prvResetNextTaskUnblockTime
                0x000048c2       0x56 ./tasks.o
 .text.xTaskGetCurrentTaskHandle
                0x00004918       0x24 ./tasks.o
                0x00004918                xTaskGetCurrentTaskHandle
 .text.vTaskPriorityInherit
                0x0000493c      0x116 ./tasks.o
                0x0000493c                vTaskPriorityInherit
 .text.xTaskPriorityDisinherit
                0x00004a52       0xe4 ./tasks.o
                0x00004a52                xTaskPriorityDisinherit
 .text.uxTaskResetEventItemValue
                0x00004b36       0x4e ./tasks.o
                0x00004b36                uxTaskResetEventItemValue
 .text.pvTaskIncrementMutexHeldCount
                0x00004b84       0x30 ./tasks.o
                0x00004b84                pvTaskIncrementMutexHeldCount
 .text.ulTaskNotifyTake
                0x00004bb4       0xee ./tasks.o
                0x00004bb4                ulTaskNotifyTake
 .text.xTaskNotifyWait
                0x00004ca2      0x138 ./tasks.o
                0x00004ca2                xTaskNotifyWait
 .text.xTaskGenericNotify
                0x00004dda      0x1ba ./tasks.o
                0x00004dda                xTaskGenericNotify
 .text.xTaskGenericNotifyFromISR
                0x00004f94      0x1f2 ./tasks.o
                0x00004f94                xTaskGenericNotifyFromISR
 .text.vTaskNotifyGiveFromISR
                0x00005186      0x10e ./tasks.o
                0x00005186                vTaskNotifyGiveFromISR
 .text.xTaskNotifyStateClear
                0x00005294       0x74 ./tasks.o
                0x00005294                xTaskNotifyStateClear
 .text.prvAddCurrentTaskToDelayedList
                0x00005308       0xf8 ./tasks.o
 .text.libgcc   0x00005400        0x0 c:/winavr-20100110/bin/../lib/gcc/avr/4.3.3/avr5\libgcc.a(_exit.o)
 .text.libgcc   0x00005400        0x0 c:/winavr-20100110/bin/../lib/gcc/avr/4.3.3/avr5\libgcc.a(_copy_data.o)
 .text.libgcc   0x00005400        0x0 c:/winavr-20100110/bin/../lib/gcc/avr/4.3.3/avr5\libgcc.a(_clear_bss.o)
 .text.libgcc   0x00005400       0x38 c:/winavr-20100110/bin/../lib/gcc/avr/4.3.3/avr5\libgcc.a(_prologue.o)
                0x00005400                __prologue_saves__
 .text.libgcc   0x00005438       0x36 c:/winavr-20100110/bin/../lib/gcc/avr/4.3.3/avr5\libgcc.a(_epilogue.o)
                0x00005438                __epilogue_restores__
 .text.avr-libc
                0x0000546e       0x12 c:/winavr-20100110/bin/../lib/gcc/avr/4.3.3/../../../../avr/lib/avr5\libc.a(memcpy.o)
                0x0000546e                memcpy
                0x00005480                . = ALIGN (0x2)
 *(.fini9)
 .fini9         0x00005480        0x0 c:/winavr-20100110/bin/../lib/gcc/avr/4.3.3/avr5\libgcc.a(_exit.o)
                0x00005480                exit
                0x00005480                _exit
 *(.fini9)
 *(.fini8)
 *(.fini8)
 *(.fini7)
 *(.fini7)
 *(.fini6)
 *(.fini6)
 *(.fini5)
 *(.fini5)
 *(.fini4)
 *(.fini4)
 *(.fini3)
 *(.fini3)
 *(.fini2)
 *(.fini2)
 *(.fini1)
 *(.fini1)
 *(.fini0)
 .fini0         0x00005480        0x4 c:/winavr-20100110/bin/../lib/gcc/avr/4.3.3/avr5\libgcc.a(_exit.o)
 *(.fini0)
                0x00005484                _etext = .

.data           0x00800060       0x16 load address 0x00005484
                0x00800060                PROVIDE (__data_start, .)
 *(.data)
 .data          0x00800060        0x0 c:/winavr-20100110/bin/../lib/gcc/avr/4.3.3/../../../../avr/lib/avr5/crtm32.o
 .data          0x00800060        0x0 ./DIO.o
 .data          0x00800060        0x4 ./Mutual  Exclusion 2.o
 .data          0x00800064        0x0 ./event_groups.o
 .data          0x00800064        0x0 ./heap_2.o
 .data          0x00800064        0x0 ./list.o
 .data          0x00800064        0x0 ./port.o
 .data          0x00800064        0x0 ./queue.o
 .data          0x00800064        0x5 ./tasks.o
 .data          0x00800069        0x0 c:/winavr-20100110/bin/../lib/gcc/avr/4.3.3/avr5\libgcc.a(_exit.o)
 .data          0x00800069        0x0 c:/winavr-20100110/bin/../lib/gcc/avr/4.3.3/avr5\libgcc.a(_copy_data.o)
 .data          0x00800069        0x0 c:/winavr-20100110/bin/../lib/gcc/avr/4.3.3/avr5\libgcc.a(_clear_bss.o)
 .data          0x00800069        0x0 c:/winavr-20100110/bin/../lib/gcc/avr/4.3.3/avr5\libgcc.a(_fixunssfsi.o)
 .data          0x00800069        0x0 c:/winavr-20100110/bin/../lib/gcc/avr/4.3.3/avr5\libgcc.a(_addsub_sf.o)
 .data          0x00800069        0x0 c:/winavr-20100110/bin/../lib/gcc/avr/4.3.3/avr5\libgcc.a(_mul_sf.o)
 .data          0x00800069        0x0 c:/winavr-20100110/bin/../lib/gcc/avr/4.3.3/avr5\libgcc.a(_gt_sf.o)
 .data          0x00800069        0x0 c:/winavr-20100110/bin/../lib/gcc/avr/4.3.3/avr5\libgcc.a(_ge_sf.o)
 .data          0x00800069        0x0 c:/winavr-20100110/bin/../lib/gcc/avr/4.3.3/avr5\libgcc.a(_lt_sf.o)
 .data          0x00800069        0x0 c:/winavr-20100110/bin/../lib/gcc/avr/4.3.3/avr5\libgcc.a(_sf_to_si.o)
 .data          0x00800069        0x8 c:/winavr-20100110/bin/../lib/gcc/avr/4.3.3/avr5\libgcc.a(_thenan_sf.o)
                0x00800069                __thenan_sf
 .data          0x00800071        0x0 c:/winavr-20100110/bin/../lib/gcc/avr/4.3.3/avr5\libgcc.a(_prologue.o)
 .data          0x00800071        0x0 c:/winavr-20100110/bin/../lib/gcc/avr/4.3.3/avr5\libgcc.a(_epilogue.o)
 .data          0x00800071        0x0 c:/winavr-20100110/bin/../lib/gcc/avr/4.3.3/avr5\libgcc.a(_pack_sf.o)
 .data          0x00800071        0x0 c:/winavr-20100110/bin/../lib/gcc/avr/4.3.3/avr5\libgcc.a(_unpack_sf.o)
 .data          0x00800071        0x0 c:/winavr-20100110/bin/../lib/gcc/avr/4.3.3/avr5\libgcc.a(_fpcmp_parts_sf.o)
 .data          0x00800071        0x0 c:/winavr-20100110/bin/../lib/gcc/avr/4.3.3/../../../../avr/lib/avr5\libc.a(memcpy.o)
 *(.data*)
 .data.xFreeBytesRemaining
                0x00800071        0x2 ./heap_2.o
 *(.rodata)
 *(.rodata*)
 .rodata.heapSTRUCT_SIZE
                0x00800073        0x2 ./heap_2.o
 *(.gnu.linkonce.d*)
                0x00800076                . = ALIGN (0x2)
 *fill*         0x00800075        0x1 00
                0x00800076                _edata = .
                0x00800076                PROVIDE (__data_end, .)

.bss            0x00800076      0x3bc
                0x00800076                PROVIDE (__bss_start, .)
 *(.bss)
 .bss           0x00800076        0x0 c:/winavr-20100110/bin/../lib/gcc/avr/4.3.3/../../../../avr/lib/avr5/crtm32.o
 .bss           0x00800076        0x0 ./DIO.o
 .bss           0x00800076        0x0 ./Mutual  Exclusion 2.o
 .bss           0x00800076        0x0 ./event_groups.o
 .bss           0x00800076        0x0 ./heap_2.o
 .bss           0x00800076        0x0 ./list.o
 .bss           0x00800076        0x0 ./port.o
 .bss           0x00800076        0x0 ./queue.o
 .bss           0x00800076        0x0 ./tasks.o
 .bss           0x00800076        0x0 c:/winavr-20100110/bin/../lib/gcc/avr/4.3.3/avr5\libgcc.a(_exit.o)
 .bss           0x00800076        0x0 c:/winavr-20100110/bin/../lib/gcc/avr/4.3.3/avr5\libgcc.a(_copy_data.o)
 .bss           0x00800076        0x0 c:/winavr-20100110/bin/../lib/gcc/avr/4.3.3/avr5\libgcc.a(_clear_bss.o)
 .bss           0x00800076        0x0 c:/winavr-20100110/bin/../lib/gcc/avr/4.3.3/avr5\libgcc.a(_fixunssfsi.o)
 .bss           0x00800076        0x0 c:/winavr-20100110/bin/../lib/gcc/avr/4.3.3/avr5\libgcc.a(_addsub_sf.o)
 .bss           0x00800076        0x0 c:/winavr-20100110/bin/../lib/gcc/avr/4.3.3/avr5\libgcc.a(_mul_sf.o)
 .bss           0x00800076        0x0 c:/winavr-20100110/bin/../lib/gcc/avr/4.3.3/avr5\libgcc.a(_gt_sf.o)
 .bss           0x00800076        0x0 c:/winavr-20100110/bin/../lib/gcc/avr/4.3.3/avr5\libgcc.a(_ge_sf.o)
 .bss           0x00800076        0x0 c:/winavr-20100110/bin/../lib/gcc/avr/4.3.3/avr5\libgcc.a(_lt_sf.o)
 .bss           0x00800076        0x0 c:/winavr-20100110/bin/../lib/gcc/avr/4.3.3/avr5\libgcc.a(_sf_to_si.o)
 .bss           0x00800076        0x0 c:/winavr-20100110/bin/../lib/gcc/avr/4.3.3/avr5\libgcc.a(_thenan_sf.o)
 .bss           0x00800076        0x0 c:/winavr-20100110/bin/../lib/gcc/avr/4.3.3/avr5\libgcc.a(_prologue.o)
 .bss           0x00800076        0x0 c:/winavr-20100110/bin/../lib/gcc/avr/4.3.3/avr5\libgcc.a(_epilogue.o)
 .bss           0x00800076        0x0 c:/winavr-20100110/bin/../lib/gcc/avr/4.3.3/avr5\libgcc.a(_pack_sf.o)
 .bss           0x00800076        0x0 c:/winavr-20100110/bin/../lib/gcc/avr/4.3.3/avr5\libgcc.a(_unpack_sf.o)
 .bss           0x00800076        0x0 c:/winavr-20100110/bin/../lib/gcc/avr/4.3.3/avr5\libgcc.a(_fpcmp_parts_sf.o)
 .bss           0x00800076        0x0 c:/winavr-20100110/bin/../lib/gcc/avr/4.3.3/../../../../avr/lib/avr5\libc.a(memcpy.o)
 *(.bss*)
 .bss.xHeapHasBeenInitialised.1634
                0x00800076        0x1 ./heap_2.o
 .bss.ucHeap    0x00800077      0x320 ./heap_2.o
 .bss.xStart    0x00800397        0x4 ./heap_2.o
 .bss.xEnd      0x0080039b        0x4 ./heap_2.o
 .bss.pxCurrentTCB
                0x0080039f        0x2 ./tasks.o
                0x0080039f                pxCurrentTCB
 .bss.uxDeletedTasksWaitingCleanUp
                0x008003a1        0x1 ./tasks.o
 .bss.uxCurrentNumberOfTasks
                0x008003a2        0x1 ./tasks.o
 .bss.xTickCount
                0x008003a3        0x2 ./tasks.o
 .bss.uxTopReadyPriority
                0x008003a5        0x1 ./tasks.o
 .bss.xSchedulerRunning
                0x008003a6        0x1 ./tasks.o
 .bss.uxPendedTicks
                0x008003a7        0x1 ./tasks.o
 .bss.xYieldPending
                0x008003a8        0x1 ./tasks.o
 .bss.xNumOfOverflows
                0x008003a9        0x1 ./tasks.o
 .bss.uxTaskNumber
                0x008003aa        0x1 ./tasks.o
 .bss.xNextTaskUnblockTime
                0x008003ab        0x2 ./tasks.o
 .bss.xIdleTaskHandle
                0x008003ad        0x2 ./tasks.o
 .bss.uxSchedulerSuspended
                0x008003af        0x1 ./tasks.o
 .bss.pxReadyTasksLists
                0x008003b0       0x2d ./tasks.o
 .bss.xDelayedTaskList1
                0x008003dd        0x9 ./tasks.o
 .bss.xDelayedTaskList2
                0x008003e6        0x9 ./tasks.o
 .bss.pxDelayedTaskList
                0x008003ef        0x2 ./tasks.o
 .bss.pxOverflowDelayedTaskList
                0x008003f1        0x2 ./tasks.o
 .bss.xPendingReadyList
                0x008003f3        0x9 ./tasks.o
 .bss.xTasksWaitingTermination
                0x008003fc        0x9 ./tasks.o
 .bss.xSuspendedTaskList
                0x00800405        0x9 ./tasks.o
 *(COMMON)
 COMMON         0x0080040e        0x4 ./Mutual  Exclusion 2.o
                0x0080040e                x
                0x00800410                y
 COMMON         0x00800412       0x20 ./queue.o
                0x00800412                xQueueRegistry
                0x00800432                PROVIDE (__bss_end, .)
                0x00005484                __data_load_start = LOADADDR (.data)
                0x0000549a                __data_load_end = (__data_load_start + SIZEOF (.data))

.noinit         0x00800432        0x0
                0x00800432                PROVIDE (__noinit_start, .)
 *(.noinit*)
                0x00800432                PROVIDE (__noinit_end, .)
                0x00800432                _end = .
                0x00800432                PROVIDE (__heap_start, .)

.eeprom         0x00810000        0x0
 *(.eeprom*)
                0x00810000                __eeprom_end = .

.fuse
 *(.fuse)
 *(.lfuse)
 *(.hfuse)
 *(.efuse)

.lock
 *(.lock*)

.signature
 *(.signature*)

.stab           0x00000000     0x6d5c
 *(.stab)
 .stab          0x00000000      0x714 ./DIO.o
 .stab          0x00000714      0x5a0 ./Mutual  Exclusion 2.o
                                0x75c (size before relaxing)
 .stab          0x00000cb4      0xca8 ./event_groups.o
                               0x1044 (size before relaxing)
 .stab          0x0000195c      0x57c ./heap_2.o
                                0x9a8 (size before relaxing)
 .stab          0x00001ed8      0x438 ./list.o
                                0x798 (size before relaxing)
 .stab          0x00002310      0x840 ./port.o
                                0xcc0 (size before relaxing)
 .stab          0x00002b50     0x192c ./queue.o
                               0x1d58 (size before relaxing)
 .stab          0x0000447c     0x28e0 ./tasks.o
                               0x2d3c (size before relaxing)

.stabstr        0x00000000     0x37a4
 *(.stabstr)
 .stabstr       0x00000000     0x37a4 ./DIO.o

.stab.excl
 *(.stab.excl)

.stab.exclstr
 *(.stab.exclstr)

.stab.index
 *(.stab.index)

.stab.indexstr
 *(.stab.indexstr)

.comment
 *(.comment)

.debug
 *(.debug)

.line
 *(.line)

.debug_srcinfo
 *(.debug_srcinfo)

.debug_sfnames
 *(.debug_sfnames)

.debug_aranges  0x00000000      0x140
 *(.debug_aranges)
 .debug_aranges
                0x00000000       0x20 c:/winavr-20100110/bin/../lib/gcc/avr/4.3.3/avr5\libgcc.a(_fixunssfsi.o)
 .debug_aranges
                0x00000020       0x20 c:/winavr-20100110/bin/../lib/gcc/avr/4.3.3/avr5\libgcc.a(_addsub_sf.o)
 .debug_aranges
                0x00000040       0x20 c:/winavr-20100110/bin/../lib/gcc/avr/4.3.3/avr5\libgcc.a(_mul_sf.o)
 .debug_aranges
                0x00000060       0x20 c:/winavr-20100110/bin/../lib/gcc/avr/4.3.3/avr5\libgcc.a(_gt_sf.o)
 .debug_aranges
                0x00000080       0x20 c:/winavr-20100110/bin/../lib/gcc/avr/4.3.3/avr5\libgcc.a(_ge_sf.o)
 .debug_aranges
                0x000000a0       0x20 c:/winavr-20100110/bin/../lib/gcc/avr/4.3.3/avr5\libgcc.a(_lt_sf.o)
 .debug_aranges
                0x000000c0       0x20 c:/winavr-20100110/bin/../lib/gcc/avr/4.3.3/avr5\libgcc.a(_sf_to_si.o)
 .debug_aranges
                0x000000e0       0x20 c:/winavr-20100110/bin/../lib/gcc/avr/4.3.3/avr5\libgcc.a(_pack_sf.o)
 .debug_aranges
                0x00000100       0x20 c:/winavr-20100110/bin/../lib/gcc/avr/4.3.3/avr5\libgcc.a(_unpack_sf.o)
 .debug_aranges
                0x00000120       0x20 c:/winavr-20100110/bin/../lib/gcc/avr/4.3.3/avr5\libgcc.a(_fpcmp_parts_sf.o)

.debug_pubnames
                0x00000000      0x170
 *(.debug_pubnames)
 .debug_pubnames
                0x00000000       0x23 c:/winavr-20100110/bin/../lib/gcc/avr/4.3.3/avr5\libgcc.a(_fixunssfsi.o)
 .debug_pubnames
                0x00000023       0x2c c:/winavr-20100110/bin/../lib/gcc/avr/4.3.3/avr5\libgcc.a(_addsub_sf.o)
 .debug_pubnames
                0x0000004f       0x1f c:/winavr-20100110/bin/../lib/gcc/avr/4.3.3/avr5\libgcc.a(_mul_sf.o)
 .debug_pubnames
                0x0000006e       0x1e c:/winavr-20100110/bin/../lib/gcc/avr/4.3.3/avr5\libgcc.a(_gt_sf.o)
 .debug_pubnames
                0x0000008c       0x1e c:/winavr-20100110/bin/../lib/gcc/avr/4.3.3/avr5\libgcc.a(_ge_sf.o)
 .debug_pubnames
                0x000000aa       0x1e c:/winavr-20100110/bin/../lib/gcc/avr/4.3.3/avr5\libgcc.a(_lt_sf.o)
 .debug_pubnames
                0x000000c8       0x20 c:/winavr-20100110/bin/../lib/gcc/avr/4.3.3/avr5\libgcc.a(_sf_to_si.o)
 .debug_pubnames
                0x000000e8       0x22 c:/winavr-20100110/bin/../lib/gcc/avr/4.3.3/avr5\libgcc.a(_thenan_sf.o)
 .debug_pubnames
                0x0000010a       0x1f c:/winavr-20100110/bin/../lib/gcc/avr/4.3.3/avr5\libgcc.a(_pack_sf.o)
 .debug_pubnames
                0x00000129       0x21 c:/winavr-20100110/bin/../lib/gcc/avr/4.3.3/avr5\libgcc.a(_unpack_sf.o)
 .debug_pubnames
                0x0000014a       0x26 c:/winavr-20100110/bin/../lib/gcc/avr/4.3.3/avr5\libgcc.a(_fpcmp_parts_sf.o)

.debug_info     0x00000000     0x1c49
 *(.debug_info)
 .debug_info    0x00000000       0xb1 c:/winavr-20100110/bin/../lib/gcc/avr/4.3.3/avr5\libgcc.a(_fixunssfsi.o)
 .debug_info    0x000000b1      0x47a c:/winavr-20100110/bin/../lib/gcc/avr/4.3.3/avr5\libgcc.a(_addsub_sf.o)
 .debug_info    0x0000052b      0x485 c:/winavr-20100110/bin/../lib/gcc/avr/4.3.3/avr5\libgcc.a(_mul_sf.o)
 .debug_info    0x000009b0      0x27f c:/winavr-20100110/bin/../lib/gcc/avr/4.3.3/avr5\libgcc.a(_gt_sf.o)
 .debug_info    0x00000c2f      0x27f c:/winavr-20100110/bin/../lib/gcc/avr/4.3.3/avr5\libgcc.a(_ge_sf.o)
 .debug_info    0x00000eae      0x27f c:/winavr-20100110/bin/../lib/gcc/avr/4.3.3/avr5\libgcc.a(_lt_sf.o)
 .debug_info    0x0000112d      0x2b0 c:/winavr-20100110/bin/../lib/gcc/avr/4.3.3/avr5\libgcc.a(_sf_to_si.o)
 .debug_info    0x000013dd      0x12c c:/winavr-20100110/bin/../lib/gcc/avr/4.3.3/avr5\libgcc.a(_thenan_sf.o)
 .debug_info    0x00001509      0x2df c:/winavr-20100110/bin/../lib/gcc/avr/4.3.3/avr5\libgcc.a(_pack_sf.o)
 .debug_info    0x000017e8      0x251 c:/winavr-20100110/bin/../lib/gcc/avr/4.3.3/avr5\libgcc.a(_unpack_sf.o)
 .debug_info    0x00001a39      0x210 c:/winavr-20100110/bin/../lib/gcc/avr/4.3.3/avr5\libgcc.a(_fpcmp_parts_sf.o)
 *(.gnu.linkonce.wi.*)

.debug_abbrev   0x00000000      0xeeb
 *(.debug_abbrev)
 .debug_abbrev  0x00000000       0x5d c:/winavr-20100110/bin/../lib/gcc/avr/4.3.3/avr5\libgcc.a(_fixunssfsi.o)
 .debug_abbrev  0x0000005d      0x1ea c:/winavr-20100110/bin/../lib/gcc/avr/4.3.3/avr5\libgcc.a(_addsub_sf.o)
 .debug_abbrev  0x00000247      0x21b c:/winavr-20100110/bin/../lib/gcc/avr/4.3.3/avr5\libgcc.a(_mul_sf.o)
 .debug_abbrev  0x00000462      0x15a c:/winavr-20100110/bin/../lib/gcc/avr/4.3.3/avr5\libgcc.a(_gt_sf.o)
 .debug_abbrev  0x000005bc      0x15a c:/winavr-20100110/bin/../lib/gcc/avr/4.3.3/avr5\libgcc.a(_ge_sf.o)
 .debug_abbrev  0x00000716      0x15a c:/winavr-20100110/bin/../lib/gcc/avr/4.3.3/avr5\libgcc.a(_lt_sf.o)
 .debug_abbrev  0x00000870      0x17f c:/winavr-20100110/bin/../lib/gcc/avr/4.3.3/avr5\libgcc.a(_sf_to_si.o)
 .debug_abbrev  0x000009ef       0xad c:/winavr-20100110/bin/../lib/gcc/avr/4.3.3/avr5\libgcc.a(_thenan_sf.o)
 .debug_abbrev  0x00000a9c      0x1c0 c:/winavr-20100110/bin/../lib/gcc/avr/4.3.3/avr5\libgcc.a(_pack_sf.o)
 .debug_abbrev  0x00000c5c      0x154 c:/winavr-20100110/bin/../lib/gcc/avr/4.3.3/avr5\libgcc.a(_unpack_sf.o)
 .debug_abbrev  0x00000db0      0x13b c:/winavr-20100110/bin/../lib/gcc/avr/4.3.3/avr5\libgcc.a(_fpcmp_parts_sf.o)

.debug_line     0x00000000      0xdad
 *(.debug_line)
 .debug_line    0x00000000       0xa7 c:/winavr-20100110/bin/../lib/gcc/avr/4.3.3/avr5\libgcc.a(_fixunssfsi.o)
 .debug_line    0x000000a7      0x2af c:/winavr-20100110/bin/../lib/gcc/avr/4.3.3/avr5\libgcc.a(_addsub_sf.o)
 .debug_line    0x00000356      0x239 c:/winavr-20100110/bin/../lib/gcc/avr/4.3.3/avr5\libgcc.a(_mul_sf.o)
 .debug_line    0x0000058f       0xd3 c:/winavr-20100110/bin/../lib/gcc/avr/4.3.3/avr5\libgcc.a(_gt_sf.o)
 .debug_line    0x00000662       0xd3 c:/winavr-20100110/bin/../lib/gcc/avr/4.3.3/avr5\libgcc.a(_ge_sf.o)
 .debug_line    0x00000735       0xd3 c:/winavr-20100110/bin/../lib/gcc/avr/4.3.3/avr5\libgcc.a(_lt_sf.o)
 .debug_line    0x00000808      0x109 c:/winavr-20100110/bin/../lib/gcc/avr/4.3.3/avr5\libgcc.a(_sf_to_si.o)
 .debug_line    0x00000911       0x90 c:/winavr-20100110/bin/../lib/gcc/avr/4.3.3/avr5\libgcc.a(_thenan_sf.o)
 .debug_line    0x000009a1      0x18a c:/winavr-20100110/bin/../lib/gcc/avr/4.3.3/avr5\libgcc.a(_pack_sf.o)
 .debug_line    0x00000b2b      0x14b c:/winavr-20100110/bin/../lib/gcc/avr/4.3.3/avr5\libgcc.a(_unpack_sf.o)
 .debug_line    0x00000c76      0x137 c:/winavr-20100110/bin/../lib/gcc/avr/4.3.3/avr5\libgcc.a(_fpcmp_parts_sf.o)

.debug_frame    0x00000000      0x160
 *(.debug_frame)
 .debug_frame   0x00000000       0x20 c:/winavr-20100110/bin/../lib/gcc/avr/4.3.3/avr5\libgcc.a(_fixunssfsi.o)
 .debug_frame   0x00000020       0x40 c:/winavr-20100110/bin/../lib/gcc/avr/4.3.3/avr5\libgcc.a(_addsub_sf.o)
 .debug_frame   0x00000060       0x20 c:/winavr-20100110/bin/../lib/gcc/avr/4.3.3/avr5\libgcc.a(_mul_sf.o)
 .debug_frame   0x00000080       0x20 c:/winavr-20100110/bin/../lib/gcc/avr/4.3.3/avr5\libgcc.a(_gt_sf.o)
 .debug_frame   0x000000a0       0x20 c:/winavr-20100110/bin/../lib/gcc/avr/4.3.3/avr5\libgcc.a(_ge_sf.o)
 .debug_frame   0x000000c0       0x20 c:/winavr-20100110/bin/../lib/gcc/avr/4.3.3/avr5\libgcc.a(_lt_sf.o)
 .debug_frame   0x000000e0       0x20 c:/winavr-20100110/bin/../lib/gcc/avr/4.3.3/avr5\libgcc.a(_sf_to_si.o)
 .debug_frame   0x00000100       0x20 c:/winavr-20100110/bin/../lib/gcc/avr/4.3.3/avr5\libgcc.a(_pack_sf.o)
 .debug_frame   0x00000120       0x20 c:/winavr-20100110/bin/../lib/gcc/avr/4.3.3/avr5\libgcc.a(_unpack_sf.o)
 .debug_frame   0x00000140       0x20 c:/winavr-20100110/bin/../lib/gcc/avr/4.3.3/avr5\libgcc.a(_fpcmp_parts_sf.o)

.debug_str      0x00000000      0x28d
 *(.debug_str)
 .debug_str     0x00000000       0xbf c:/winavr-20100110/bin/../lib/gcc/avr/4.3.3/avr5\libgcc.a(_fixunssfsi.o)
                                 0xfe (size before relaxing)
 .debug_str     0x000000bf      0x14d c:/winavr-20100110/bin/../lib/gcc/avr/4.3.3/avr5\libgcc.a(_addsub_sf.o)
                                0x206 (size before relaxing)
 .debug_str     0x0000020c       0x27 c:/winavr-20100110/bin/../lib/gcc/avr/4.3.3/avr5\libgcc.a(_mul_sf.o)
                                0x1bf (size before relaxing)
 .debug_str     0x00000233        0xf c:/winavr-20100110/bin/../lib/gcc/avr/4.3.3/avr5\libgcc.a(_gt_sf.o)
                                0x195 (size before relaxing)
 .debug_str     0x00000242        0x8 c:/winavr-20100110/bin/../lib/gcc/avr/4.3.3/avr5\libgcc.a(_ge_sf.o)
                                0x195 (size before relaxing)
 .debug_str     0x0000024a        0x8 c:/winavr-20100110/bin/../lib/gcc/avr/4.3.3/avr5\libgcc.a(_lt_sf.o)
                                0x195 (size before relaxing)
 .debug_str     0x00000252        0xa c:/winavr-20100110/bin/../lib/gcc/avr/4.3.3/avr5\libgcc.a(_sf_to_si.o)
                                0x19e (size before relaxing)
 .debug_str     0x00000000      0x103 c:/winavr-20100110/bin/../lib/gcc/avr/4.3.3/avr5\libgcc.a(_thenan_sf.o)
 .debug_str     0x0000025c       0x16 c:/winavr-20100110/bin/../lib/gcc/avr/4.3.3/avr5\libgcc.a(_pack_sf.o)
                                0x19d (size before relaxing)
 .debug_str     0x00000272        0xb c:/winavr-20100110/bin/../lib/gcc/avr/4.3.3/avr5\libgcc.a(_unpack_sf.o)
                                0x17f (size before relaxing)
 .debug_str     0x0000027d       0x10 c:/winavr-20100110/bin/../lib/gcc/avr/4.3.3/avr5\libgcc.a(_fpcmp_parts_sf.o)
                                0x163 (size before relaxing)

.debug_loc      0x00000000      0x7ce
 *(.debug_loc)
 .debug_loc     0x00000000       0x34 c:/winavr-20100110/bin/../lib/gcc/avr/4.3.3/avr5\libgcc.a(_fixunssfsi.o)
 .debug_loc     0x00000034      0x32a c:/winavr-20100110/bin/../lib/gcc/avr/4.3.3/avr5\libgcc.a(_addsub_sf.o)
 .debug_loc     0x0000035e      0x104 c:/winavr-20100110/bin/../lib/gcc/avr/4.3.3/avr5\libgcc.a(_mul_sf.o)
 .debug_loc     0x00000462       0x3c c:/winavr-20100110/bin/../lib/gcc/avr/4.3.3/avr5\libgcc.a(_gt_sf.o)
 .debug_loc     0x0000049e       0x3c c:/winavr-20100110/bin/../lib/gcc/avr/4.3.3/avr5\libgcc.a(_ge_sf.o)
 .debug_loc     0x000004da       0x3c c:/winavr-20100110/bin/../lib/gcc/avr/4.3.3/avr5\libgcc.a(_lt_sf.o)
 .debug_loc     0x00000516       0x7e c:/winavr-20100110/bin/../lib/gcc/avr/4.3.3/avr5\libgcc.a(_sf_to_si.o)
 .debug_loc     0x00000594      0x13e c:/winavr-20100110/bin/../lib/gcc/avr/4.3.3/avr5\libgcc.a(_pack_sf.o)
 .debug_loc     0x000006d2       0xac c:/winavr-20100110/bin/../lib/gcc/avr/4.3.3/avr5\libgcc.a(_unpack_sf.o)
 .debug_loc     0x0000077e       0x50 c:/winavr-20100110/bin/../lib/gcc/avr/4.3.3/avr5\libgcc.a(_fpcmp_parts_sf.o)

.debug_macinfo
 *(.debug_macinfo)
OUTPUT(RTOS_Mutual_Exclusion_2.elf elf32-avr)
LOAD linker stubs

.debug_ranges   0x00000000       0x50
 .debug_ranges  0x00000000       0x50 c:/winavr-20100110/bin/../lib/gcc/avr/4.3.3/avr5\libgcc.a(_mul_sf.o)
